[32mCurriculum stage: 0[39m
[32mCurriculum stage: 0[39m
[32mCurriculum stage: 0[39m
[32mCurriculum stage: 0[39m
[32mCurriculum stage: 0[39m
[32mCurriculum stage: 0[39m
[32mCurriculum stage: 0[39m
[32mCurriculum stage: 0[39m
[32mCurriculum stage: 0[39m
[32mCurriculum stage: 0[39m
[32mCurriculum stage: 0[39m
[32mCurriculum stage: 0[39m
[32mCurriculum stage: 0[39m
[32mCurriculum stage: 0[39m
[32mCurriculum stage: 0[39m
[32mCurriculum stage: 0[39m
Using seeds: [92000500, 92000501, 92000502, 92000503, 92000504, 92000505, 92000506, 92000507, 92000508, 92000509, 92000510, 92000511, 92000512, 92000513, 92000514, 92000515]
Environments loaded.
Number of assignments: 5
Observation shape: (80,)
Num LTLNet params: 7536
ExperimentConfig(name='v3_confirm_ppo_5m_seed_920005', env='PointLtl2-v0', num_steps=5000000, seed=920005, save_dir='experiments', log_interval=1, save_interval=1, eval_interval=200000, num_procs=16, device='cuda', ltl_sampler=None)
Num parameters: 51446
rμ: 0.02 | rσ: 0.33 | sμ: 970.28 | sσ: 96.67 | Pμ: 0.06 | Pσ: 0.24 | Vμ: 0.00 | Vσ: 0.00 | num_steps: 65536 | entropy: 1.08 | value: 0.08 | policy_loss: 0.00 | value_loss: 0.00 | grad_norm: 0.03 | arps: 0.00 | adr: 0.01 | sps: 167.99 | remaining: 8:09:33
Saved training status
rμ: 0.05 | rσ: 0.37 | sμ: 952.77 | sσ: 142.60 | Pμ: 0.09 | Pσ: 0.29 | Vμ: 0.00 | Vσ: 0.00 | num_steps: 131072 | entropy: 1.16 | value: 0.07 | policy_loss: 0.00 | value_loss: 0.00 | grad_norm: 0.03 | arps: 0.00 | adr: 0.03 | sps: 175.59 | remaining: 7:42:08
Saved training status
rμ: 0.10 | rσ: 0.34 | sμ: 958.26 | sσ: 135.69 | Pμ: 0.11 | Pσ: 0.32 | Vμ: 0.00 | Vσ: 0.00 | num_steps: 196608 | entropy: 1.26 | value: 0.07 | policy_loss: 0.00 | value_loss: 0.00 | grad_norm: 0.01 | arps: 0.00 | adr: 0.03 | sps: 155.34 | remaining: 8:35:21
Saved training status
rμ: -0.01 | rσ: 0.37 | sμ: 960.30 | sσ: 134.89 | Pμ: 0.06 | Pσ: 0.24 | Vμ: 0.00 | Vσ: 0.00 | num_steps: 262144 | entropy: 1.37 | value: 0.07 | policy_loss: 0.00 | value_loss: 0.00 | grad_norm: 0.02 | arps: 0.00 | adr: 0.00 | sps: 163.74 | remaining: 8:02:15
Saved training status
rμ: 0.03 | rσ: 0.17 | sμ: 989.11 | sσ: 61.84 | Pμ: 0.03 | Pσ: 0.17 | Vμ: 0.00 | Vσ: 0.00 | num_steps: 327680 | entropy: 1.51 | value: 0.06 | policy_loss: 0.00 | value_loss: 0.00 | grad_norm: 0.01 | arps: 0.00 | adr: 0.01 | sps: 170.95 | remaining: 7:35:31
Saved training status
rμ: -0.13 | rσ: 0.41 | sμ: 936.23 | sσ: 157.98 | Pμ: 0.03 | Pσ: 0.17 | Vμ: 0.00 | Vσ: 0.00 | num_steps: 393216 | entropy: 1.64 | value: 0.06 | policy_loss: 0.01 | value_loss: 0.00 | grad_norm: 0.02 | arps: -0.00 | adr: -0.04 | sps: 165.51 | remaining: 7:43:53
Saved training status
rμ: 0.10 | rσ: 0.31 | sμ: 947.67 | sσ: 157.63 | Pμ: 0.10 | Pσ: 0.31 | Vμ: 0.00 | Vσ: 0.00 | num_steps: 458752 | entropy: 1.67 | value: 0.07 | policy_loss: 0.00 | value_loss: 0.00 | grad_norm: 0.02 | arps: 0.00 | adr: 0.04 | sps: 152.12 | remaining: 8:17:32
Saved training status
rμ: 0.07 | rσ: 0.38 | sμ: 935.81 | sσ: 181.10 | Pμ: 0.11 | Pσ: 0.31 | Vμ: 0.00 | Vσ: 0.00 | num_steps: 524288 | entropy: 1.68 | value: 0.07 | policy_loss: 0.00 | value_loss: 0.00 | grad_norm: 0.02 | arps: 0.00 | adr: 0.04 | sps: 171.99 | remaining: 7:13:42
Saved training status
rμ: 0.11 | rσ: 0.48 | sμ: 895.60 | sσ: 222.30 | Pμ: 0.18 | Pσ: 0.38 | Vμ: 0.00 | Vσ: 0.00 | num_steps: 589824 | entropy: 1.69 | value: 0.07 | policy_loss: 0.00 | value_loss: 0.00 | grad_norm: 0.02 | arps: 0.00 | adr: 0.06 | sps: 181.63 | remaining: 6:44:41
Saved training status
rμ: 0.22 | rσ: 0.42 | sμ: 896.38 | sσ: 208.70 | Pμ: 0.22 | Pσ: 0.42 | Vμ: 0.00 | Vσ: 0.00 | num_steps: 655360 | entropy: 1.68 | value: 0.09 | policy_loss: 0.00 | value_loss: 0.00 | grad_norm: 0.02 | arps: 0.00 | adr: 0.08 | sps: 157.24 | remaining: 7:40:31
Saved training status
rμ: 0.16 | rσ: 0.37 | sμ: 942.84 | sσ: 155.51 | Pμ: 0.16 | Pσ: 0.37 | Vμ: 0.00 | Vσ: 0.00 | num_steps: 720896 | entropy: 1.69 | value: 0.09 | policy_loss: 0.00 | value_loss: 0.00 | grad_norm: 0.02 | arps: 0.00 | adr: 0.05 | sps: 183.16 | remaining: 6:29:22
Saved training status
rμ: 0.19 | rσ: 0.40 | sμ: 902.64 | sσ: 225.50 | Pμ: 0.19 | Pσ: 0.40 | Vμ: 0.00 | Vσ: 0.00 | num_steps: 786432 | entropy: 1.69 | value: 0.09 | policy_loss: 0.00 | value_loss: 0.00 | grad_norm: 0.02 | arps: 0.00 | adr: 0.08 | sps: 168.97 | remaining: 6:55:37
Saved training status
rμ: 0.20 | rσ: 0.40 | sμ: 873.55 | sσ: 275.09 | Pμ: 0.20 | Pσ: 0.40 | Vμ: 0.00 | Vσ: 0.00 | num_steps: 851968 | entropy: 1.69 | value: 0.08 | policy_loss: 0.00 | value_loss: 0.00 | grad_norm: 0.02 | arps: 0.00 | adr: 0.11 | sps: 150.36 | remaining: 7:39:47
Saved training status
rμ: 0.39 | rσ: 0.53 | sμ: 761.31 | sσ: 310.90 | Pμ: 0.42 | Pσ: 0.49 | Vμ: 0.00 | Vσ: 0.00 | num_steps: 917504 | entropy: 1.69 | value: 0.09 | policy_loss: -0.00 | value_loss: 0.00 | grad_norm: 0.03 | arps: 0.00 | adr: 0.18 | sps: 173.52 | remaining: 6:32:08
Saved training status
rμ: 0.35 | rσ: 0.48 | sμ: 821.11 | sσ: 296.41 | Pμ: 0.35 | Pσ: 0.48 | Vμ: 0.00 | Vσ: 0.00 | num_steps: 983040 | entropy: 1.69 | value: 0.10 | policy_loss: -0.00 | value_loss: 0.00 | grad_norm: 0.03 | arps: 0.00 | adr: 0.15 | sps: 173.55 | remaining: 6:25:46
Saved training status
rμ: 0.34 | rσ: 0.47 | sμ: 815.56 | sσ: 306.38 | Pμ: 0.34 | Pσ: 0.47 | Vμ: 0.00 | Vσ: 0.00 | num_steps: 1048576 | entropy: 1.69 | value: 0.10 | policy_loss: -0.00 | value_loss: 0.00 | grad_norm: 0.03 | arps: 0.00 | adr: 0.16 | sps: 160.41 | remaining: 6:50:33
Saved training status
rμ: 0.48 | rσ: 0.50 | sμ: 741.72 | sσ: 337.96 | Pμ: 0.48 | Pσ: 0.50 | Vμ: 0.00 | Vσ: 0.00 | num_steps: 1114112 | entropy: 1.69 | value: 0.10 | policy_loss: -0.01 | value_loss: 0.00 | grad_norm: 0.03 | arps: 0.00 | adr: 0.22 | sps: 162.55 | remaining: 6:38:25
Saved training status
rμ: 0.36 | rσ: 0.48 | sμ: 794.09 | sσ: 310.16 | Pμ: 0.36 | Pσ: 0.48 | Vμ: 0.00 | Vσ: 0.00 | num_steps: 1179648 | entropy: 1.69 | value: 0.10 | policy_loss: -0.00 | value_loss: 0.00 | grad_norm: 0.03 | arps: 0.00 | adr: 0.17 | sps: 172.29 | remaining: 6:09:34
Saved training status
rμ: 0.37 | rσ: 0.48 | sμ: 778.65 | sσ: 339.43 | Pμ: 0.37 | Pσ: 0.48 | Vμ: 0.00 | Vσ: 0.00 | num_steps: 1245184 | entropy: 1.69 | value: 0.10 | policy_loss: -0.00 | value_loss: 0.00 | grad_norm: 0.02 | arps: 0.00 | adr: 0.19 | sps: 170.04 | remaining: 6:08:02
Saved training status
rμ: 0.54 | rσ: 0.50 | sμ: 673.47 | sσ: 350.69 | Pμ: 0.54 | Pσ: 0.50 | Vμ: 0.00 | Vσ: 0.00 | num_steps: 1310720 | entropy: 1.69 | value: 0.13 | policy_loss: -0.01 | value_loss: 0.00 | grad_norm: 0.04 | arps: 0.00 | adr: 0.27 | sps: 150.05 | remaining: 6:49:46
Saved training status
rμ: 0.45 | rσ: 0.56 | sμ: 696.04 | sσ: 345.49 | Pμ: 0.48 | Pσ: 0.50 | Vμ: 0.00 | Vσ: 0.00 | num_steps: 1376256 | entropy: 1.69 | value: 0.13 | policy_loss: -0.00 | value_loss: 0.00 | grad_norm: 0.03 | arps: 0.00 | adr: 0.23 | sps: 171.72 | remaining: 5:51:42
Saved training status
rμ: 0.60 | rσ: 0.49 | sμ: 654.10 | sσ: 349.15 | Pμ: 0.60 | Pσ: 0.49 | Vμ: 0.00 | Vσ: 0.00 | num_steps: 1441792 | entropy: 1.69 | value: 0.16 | policy_loss: -0.01 | value_loss: 0.00 | grad_norm: 0.04 | arps: 0.00 | adr: 0.29 | sps: 171.10 | remaining: 5:46:35
Saved training status
rμ: 0.59 | rσ: 0.49 | sμ: 644.26 | sσ: 358.45 | Pμ: 0.59 | Pσ: 0.49 | Vμ: 0.00 | Vσ: 0.00 | num_steps: 1507328 | entropy: 1.68 | value: 0.17 | policy_loss: -0.01 | value_loss: 0.00 | grad_norm: 0.04 | arps: 0.00 | adr: 0.30 | sps: 153.42 | remaining: 6:19:25
Saved training status
rμ: 0.63 | rσ: 0.48 | sμ: 595.26 | sσ: 362.99 | Pμ: 0.63 | Pσ: 0.48 | Vμ: 0.00 | Vσ: 0.00 | num_steps: 1572864 | entropy: 1.68 | value: 0.20 | policy_loss: -0.01 | value_loss: 0.00 | grad_norm: 0.04 | arps: 0.00 | adr: 0.34 | sps: 169.00 | remaining: 5:37:59
Saved training status
rμ: 0.68 | rσ: 0.47 | sμ: 587.65 | sσ: 338.15 | Pμ: 0.68 | Pσ: 0.47 | Vμ: 0.00 | Vσ: 0.00 | num_steps: 1638400 | entropy: 1.68 | value: 0.20 | policy_loss: -0.01 | value_loss: 0.00 | grad_norm: 0.04 | arps: 0.00 | adr: 0.34 | sps: 174.07 | remaining: 5:21:51
Saved training status
rμ: 0.67 | rσ: 0.47 | sμ: 580.06 | sσ: 344.83 | Pμ: 0.67 | Pσ: 0.47 | Vμ: 0.00 | Vσ: 0.00 | num_steps: 1703936 | entropy: 1.68 | value: 0.23 | policy_loss: -0.01 | value_loss: 0.00 | grad_norm: 0.03 | arps: 0.00 | adr: 0.35 | sps: 159.24 | remaining: 5:44:58
Saved training status
rμ: 0.77 | rσ: 0.42 | sμ: 492.59 | sσ: 342.44 | Pμ: 0.77 | Pσ: 0.42 | Vμ: 0.00 | Vσ: 0.00 | num_steps: 1769472 | entropy: 1.68 | value: 0.27 | policy_loss: -0.01 | value_loss: 0.00 | grad_norm: 0.04 | arps: 0.00 | adr: 0.43 | sps: 174.04 | remaining: 5:09:22
Saved training status
rμ: 0.83 | rσ: 0.39 | sμ: 442.25 | sσ: 304.70 | Pμ: 0.84 | Pσ: 0.37 | Vμ: 0.00 | Vσ: 0.00 | num_steps: 1835008 | entropy: 1.68 | value: 0.29 | policy_loss: -0.02 | value_loss: 0.00 | grad_norm: 0.04 | arps: 0.00 | adr: 0.46 | sps: 157.96 | remaining: 5:33:56
Saved training status
rμ: 0.82 | rσ: 0.42 | sμ: 466.80 | sσ: 320.28 | Pμ: 0.84 | Pσ: 0.37 | Vμ: 0.00 | Vσ: 0.00 | num_steps: 1900544 | entropy: 1.67 | value: 0.30 | policy_loss: -0.01 | value_loss: 0.00 | grad_norm: 0.05 | arps: 0.00 | adr: 0.44 | sps: 152.85 | remaining: 5:37:57
Saved training status
rμ: 0.88 | rσ: 0.32 | sμ: 382.51 | sσ: 295.67 | Pμ: 0.88 | Pσ: 0.32 | Vμ: 0.00 | Vσ: 0.00 | num_steps: 1966080 | entropy: 1.66 | value: 0.36 | policy_loss: -0.02 | value_loss: 0.00 | grad_norm: 0.04 | arps: 0.00 | adr: 0.52 | sps: 170.21 | remaining: 4:57:04
Saved training status
rμ: 0.85 | rσ: 0.36 | sμ: 395.28 | sσ: 307.83 | Pμ: 0.85 | Pσ: 0.36 | Vμ: 0.00 | Vσ: 0.00 | num_steps: 2031616 | entropy: 1.67 | value: 0.37 | policy_loss: -0.01 | value_loss: 0.00 | grad_norm: 0.04 | arps: 0.00 | adr: 0.51 | sps: 173.24 | remaining: 4:45:34
Saved training status
rμ: 0.88 | rσ: 0.32 | sμ: 341.47 | sσ: 294.64 | Pμ: 0.88 | Pσ: 0.32 | Vμ: 0.00 | Vσ: 0.00 | num_steps: 2097152 | entropy: 1.66 | value: 0.44 | policy_loss: -0.01 | value_loss: 0.00 | grad_norm: 0.04 | arps: 0.01 | adr: 0.56 | sps: 170.93 | remaining: 4:43:02
Saved training status
rμ: 0.90 | rσ: 0.31 | sμ: 320.69 | sσ: 276.13 | Pμ: 0.91 | Pσ: 0.29 | Vμ: 0.00 | Vσ: 0.00 | num_steps: 2162688 | entropy: 1.66 | value: 0.45 | policy_loss: -0.02 | value_loss: 0.00 | grad_norm: 0.04 | arps: 0.01 | adr: 0.58 | sps: 240.30 | remaining: 3:16:47
Saved training status
rμ: 0.91 | rσ: 0.29 | sμ: 321.76 | sσ: 263.87 | Pμ: 0.91 | Pσ: 0.29 | Vμ: 0.00 | Vσ: 0.00 | num_steps: 2228224 | entropy: 1.66 | value: 0.44 | policy_loss: -0.02 | value_loss: 0.00 | grad_norm: 0.04 | arps: 0.01 | adr: 0.57 | sps: 189.87 | remaining: 4:03:18
Saved training status
================================================================================
Stage 0 completed.
================================================================================
rμ: 0.92 | rσ: 0.27 | sμ: 300.31 | sσ: 261.08 | Pμ: 0.92 | Pσ: 0.27 | Vμ: 0.00 | Vσ: 0.00 | num_steps: 2293760 | entropy: 1.66 | value: 0.48 | policy_loss: -0.01 | value_loss: 0.00 | grad_norm: 0.05 | arps: 0.01 | adr: 0.60 | sps: 240.17 | remaining: 3:07:47
Saved training status
rμ: 0.88 | rσ: 0.32 | sμ: 497.41 | sσ: 263.81 | Pμ: 0.88 | Pσ: 0.32 | Vμ: 0.00 | Vσ: 0.00 | num_steps: 2359296 | entropy: 1.66 | value: 0.54 | policy_loss: 0.01 | value_loss: 0.01 | grad_norm: 0.08 | arps: 0.00 | adr: 0.40 | sps: 169.05 | remaining: 4:20:20
Saved training status
rμ: 0.89 | rσ: 0.31 | sμ: 531.72 | sσ: 243.80 | Pμ: 0.89 | Pσ: 0.31 | Vμ: 0.00 | Vσ: 0.00 | num_steps: 2424832 | entropy: 1.67 | value: 0.55 | policy_loss: 0.01 | value_loss: 0.00 | grad_norm: 0.05 | arps: 0.00 | adr: 0.37 | sps: 163.63 | remaining: 4:22:18
Saved training status
rμ: 0.84 | rσ: 0.37 | sμ: 544.80 | sσ: 256.73 | Pμ: 0.84 | Pσ: 0.37 | Vμ: 0.00 | Vσ: 0.00 | num_steps: 2490368 | entropy: 1.67 | value: 0.51 | policy_loss: 0.01 | value_loss: 0.00 | grad_norm: 0.05 | arps: 0.00 | adr: 0.36 | sps: 152.27 | remaining: 4:34:41
Saved training status
rμ: 0.89 | rσ: 0.31 | sμ: 515.14 | sσ: 245.30 | Pμ: 0.89 | Pσ: 0.31 | Vμ: 0.00 | Vσ: 0.00 | num_steps: 2555904 | entropy: 1.68 | value: 0.52 | policy_loss: 0.00 | value_loss: 0.00 | grad_norm: 0.05 | arps: 0.00 | adr: 0.38 | sps: 144.10 | remaining: 4:42:41
Saved training status
rμ: 0.91 | rσ: 0.31 | sμ: 468.41 | sσ: 240.97 | Pμ: 0.92 | Pσ: 0.27 | Vμ: 0.00 | Vσ: 0.00 | num_steps: 2621440 | entropy: 1.68 | value: 0.57 | policy_loss: 0.00 | value_loss: 0.00 | grad_norm: 0.04 | arps: 0.00 | adr: 0.42 | sps: 156.52 | remaining: 4:13:16
Saved training status
================================================================================
Stage 1 completed.
================================================================================
rμ: 0.93 | rσ: 0.31 | sμ: 454.92 | sσ: 193.70 | Pμ: 0.94 | Pσ: 0.23 | Vμ: 0.00 | Vσ: 0.00 | num_steps: 2686976 | entropy: 1.67 | value: 0.57 | policy_loss: 0.00 | value_loss: 0.00 | grad_norm: 0.04 | arps: 0.00 | adr: 0.41 | sps: 155.11 | remaining: 4:08:31
Saved training status
rμ: 0.66 | rσ: 0.75 | sμ: 212.54 | sσ: 146.27 | Pμ: 0.83 | Pσ: 0.38 | Vμ: 0.17 | Vσ: 0.37 | num_steps: 2752512 | entropy: 1.67 | value: 0.67 | policy_loss: 0.02 | value_loss: 0.02 | grad_norm: 0.08 | arps: 0.00 | adr: 0.44 | sps: 171.13 | remaining: 3:38:53
Saved training status
rμ: 0.69 | rσ: 0.72 | sμ: 191.28 | sσ: 138.03 | Pμ: 0.84 | Pσ: 0.37 | Vμ: 0.15 | Vσ: 0.36 | num_steps: 2818048 | entropy: 1.68 | value: 0.66 | policy_loss: 0.02 | value_loss: 0.01 | grad_norm: 0.07 | arps: 0.00 | adr: 0.48 | sps: 242.63 | remaining: 2:29:52
Saved training status
rμ: 0.72 | rσ: 0.69 | sμ: 190.45 | sσ: 117.93 | Pμ: 0.86 | Pσ: 0.35 | Vμ: 0.14 | Vσ: 0.34 | num_steps: 2883584 | entropy: 1.68 | value: 0.67 | policy_loss: 0.01 | value_loss: 0.01 | grad_norm: 0.07 | arps: 0.00 | adr: 0.50 | sps: 186.96 | remaining: 3:08:40
Saved training status
rμ: 0.78 | rσ: 0.63 | sμ: 185.67 | sσ: 118.16 | Pμ: 0.89 | Pσ: 0.32 | Vμ: 0.11 | Vσ: 0.31 | num_steps: 2949120 | entropy: 1.68 | value: 0.67 | policy_loss: 0.01 | value_loss: 0.01 | grad_norm: 0.07 | arps: 0.01 | adr: 0.54 | sps: 240.97 | remaining: 2:21:50
Saved training status
rμ: 0.77 | rσ: 0.63 | sμ: 193.68 | sσ: 139.40 | Pμ: 0.88 | Pσ: 0.32 | Vμ: 0.11 | Vσ: 0.31 | num_steps: 3014656 | entropy: 1.68 | value: 0.64 | policy_loss: 0.01 | value_loss: 0.01 | grad_norm: 0.06 | arps: 0.01 | adr: 0.54 | sps: 190.05 | remaining: 2:54:06
Saved training status
rμ: 0.79 | rσ: 0.60 | sμ: 205.67 | sσ: 149.94 | Pμ: 0.89 | Pσ: 0.31 | Vμ: 0.10 | Vσ: 0.29 | num_steps: 3080192 | entropy: 1.68 | value: 0.62 | policy_loss: 0.00 | value_loss: 0.01 | grad_norm: 0.06 | arps: 0.01 | adr: 0.55 | sps: 241.41 | remaining: 2:12:32
Saved training status
rμ: 0.82 | rσ: 0.56 | sμ: 196.13 | sσ: 148.94 | Pμ: 0.90 | Pσ: 0.30 | Vμ: 0.08 | Vσ: 0.27 | num_steps: 3145728 | entropy: 1.68 | value: 0.65 | policy_loss: -0.00 | value_loss: 0.01 | grad_norm: 0.06 | arps: 0.01 | adr: 0.58 | sps: 185.25 | remaining: 2:46:49
Saved training status
rμ: 0.88 | rσ: 0.47 | sμ: 205.18 | sσ: 151.38 | Pμ: 0.93 | Pσ: 0.25 | Vμ: 0.06 | Vσ: 0.23 | num_steps: 3211264 | entropy: 1.68 | value: 0.67 | policy_loss: -0.00 | value_loss: 0.00 | grad_norm: 0.05 | arps: 0.01 | adr: 0.61 | sps: 240.29 | remaining: 2:04:04
Saved training status
rμ: 0.83 | rσ: 0.55 | sμ: 208.72 | sσ: 152.69 | Pμ: 0.91 | Pσ: 0.29 | Vμ: 0.07 | Vσ: 0.26 | num_steps: 3276800 | entropy: 1.68 | value: 0.66 | policy_loss: 0.00 | value_loss: 0.01 | grad_norm: 0.05 | arps: 0.01 | adr: 0.57 | sps: 184.61 | remaining: 2:35:34
Saved training status
rμ: 0.84 | rσ: 0.53 | sμ: 197.89 | sσ: 156.14 | Pμ: 0.91 | Pσ: 0.29 | Vμ: 0.07 | Vσ: 0.26 | num_steps: 3342336 | entropy: 1.68 | value: 0.69 | policy_loss: 0.00 | value_loss: 0.01 | grad_norm: 0.06 | arps: 0.01 | adr: 0.59 | sps: 234.72 | remaining: 1:57:42
Saved training status
rμ: 0.81 | rσ: 0.59 | sμ: 184.96 | sσ: 115.52 | Pμ: 0.90 | Pσ: 0.30 | Vμ: 0.09 | Vσ: 0.29 | num_steps: 3407872 | entropy: 1.69 | value: 0.68 | policy_loss: 0.00 | value_loss: 0.01 | grad_norm: 0.06 | arps: 0.01 | adr: 0.57 | sps: 185.40 | remaining: 2:23:07
Saved training status
rμ: 0.82 | rσ: 0.56 | sμ: 180.82 | sσ: 130.55 | Pμ: 0.91 | Pσ: 0.29 | Vμ: 0.08 | Vσ: 0.27 | num_steps: 3473408 | entropy: 1.68 | value: 0.71 | policy_loss: 0.00 | value_loss: 0.01 | grad_norm: 0.06 | arps: 0.01 | adr: 0.59 | sps: 238.44 | remaining: 1:46:42
Saved training status
rμ: 0.83 | rσ: 0.54 | sμ: 203.06 | sσ: 161.91 | Pμ: 0.91 | Pσ: 0.29 | Vμ: 0.07 | Vσ: 0.26 | num_steps: 3538944 | entropy: 1.69 | value: 0.68 | policy_loss: 0.00 | value_loss: 0.01 | grad_norm: 0.06 | arps: 0.01 | adr: 0.58 | sps: 137.98 | remaining: 2:56:28
Saved training status
rμ: 0.86 | rσ: 0.49 | sμ: 204.49 | sσ: 153.20 | Pμ: 0.93 | Pσ: 0.26 | Vμ: 0.05 | Vσ: 0.22 | num_steps: 3604480 | entropy: 1.68 | value: 0.70 | policy_loss: 0.00 | value_loss: 0.00 | grad_norm: 0.05 | arps: 0.01 | adr: 0.60 | sps: 163.00 | remaining: 2:22:41
Saved training status
rμ: 0.88 | rσ: 0.48 | sμ: 187.59 | sσ: 124.89 | Pμ: 0.94 | Pσ: 0.24 | Vμ: 0.06 | Vσ: 0.24 | num_steps: 3670016 | entropy: 1.68 | value: 0.72 | policy_loss: 0.00 | value_loss: 0.01 | grad_norm: 0.05 | arps: 0.01 | adr: 0.62 | sps: 141.23 | remaining: 2:36:57
Saved training status
rμ: 0.90 | rσ: 0.42 | sμ: 188.10 | sσ: 135.58 | Pμ: 0.95 | Pσ: 0.23 | Vμ: 0.04 | Vσ: 0.20 | num_steps: 3735552 | entropy: 1.68 | value: 0.74 | policy_loss: 0.00 | value_loss: 0.00 | grad_norm: 0.04 | arps: 0.01 | adr: 0.64 | sps: 148.12 | remaining: 2:22:16
Saved training status
rμ: 0.88 | rσ: 0.46 | sμ: 179.58 | sσ: 133.90 | Pμ: 0.94 | Pσ: 0.24 | Vμ: 0.05 | Vσ: 0.23 | num_steps: 3801088 | entropy: 1.68 | value: 0.74 | policy_loss: 0.00 | value_loss: 0.01 | grad_norm: 0.06 | arps: 0.01 | adr: 0.64 | sps: 154.59 | remaining: 2:09:15
Saved training status
================================================================================
Stage 2 completed.
================================================================================
rμ: 0.93 | rσ: 0.35 | sμ: 189.85 | sσ: 139.71 | Pμ: 0.96 | Pσ: 0.20 | Vμ: 0.03 | Vσ: 0.17 | num_steps: 3866624 | entropy: 1.68 | value: 0.73 | policy_loss: -0.00 | value_loss: 0.00 | grad_norm: 0.04 | arps: 0.01 | adr: 0.66 | sps: 132.15 | remaining: 2:22:56
Saved training status
rμ: 0.81 | rσ: 0.56 | sμ: 385.46 | sσ: 180.61 | Pμ: 0.90 | Pσ: 0.30 | Vμ: 0.08 | Vσ: 0.27 | num_steps: 3932160 | entropy: 1.69 | value: 0.69 | policy_loss: 0.02 | value_loss: 0.00 | grad_norm: 0.05 | arps: 0.00 | adr: 0.39 | sps: 141.76 | remaining: 2:05:32
Saved training status
rμ: 0.75 | rσ: 0.63 | sμ: 399.86 | sσ: 195.92 | Pμ: 0.86 | Pσ: 0.35 | Vμ: 0.10 | Vσ: 0.30 | num_steps: 3997696 | entropy: 1.69 | value: 0.65 | policy_loss: 0.02 | value_loss: 0.01 | grad_norm: 0.06 | arps: 0.00 | adr: 0.36 | sps: 127.16 | remaining: 2:11:22
Saved training status
rμ: 0.77 | rσ: 0.62 | sμ: 386.41 | sσ: 189.08 | Pμ: 0.87 | Pσ: 0.33 | Vμ: 0.10 | Vσ: 0.30 | num_steps: 4063232 | entropy: 1.69 | value: 0.66 | policy_loss: 0.01 | value_loss: 0.01 | grad_norm: 0.05 | arps: 0.00 | adr: 0.36 | sps: 137.24 | remaining: 1:53:45
Saved training status
rμ: 0.88 | rσ: 0.43 | sμ: 382.00 | sσ: 182.81 | Pμ: 0.92 | Pσ: 0.27 | Vμ: 0.04 | Vσ: 0.20 | num_steps: 4128768 | entropy: 1.69 | value: 0.67 | policy_loss: 0.01 | value_loss: 0.00 | grad_norm: 0.04 | arps: 0.00 | adr: 0.44 | sps: 134.69 | remaining: 1:47:48
Saved training status
rμ: 0.82 | rσ: 0.56 | sμ: 377.79 | sσ: 177.86 | Pμ: 0.91 | Pσ: 0.29 | Vμ: 0.09 | Vσ: 0.28 | num_steps: 4194304 | entropy: 1.69 | value: 0.65 | policy_loss: 0.01 | value_loss: 0.00 | grad_norm: 0.04 | arps: 0.00 | adr: 0.39 | sps: 122.01 | remaining: 1:50:03
Saved training status
rμ: 0.78 | rσ: 0.62 | sμ: 371.65 | sσ: 149.98 | Pμ: 0.89 | Pσ: 0.32 | Vμ: 0.09 | Vσ: 0.29 | num_steps: 4259840 | entropy: 1.69 | value: 0.65 | policy_loss: 0.01 | value_loss: 0.01 | grad_norm: 0.05 | arps: 0.00 | adr: 0.37 | sps: 140.88 | remaining: 1:27:34
Saved training status
rμ: 0.73 | rσ: 0.67 | sμ: 352.27 | sσ: 154.52 | Pμ: 0.86 | Pσ: 0.35 | Vμ: 0.12 | Vσ: 0.32 | num_steps: 4325376 | entropy: 1.69 | value: 0.64 | policy_loss: 0.01 | value_loss: 0.01 | grad_norm: 0.05 | arps: 0.00 | adr: 0.36 | sps: 123.89 | remaining: 1:30:45
Saved training status
rμ: 0.83 | rσ: 0.51 | sμ: 397.12 | sσ: 198.69 | Pμ: 0.89 | Pσ: 0.32 | Vμ: 0.06 | Vσ: 0.24 | num_steps: 4390912 | entropy: 1.69 | value: 0.63 | policy_loss: 0.01 | value_loss: 0.00 | grad_norm: 0.04 | arps: 0.00 | adr: 0.40 | sps: 140.16 | remaining: 1:12:25
Saved training status
rμ: 0.75 | rσ: 0.63 | sμ: 381.87 | sσ: 204.24 | Pμ: 0.85 | Pσ: 0.36 | Vμ: 0.10 | Vσ: 0.29 | num_steps: 4456448 | entropy: 1.69 | value: 0.62 | policy_loss: 0.01 | value_loss: 0.00 | grad_norm: 0.04 | arps: 0.00 | adr: 0.37 | sps: 173.02 | remaining: 0:52:21
Saved training status
rμ: 0.79 | rσ: 0.56 | sμ: 425.14 | sσ: 225.96 | Pμ: 0.86 | Pσ: 0.35 | Vμ: 0.07 | Vσ: 0.26 | num_steps: 4521984 | entropy: 1.69 | value: 0.61 | policy_loss: 0.01 | value_loss: 0.00 | grad_norm: 0.04 | arps: 0.00 | adr: 0.37 | sps: 179.83 | remaining: 0:44:18
Saved training status
================================================================================
Stage 3 completed.
================================================================================
rμ: 0.83 | rσ: 0.54 | sμ: 371.15 | sσ: 168.28 | Pμ: 0.91 | Pσ: 0.29 | Vμ: 0.07 | Vσ: 0.25 | num_steps: 4587520 | entropy: 1.69 | value: 0.63 | policy_loss: 0.00 | value_loss: 0.00 | grad_norm: 0.04 | arps: 0.00 | adr: 0.40 | sps: 228.02 | remaining: 0:30:08
Saved training status
rμ: 0.64 | rσ: 0.63 | sμ: 403.61 | sσ: 335.83 | Pμ: 0.72 | Pσ: 0.45 | Vμ: 0.08 | Vσ: 0.27 | num_steps: 4653056 | entropy: 1.69 | value: 0.32 | policy_loss: 0.00 | value_loss: 0.01 | grad_norm: 0.07 | arps: 0.00 | adr: 0.41 | sps: 174.60 | remaining: 0:33:07
Saved training status
rμ: 0.60 | rσ: 0.65 | sμ: 416.90 | sσ: 347.91 | Pμ: 0.70 | Pσ: 0.46 | Vμ: 0.09 | Vσ: 0.29 | num_steps: 4718592 | entropy: 1.69 | value: 0.33 | policy_loss: 0.00 | value_loss: 0.01 | grad_norm: 0.05 | arps: 0.00 | adr: 0.41 | sps: 203.68 | remaining: 0:23:01
Saved training status
rμ: 0.73 | rσ: 0.55 | sμ: 371.03 | sσ: 321.32 | Pμ: 0.78 | Pσ: 0.41 | Vμ: 0.05 | Vσ: 0.22 | num_steps: 4784128 | entropy: 1.69 | value: 0.38 | policy_loss: -0.00 | value_loss: 0.00 | grad_norm: 0.05 | arps: 0.00 | adr: 0.47 | sps: 183.45 | remaining: 0:19:36
Saved training status
rμ: 0.73 | rσ: 0.54 | sμ: 344.71 | sσ: 321.59 | Pμ: 0.78 | Pσ: 0.42 | Vμ: 0.05 | Vσ: 0.21 | num_steps: 4849664 | entropy: 1.69 | value: 0.36 | policy_loss: -0.01 | value_loss: 0.00 | grad_norm: 0.05 | arps: 0.00 | adr: 0.50 | sps: 172.35 | remaining: 0:14:32
Saved training status
rμ: 0.70 | rσ: 0.57 | sμ: 362.17 | sσ: 321.88 | Pμ: 0.76 | Pσ: 0.43 | Vμ: 0.06 | Vσ: 0.24 | num_steps: 4915200 | entropy: 1.69 | value: 0.35 | policy_loss: -0.00 | value_loss: 0.00 | grad_norm: 0.04 | arps: 0.00 | adr: 0.47 | sps: 219.47 | remaining: 0:06:26
Saved training status
================================================================================
Stage 4 completed.
================================================================================
rμ: 0.77 | rσ: 0.56 | sμ: 298.51 | sσ: 282.00 | Pμ: 0.83 | Pσ: 0.37 | Vμ: 0.07 | Vσ: 0.25 | num_steps: 4980736 | entropy: 1.68 | value: 0.42 | policy_loss: -0.00 | value_loss: 0.01 | grad_norm: 0.04 | arps: 0.00 | adr: 0.51 | sps: 176.16 | remaining: 0:01:49
Saved training status
rμ: 0.65 | rσ: 0.65 | sμ: 399.39 | sσ: 298.08 | Pμ: 0.75 | Pσ: 0.43 | Vμ: 0.10 | Vσ: 0.30 | num_steps: 5046272 | entropy: 1.69 | value: 0.46 | policy_loss: 0.01 | value_loss: 0.01 | grad_norm: 0.04 | arps: 0.00 | adr: 0.38 | sps: 171.89 | remaining: 0:00:00
Saved training status
Training took 8:20:21.
