[32mCurriculum stage: 0[39m
[32mCurriculum stage: 0[39m
[32mCurriculum stage: 0[39m
[32mCurriculum stage: 0[39m
[32mCurriculum stage: 0[39m
[32mCurriculum stage: 0[39m
[32mCurriculum stage: 0[39m
[32mCurriculum stage: 0[39m
[32mCurriculum stage: 0[39m
[32mCurriculum stage: 0[39m
[32mCurriculum stage: 0[39m
[32mCurriculum stage: 0[39m
[32mCurriculum stage: 0[39m
[32mCurriculum stage: 0[39m
[32mCurriculum stage: 0[39m
[32mCurriculum stage: 0[39m
Using seeds: [92000300, 92000301, 92000302, 92000303, 92000304, 92000305, 92000306, 92000307, 92000308, 92000309, 92000310, 92000311, 92000312, 92000313, 92000314, 92000315]
Environments loaded.
Number of assignments: 5
Observation shape: (80,)
Num LTLNet params: 7536
ExperimentConfig(name='v3_confirm_ppo_5m_seed_920003', env='PointLtl2-v0', num_steps=5000000, seed=920003, save_dir='experiments', log_interval=1, save_interval=1, eval_interval=200000, num_procs=16, device='cuda', ltl_sampler=None)
Num parameters: 51446
rμ: 0.06 | rσ: 0.35 | sμ: 960.00 | sσ: 129.43 | Pμ: 0.09 | Pσ: 0.29 | Vμ: 0.00 | Vσ: 0.00 | num_steps: 65536 | entropy: 1.07 | value: 0.09 | policy_loss: 0.00 | value_loss: 0.00 | grad_norm: 0.04 | arps: 0.00 | adr: 0.02 | sps: 276.15 | remaining: 4:57:48
Saved training status
rμ: 0.10 | rσ: 0.31 | sμ: 947.42 | sσ: 162.23 | Pμ: 0.10 | Pσ: 0.31 | Vμ: 0.00 | Vσ: 0.00 | num_steps: 131072 | entropy: 1.15 | value: 0.09 | policy_loss: 0.00 | value_loss: 0.00 | grad_norm: 0.01 | arps: 0.00 | adr: 0.04 | sps: 276.76 | remaining: 4:53:12
Saved training status
rμ: 0.03 | rσ: 0.17 | sμ: 993.45 | sσ: 36.57 | Pμ: 0.03 | Pσ: 0.17 | Vμ: 0.00 | Vσ: 0.00 | num_steps: 196608 | entropy: 1.26 | value: 0.08 | policy_loss: 0.00 | value_loss: 0.00 | grad_norm: 0.01 | arps: 0.00 | adr: 0.01 | sps: 277.13 | remaining: 4:48:52
Saved training status
rμ: 0.10 | rσ: 0.30 | sμ: 941.71 | sσ: 178.31 | Pμ: 0.10 | Pσ: 0.30 | Vμ: 0.00 | Vσ: 0.00 | num_steps: 262144 | entropy: 1.36 | value: 0.09 | policy_loss: 0.00 | value_loss: 0.00 | grad_norm: 0.02 | arps: 0.00 | adr: 0.04 | sps: 276.09 | remaining: 4:46:00
Saved training status
rμ: 0.01 | rσ: 0.21 | sμ: 983.43 | sσ: 89.48 | Pμ: 0.03 | Pσ: 0.17 | Vμ: 0.00 | Vσ: 0.00 | num_steps: 327680 | entropy: 1.49 | value: 0.09 | policy_loss: 0.00 | value_loss: 0.00 | grad_norm: 0.01 | arps: 0.00 | adr: 0.01 | sps: 276.22 | remaining: 4:41:55
Saved training status
rμ: 0.09 | rσ: 0.28 | sμ: 957.38 | sσ: 147.58 | Pμ: 0.09 | Pσ: 0.28 | Vμ: 0.00 | Vσ: 0.00 | num_steps: 393216 | entropy: 1.60 | value: 0.09 | policy_loss: 0.00 | value_loss: 0.00 | grad_norm: 0.02 | arps: 0.00 | adr: 0.03 | sps: 276.27 | remaining: 4:37:54
Saved training status
rμ: -0.07 | rσ: 0.42 | sμ: 929.51 | sσ: 169.82 | Pμ: 0.06 | Pσ: 0.23 | Vμ: 0.00 | Vσ: 0.00 | num_steps: 458752 | entropy: 1.67 | value: 0.09 | policy_loss: 0.01 | value_loss: 0.00 | grad_norm: 0.02 | arps: -0.00 | adr: -0.01 | sps: 277.01 | remaining: 4:33:13
Saved training status
rμ: 0.07 | rσ: 0.36 | sμ: 932.34 | sσ: 193.33 | Pμ: 0.10 | Pσ: 0.31 | Vμ: 0.00 | Vσ: 0.00 | num_steps: 524288 | entropy: 1.69 | value: 0.09 | policy_loss: 0.00 | value_loss: 0.00 | grad_norm: 0.02 | arps: 0.00 | adr: 0.05 | sps: 276.36 | remaining: 4:29:55
Saved training status
rμ: 0.09 | rσ: 0.28 | sμ: 960.13 | sσ: 143.47 | Pμ: 0.09 | Pσ: 0.28 | Vμ: 0.00 | Vσ: 0.00 | num_steps: 589824 | entropy: 1.69 | value: 0.09 | policy_loss: 0.00 | value_loss: 0.00 | grad_norm: 0.02 | arps: 0.00 | adr: 0.03 | sps: 275.07 | remaining: 4:27:12
Saved training status
rμ: 0.14 | rσ: 0.35 | sμ: 930.41 | sσ: 203.83 | Pμ: 0.14 | Pσ: 0.35 | Vμ: 0.00 | Vσ: 0.00 | num_steps: 655360 | entropy: 1.69 | value: 0.10 | policy_loss: 0.00 | value_loss: 0.00 | grad_norm: 0.02 | arps: 0.00 | adr: 0.06 | sps: 277.20 | remaining: 4:21:13
Saved training status
rμ: 0.07 | rσ: 0.40 | sμ: 943.01 | sσ: 153.84 | Pμ: 0.12 | Pσ: 0.32 | Vμ: 0.00 | Vσ: 0.00 | num_steps: 720896 | entropy: 1.69 | value: 0.09 | policy_loss: 0.00 | value_loss: 0.00 | grad_norm: 0.02 | arps: 0.00 | adr: 0.02 | sps: 275.77 | remaining: 4:18:37
Saved training status
rμ: 0.15 | rσ: 0.39 | sμ: 894.36 | sσ: 252.30 | Pμ: 0.16 | Pσ: 0.37 | Vμ: 0.00 | Vσ: 0.00 | num_steps: 786432 | entropy: 1.69 | value: 0.09 | policy_loss: 0.00 | value_loss: 0.00 | grad_norm: 0.02 | arps: 0.00 | adr: 0.08 | sps: 275.84 | remaining: 4:14:35
Saved training status
rμ: 0.24 | rσ: 0.43 | sμ: 855.37 | sσ: 294.72 | Pμ: 0.24 | Pσ: 0.43 | Vμ: 0.00 | Vσ: 0.00 | num_steps: 851968 | entropy: 1.69 | value: 0.10 | policy_loss: 0.00 | value_loss: 0.00 | grad_norm: 0.03 | arps: 0.00 | adr: 0.12 | sps: 275.17 | remaining: 4:11:14
Saved training status
rμ: 0.20 | rσ: 0.43 | sμ: 865.21 | sσ: 276.25 | Pμ: 0.21 | Pσ: 0.41 | Vμ: 0.00 | Vσ: 0.00 | num_steps: 917504 | entropy: 1.69 | value: 0.10 | policy_loss: 0.00 | value_loss: 0.00 | grad_norm: 0.02 | arps: 0.00 | adr: 0.10 | sps: 276.72 | remaining: 4:05:53
Saved training status
rμ: 0.20 | rσ: 0.40 | sμ: 871.12 | sσ: 271.57 | Pμ: 0.20 | Pσ: 0.40 | Vμ: 0.00 | Vσ: 0.00 | num_steps: 983040 | entropy: 1.69 | value: 0.10 | policy_loss: 0.00 | value_loss: 0.00 | grad_norm: 0.02 | arps: 0.00 | adr: 0.10 | sps: 275.53 | remaining: 4:02:58
Saved training status
rμ: 0.24 | rσ: 0.46 | sμ: 868.28 | sσ: 255.14 | Pμ: 0.25 | Pσ: 0.43 | Vμ: 0.00 | Vσ: 0.00 | num_steps: 1048576 | entropy: 1.69 | value: 0.09 | policy_loss: -0.00 | value_loss: 0.00 | grad_norm: 0.03 | arps: 0.00 | adr: 0.10 | sps: 276.37 | remaining: 3:58:17
Saved training status
rμ: 0.18 | rσ: 0.39 | sμ: 886.26 | sσ: 254.94 | Pμ: 0.18 | Pσ: 0.39 | Vμ: 0.00 | Vσ: 0.00 | num_steps: 1114112 | entropy: 1.69 | value: 0.10 | policy_loss: 0.00 | value_loss: 0.00 | grad_norm: 0.03 | arps: 0.00 | adr: 0.09 | sps: 276.24 | remaining: 3:54:27
Saved training status
rμ: 0.34 | rσ: 0.47 | sμ: 785.72 | sσ: 336.80 | Pμ: 0.34 | Pσ: 0.47 | Vμ: 0.00 | Vσ: 0.00 | num_steps: 1179648 | entropy: 1.69 | value: 0.10 | policy_loss: -0.00 | value_loss: 0.00 | grad_norm: 0.03 | arps: 0.00 | adr: 0.18 | sps: 276.84 | remaining: 3:49:59
Saved training status
rμ: 0.25 | rσ: 0.43 | sμ: 862.20 | sσ: 273.60 | Pμ: 0.25 | Pσ: 0.43 | Vμ: 0.00 | Vσ: 0.00 | num_steps: 1245184 | entropy: 1.69 | value: 0.09 | policy_loss: 0.00 | value_loss: 0.00 | grad_norm: 0.02 | arps: 0.00 | adr: 0.12 | sps: 275.73 | remaining: 3:46:57
Saved training status
rμ: 0.28 | rσ: 0.45 | sμ: 803.35 | sσ: 335.32 | Pμ: 0.28 | Pσ: 0.45 | Vμ: 0.00 | Vσ: 0.00 | num_steps: 1310720 | entropy: 1.69 | value: 0.09 | policy_loss: -0.00 | value_loss: 0.00 | grad_norm: 0.03 | arps: 0.00 | adr: 0.17 | sps: 276.37 | remaining: 3:42:29
Saved training status
rμ: 0.36 | rσ: 0.48 | sμ: 789.07 | sσ: 317.55 | Pμ: 0.36 | Pσ: 0.48 | Vμ: 0.00 | Vσ: 0.00 | num_steps: 1376256 | entropy: 1.69 | value: 0.11 | policy_loss: -0.00 | value_loss: 0.00 | grad_norm: 0.03 | arps: 0.00 | adr: 0.17 | sps: 276.49 | remaining: 3:38:26
Saved training status
rμ: 0.40 | rσ: 0.49 | sμ: 744.50 | sσ: 352.30 | Pμ: 0.40 | Pσ: 0.49 | Vμ: 0.00 | Vσ: 0.00 | num_steps: 1441792 | entropy: 1.69 | value: 0.12 | policy_loss: -0.00 | value_loss: 0.00 | grad_norm: 0.03 | arps: 0.00 | adr: 0.22 | sps: 276.68 | remaining: 3:34:20
Saved training status
rμ: 0.36 | rσ: 0.51 | sμ: 787.45 | sσ: 307.94 | Pμ: 0.38 | Pσ: 0.48 | Vμ: 0.00 | Vσ: 0.00 | num_steps: 1507328 | entropy: 1.69 | value: 0.13 | policy_loss: -0.00 | value_loss: 0.00 | grad_norm: 0.03 | arps: 0.00 | adr: 0.17 | sps: 275.34 | remaining: 3:31:24
Saved training status
rμ: 0.45 | rσ: 0.50 | sμ: 703.93 | sσ: 363.69 | Pμ: 0.45 | Pσ: 0.50 | Vμ: 0.00 | Vσ: 0.00 | num_steps: 1572864 | entropy: 1.69 | value: 0.16 | policy_loss: -0.00 | value_loss: 0.00 | grad_norm: 0.03 | arps: 0.00 | adr: 0.25 | sps: 275.22 | remaining: 3:27:32
Saved training status
rμ: 0.48 | rσ: 0.50 | sμ: 685.11 | sσ: 364.77 | Pμ: 0.48 | Pσ: 0.50 | Vμ: 0.00 | Vσ: 0.00 | num_steps: 1638400 | entropy: 1.69 | value: 0.15 | policy_loss: -0.00 | value_loss: 0.00 | grad_norm: 0.04 | arps: 0.00 | adr: 0.26 | sps: 276.50 | remaining: 3:22:37
Saved training status
rμ: 0.51 | rσ: 0.50 | sμ: 648.54 | sσ: 371.97 | Pμ: 0.51 | Pσ: 0.50 | Vμ: 0.00 | Vσ: 0.00 | num_steps: 1703936 | entropy: 1.69 | value: 0.16 | policy_loss: -0.01 | value_loss: 0.00 | grad_norm: 0.04 | arps: 0.00 | adr: 0.29 | sps: 275.02 | remaining: 3:19:44
Saved training status
rμ: 0.46 | rσ: 0.50 | sμ: 684.36 | sσ: 368.20 | Pμ: 0.46 | Pσ: 0.50 | Vμ: 0.00 | Vσ: 0.00 | num_steps: 1769472 | entropy: 1.69 | value: 0.16 | policy_loss: -0.00 | value_loss: 0.00 | grad_norm: 0.03 | arps: 0.00 | adr: 0.26 | sps: 275.96 | remaining: 3:15:06
Saved training status
rμ: 0.55 | rσ: 0.50 | sμ: 652.50 | sσ: 361.03 | Pμ: 0.55 | Pσ: 0.50 | Vμ: 0.00 | Vσ: 0.00 | num_steps: 1835008 | entropy: 1.69 | value: 0.16 | policy_loss: -0.01 | value_loss: 0.00 | grad_norm: 0.05 | arps: 0.00 | adr: 0.29 | sps: 275.12 | remaining: 3:11:43
Saved training status
rμ: 0.59 | rσ: 0.51 | sμ: 615.88 | sσ: 367.53 | Pμ: 0.60 | Pσ: 0.49 | Vμ: 0.00 | Vσ: 0.00 | num_steps: 1900544 | entropy: 1.69 | value: 0.19 | policy_loss: -0.01 | value_loss: 0.00 | grad_norm: 0.05 | arps: 0.00 | adr: 0.32 | sps: 275.80 | remaining: 3:07:18
Saved training status
rμ: 0.60 | rσ: 0.51 | sμ: 599.13 | sσ: 372.62 | Pμ: 0.61 | Pσ: 0.49 | Vμ: 0.00 | Vσ: 0.00 | num_steps: 1966080 | entropy: 1.69 | value: 0.20 | policy_loss: -0.00 | value_loss: 0.00 | grad_norm: 0.05 | arps: 0.00 | adr: 0.34 | sps: 274.19 | remaining: 3:04:25
Saved training status
rμ: 0.64 | rσ: 0.48 | sμ: 583.72 | sσ: 365.20 | Pμ: 0.64 | Pσ: 0.48 | Vμ: 0.00 | Vσ: 0.00 | num_steps: 2031616 | entropy: 1.69 | value: 0.21 | policy_loss: -0.01 | value_loss: 0.00 | grad_norm: 0.04 | arps: 0.00 | adr: 0.35 | sps: 272.24 | remaining: 3:01:43
Saved training status
rμ: 0.52 | rσ: 0.54 | sμ: 652.79 | sσ: 359.06 | Pμ: 0.54 | Pσ: 0.50 | Vμ: 0.00 | Vσ: 0.00 | num_steps: 2097152 | entropy: 1.69 | value: 0.19 | policy_loss: -0.00 | value_loss: 0.00 | grad_norm: 0.04 | arps: 0.00 | adr: 0.27 | sps: 275.39 | remaining: 2:55:40
Saved training status
rμ: 0.61 | rσ: 0.55 | sμ: 538.52 | sσ: 353.24 | Pμ: 0.65 | Pσ: 0.48 | Vμ: 0.00 | Vσ: 0.00 | num_steps: 2162688 | entropy: 1.69 | value: 0.24 | policy_loss: -0.00 | value_loss: 0.00 | grad_norm: 0.05 | arps: 0.00 | adr: 0.35 | sps: 269.17 | remaining: 2:55:40
Saved training status
rμ: 0.62 | rσ: 0.50 | sμ: 572.92 | sσ: 369.36 | Pμ: 0.63 | Pσ: 0.48 | Vμ: 0.00 | Vσ: 0.00 | num_steps: 2228224 | entropy: 1.69 | value: 0.22 | policy_loss: -0.00 | value_loss: 0.00 | grad_norm: 0.04 | arps: 0.00 | adr: 0.35 | sps: 269.91 | remaining: 2:51:09
Saved training status
rμ: 0.76 | rσ: 0.44 | sμ: 459.06 | sσ: 341.24 | Pμ: 0.77 | Pσ: 0.42 | Vμ: 0.00 | Vσ: 0.00 | num_steps: 2293760 | entropy: 1.69 | value: 0.27 | policy_loss: -0.01 | value_loss: 0.00 | grad_norm: 0.04 | arps: 0.00 | adr: 0.45 | sps: 275.83 | remaining: 2:43:31
Saved training status
rμ: 0.82 | rσ: 0.39 | sμ: 404.49 | sσ: 331.09 | Pμ: 0.82 | Pσ: 0.39 | Vμ: 0.00 | Vσ: 0.00 | num_steps: 2359296 | entropy: 1.69 | value: 0.31 | policy_loss: -0.01 | value_loss: 0.00 | grad_norm: 0.04 | arps: 0.00 | adr: 0.51 | sps: 276.10 | remaining: 2:39:24
Saved training status
rμ: 0.84 | rσ: 0.36 | sμ: 377.72 | sσ: 316.71 | Pμ: 0.84 | Pσ: 0.36 | Vμ: 0.00 | Vσ: 0.00 | num_steps: 2424832 | entropy: 1.69 | value: 0.34 | policy_loss: -0.02 | value_loss: 0.00 | grad_norm: 0.05 | arps: 0.00 | adr: 0.53 | sps: 275.79 | remaining: 2:35:37
Saved training status
rμ: 0.85 | rσ: 0.36 | sμ: 372.08 | sσ: 306.14 | Pμ: 0.85 | Pσ: 0.36 | Vμ: 0.00 | Vσ: 0.00 | num_steps: 2490368 | entropy: 1.69 | value: 0.37 | policy_loss: -0.01 | value_loss: 0.00 | grad_norm: 0.04 | arps: 0.00 | adr: 0.53 | sps: 273.04 | remaining: 2:33:11
Saved training status
rμ: 0.87 | rσ: 0.34 | sμ: 380.26 | sσ: 310.91 | Pμ: 0.87 | Pσ: 0.34 | Vμ: 0.00 | Vσ: 0.00 | num_steps: 2555904 | entropy: 1.69 | value: 0.36 | policy_loss: -0.01 | value_loss: 0.00 | grad_norm: 0.04 | arps: 0.00 | adr: 0.53 | sps: 274.93 | remaining: 2:28:09
Saved training status
================================================================================
Stage 0 completed.
================================================================================
rμ: 0.93 | rσ: 0.25 | sμ: 306.83 | sσ: 259.30 | Pμ: 0.93 | Pσ: 0.25 | Vμ: 0.00 | Vσ: 0.00 | num_steps: 2621440 | entropy: 1.69 | value: 0.47 | policy_loss: -0.02 | value_loss: 0.00 | grad_norm: 0.05 | arps: 0.01 | adr: 0.59 | sps: 275.90 | remaining: 2:23:41
Saved training status
rμ: 0.81 | rσ: 0.39 | sμ: 584.42 | sσ: 273.52 | Pμ: 0.81 | Pσ: 0.39 | Vμ: 0.00 | Vσ: 0.00 | num_steps: 2686976 | entropy: 1.68 | value: 0.48 | policy_loss: 0.01 | value_loss: 0.00 | grad_norm: 0.06 | arps: 0.00 | adr: 0.33 | sps: 258.99 | remaining: 2:28:50
Saved training status
rμ: 0.76 | rσ: 0.45 | sμ: 596.94 | sσ: 273.55 | Pμ: 0.77 | Pσ: 0.42 | Vμ: 0.00 | Vσ: 0.00 | num_steps: 2752512 | entropy: 1.69 | value: 0.46 | policy_loss: 0.01 | value_loss: 0.00 | grad_norm: 0.05 | arps: 0.00 | adr: 0.31 | sps: 257.27 | remaining: 2:25:36
Saved training status
rμ: 0.79 | rσ: 0.41 | sμ: 605.86 | sσ: 275.24 | Pμ: 0.79 | Pσ: 0.41 | Vμ: 0.00 | Vσ: 0.00 | num_steps: 2818048 | entropy: 1.69 | value: 0.46 | policy_loss: 0.01 | value_loss: 0.00 | grad_norm: 0.05 | arps: 0.00 | adr: 0.31 | sps: 258.18 | remaining: 2:20:51
Saved training status
rμ: 0.84 | rσ: 0.37 | sμ: 557.36 | sσ: 262.38 | Pμ: 0.84 | Pσ: 0.37 | Vμ: 0.00 | Vσ: 0.00 | num_steps: 2883584 | entropy: 1.69 | value: 0.48 | policy_loss: 0.01 | value_loss: 0.00 | grad_norm: 0.04 | arps: 0.00 | adr: 0.35 | sps: 258.00 | remaining: 2:16:43
Saved training status
rμ: 0.81 | rσ: 0.39 | sμ: 580.66 | sσ: 275.47 | Pμ: 0.81 | Pσ: 0.39 | Vμ: 0.00 | Vσ: 0.00 | num_steps: 2949120 | entropy: 1.69 | value: 0.49 | policy_loss: 0.01 | value_loss: 0.00 | grad_norm: 0.05 | arps: 0.00 | adr: 0.33 | sps: 256.46 | remaining: 2:13:16
Saved training status
rμ: 0.75 | rσ: 0.43 | sμ: 584.55 | sσ: 290.87 | Pμ: 0.75 | Pσ: 0.43 | Vμ: 0.00 | Vσ: 0.00 | num_steps: 3014656 | entropy: 1.69 | value: 0.48 | policy_loss: 0.01 | value_loss: 0.00 | grad_norm: 0.04 | arps: 0.00 | adr: 0.33 | sps: 256.69 | remaining: 2:08:54
Saved training status
rμ: 0.89 | rσ: 0.34 | sμ: 503.81 | sσ: 242.88 | Pμ: 0.89 | Pσ: 0.31 | Vμ: 0.00 | Vσ: 0.00 | num_steps: 3080192 | entropy: 1.69 | value: 0.52 | policy_loss: 0.00 | value_loss: 0.00 | grad_norm: 0.04 | arps: 0.00 | adr: 0.39 | sps: 258.18 | remaining: 2:03:55
Saved training status
rμ: 0.89 | rσ: 0.31 | sμ: 525.76 | sσ: 253.88 | Pμ: 0.89 | Pσ: 0.31 | Vμ: 0.00 | Vσ: 0.00 | num_steps: 3145728 | entropy: 1.69 | value: 0.50 | policy_loss: 0.00 | value_loss: 0.00 | grad_norm: 0.03 | arps: 0.00 | adr: 0.38 | sps: 258.65 | remaining: 1:59:29
Saved training status
rμ: 0.93 | rσ: 0.26 | sμ: 473.70 | sσ: 220.55 | Pμ: 0.93 | Pσ: 0.26 | Vμ: 0.00 | Vσ: 0.00 | num_steps: 3211264 | entropy: 1.68 | value: 0.53 | policy_loss: -0.00 | value_loss: 0.00 | grad_norm: 0.03 | arps: 0.00 | adr: 0.41 | sps: 257.64 | remaining: 1:55:42
Saved training status
rμ: 0.93 | rσ: 0.26 | sμ: 476.65 | sσ: 212.72 | Pμ: 0.93 | Pσ: 0.26 | Vμ: 0.00 | Vσ: 0.00 | num_steps: 3276800 | entropy: 1.69 | value: 0.54 | policy_loss: -0.00 | value_loss: 0.00 | grad_norm: 0.03 | arps: 0.00 | adr: 0.41 | sps: 257.51 | remaining: 1:51:31
Saved training status
rμ: 0.91 | rσ: 0.33 | sμ: 466.49 | sσ: 210.81 | Pμ: 0.92 | Pσ: 0.26 | Vμ: 0.00 | Vσ: 0.00 | num_steps: 3342336 | entropy: 1.68 | value: 0.56 | policy_loss: -0.00 | value_loss: 0.00 | grad_norm: 0.04 | arps: 0.00 | adr: 0.40 | sps: 259.00 | remaining: 1:46:40
Saved training status
rμ: 0.93 | rσ: 0.29 | sμ: 464.42 | sσ: 216.98 | Pμ: 0.93 | Pσ: 0.25 | Vμ: 0.00 | Vσ: 0.00 | num_steps: 3407872 | entropy: 1.68 | value: 0.57 | policy_loss: 0.00 | value_loss: 0.00 | grad_norm: 0.03 | arps: 0.00 | adr: 0.41 | sps: 257.33 | remaining: 1:43:07
Saved training status
================================================================================
Stage 1 completed.
================================================================================
rμ: 0.95 | rσ: 0.21 | sμ: 500.64 | sσ: 211.33 | Pμ: 0.95 | Pσ: 0.21 | Vμ: 0.00 | Vσ: 0.00 | num_steps: 3473408 | entropy: 1.68 | value: 0.55 | policy_loss: -0.00 | value_loss: 0.00 | grad_norm: 0.03 | arps: 0.00 | adr: 0.39 | sps: 256.92 | remaining: 1:39:01
Saved training status
rμ: 0.79 | rσ: 0.60 | sμ: 209.75 | sσ: 161.10 | Pμ: 0.88 | Pσ: 0.32 | Vμ: 0.10 | Vσ: 0.30 | num_steps: 3538944 | entropy: 1.68 | value: 0.68 | policy_loss: 0.01 | value_loss: 0.01 | grad_norm: 0.06 | arps: 0.01 | adr: 0.54 | sps: 273.17 | remaining: 1:29:08
Saved training status
rμ: 0.74 | rσ: 0.66 | sμ: 195.47 | sσ: 133.26 | Pμ: 0.87 | Pσ: 0.34 | Vμ: 0.12 | Vσ: 0.33 | num_steps: 3604480 | entropy: 1.68 | value: 0.68 | policy_loss: 0.01 | value_loss: 0.01 | grad_norm: 0.06 | arps: 0.00 | adr: 0.51 | sps: 275.65 | remaining: 1:24:22
Saved training status
rμ: 0.80 | rσ: 0.60 | sμ: 185.07 | sσ: 109.05 | Pμ: 0.90 | Pσ: 0.30 | Vμ: 0.10 | Vσ: 0.30 | num_steps: 3670016 | entropy: 1.68 | value: 0.68 | policy_loss: 0.00 | value_loss: 0.01 | grad_norm: 0.06 | arps: 0.01 | adr: 0.56 | sps: 273.76 | remaining: 1:20:58
Saved training status
rμ: 0.84 | rσ: 0.54 | sμ: 177.52 | sσ: 106.44 | Pμ: 0.92 | Pσ: 0.27 | Vμ: 0.07 | Vσ: 0.26 | num_steps: 3735552 | entropy: 1.68 | value: 0.70 | policy_loss: -0.00 | value_loss: 0.01 | grad_norm: 0.05 | arps: 0.01 | adr: 0.60 | sps: 274.23 | remaining: 1:16:50
Saved training status
rμ: 0.78 | rσ: 0.62 | sμ: 171.31 | sσ: 107.07 | Pμ: 0.89 | Pσ: 0.31 | Vμ: 0.11 | Vσ: 0.31 | num_steps: 3801088 | entropy: 1.69 | value: 0.69 | policy_loss: 0.01 | value_loss: 0.01 | grad_norm: 0.06 | arps: 0.01 | adr: 0.56 | sps: 273.93 | remaining: 1:12:56
Saved training status
rμ: 0.84 | rσ: 0.54 | sμ: 186.71 | sσ: 118.16 | Pμ: 0.92 | Pσ: 0.28 | Vμ: 0.08 | Vσ: 0.27 | num_steps: 3866624 | entropy: 1.69 | value: 0.71 | policy_loss: 0.00 | value_loss: 0.01 | grad_norm: 0.06 | arps: 0.01 | adr: 0.59 | sps: 275.06 | remaining: 1:08:40
Saved training status
rμ: 0.80 | rσ: 0.59 | sμ: 187.94 | sσ: 116.02 | Pμ: 0.90 | Pσ: 0.30 | Vμ: 0.09 | Vσ: 0.29 | num_steps: 3932160 | entropy: 1.69 | value: 0.71 | policy_loss: 0.01 | value_loss: 0.01 | grad_norm: 0.08 | arps: 0.01 | adr: 0.56 | sps: 274.48 | remaining: 1:04:50
Saved training status
rμ: 0.77 | rσ: 0.64 | sμ: 173.29 | sσ: 108.58 | Pμ: 0.88 | Pσ: 0.32 | Vμ: 0.11 | Vσ: 0.32 | num_steps: 3997696 | entropy: 1.69 | value: 0.70 | policy_loss: 0.01 | value_loss: 0.01 | grad_norm: 0.07 | arps: 0.01 | adr: 0.56 | sps: 274.51 | remaining: 1:00:51
Saved training status
rμ: 0.80 | rσ: 0.60 | sμ: 177.37 | sσ: 106.97 | Pμ: 0.90 | Pσ: 0.30 | Vμ: 0.10 | Vσ: 0.30 | num_steps: 4063232 | entropy: 1.69 | value: 0.70 | policy_loss: 0.00 | value_loss: 0.01 | grad_norm: 0.07 | arps: 0.01 | adr: 0.57 | sps: 274.67 | remaining: 0:56:50
Saved training status
rμ: 0.85 | rσ: 0.53 | sμ: 181.15 | sσ: 120.00 | Pμ: 0.92 | Pσ: 0.27 | Vμ: 0.07 | Vσ: 0.25 | num_steps: 4128768 | entropy: 1.69 | value: 0.72 | policy_loss: 0.00 | value_loss: 0.01 | grad_norm: 0.06 | arps: 0.01 | adr: 0.60 | sps: 274.86 | remaining: 0:52:49
Saved training status
rμ: 0.81 | rσ: 0.58 | sμ: 164.61 | sσ: 95.87 | Pμ: 0.90 | Pσ: 0.29 | Vμ: 0.09 | Vσ: 0.29 | num_steps: 4194304 | entropy: 1.69 | value: 0.72 | policy_loss: 0.00 | value_loss: 0.01 | grad_norm: 0.07 | arps: 0.01 | adr: 0.59 | sps: 272.92 | remaining: 0:49:12
Saved training status
rμ: 0.85 | rσ: 0.51 | sμ: 171.36 | sσ: 105.03 | Pμ: 0.92 | Pσ: 0.26 | Vμ: 0.07 | Vσ: 0.26 | num_steps: 4259840 | entropy: 1.69 | value: 0.73 | policy_loss: -0.00 | value_loss: 0.01 | grad_norm: 0.06 | arps: 0.01 | adr: 0.61 | sps: 274.67 | remaining: 0:44:54
Saved training status
rμ: 0.89 | rσ: 0.46 | sμ: 173.72 | sσ: 106.73 | Pμ: 0.94 | Pσ: 0.23 | Vμ: 0.05 | Vσ: 0.22 | num_steps: 4325376 | entropy: 1.69 | value: 0.73 | policy_loss: -0.00 | value_loss: 0.01 | grad_norm: 0.05 | arps: 0.01 | adr: 0.63 | sps: 275.06 | remaining: 0:40:52
Saved training status
rμ: 0.85 | rσ: 0.52 | sμ: 172.60 | sσ: 106.29 | Pμ: 0.93 | Pσ: 0.26 | Vμ: 0.07 | Vσ: 0.25 | num_steps: 4390912 | entropy: 1.69 | value: 0.72 | policy_loss: 0.00 | value_loss: 0.01 | grad_norm: 0.06 | arps: 0.01 | adr: 0.62 | sps: 274.28 | remaining: 0:37:00
Saved training status
rμ: 0.90 | rσ: 0.44 | sμ: 178.72 | sσ: 106.32 | Pμ: 0.95 | Pσ: 0.22 | Vμ: 0.05 | Vσ: 0.21 | num_steps: 4456448 | entropy: 1.69 | value: 0.74 | policy_loss: -0.00 | value_loss: 0.01 | grad_norm: 0.05 | arps: 0.01 | adr: 0.65 | sps: 274.59 | remaining: 0:32:59
Saved training status
================================================================================
Stage 2 completed.
================================================================================
rμ: 0.90 | rσ: 0.43 | sμ: 175.94 | sσ: 109.39 | Pμ: 0.95 | Pσ: 0.22 | Vμ: 0.05 | Vσ: 0.21 | num_steps: 4521984 | entropy: 1.69 | value: 0.74 | policy_loss: -0.00 | value_loss: 0.00 | grad_norm: 0.05 | arps: 0.01 | adr: 0.65 | sps: 273.45 | remaining: 0:29:08
Saved training status
rμ: 0.83 | rσ: 0.54 | sμ: 371.70 | sσ: 185.92 | Pμ: 0.91 | Pσ: 0.28 | Vμ: 0.07 | Vσ: 0.26 | num_steps: 4587520 | entropy: 1.69 | value: 0.63 | policy_loss: 0.01 | value_loss: 0.00 | grad_norm: 0.05 | arps: 0.00 | adr: 0.41 | sps: 259.65 | remaining: 0:26:28
Saved training status
rμ: 0.80 | rσ: 0.56 | sμ: 405.47 | sσ: 197.58 | Pμ: 0.88 | Pσ: 0.33 | Vμ: 0.07 | Vσ: 0.25 | num_steps: 4653056 | entropy: 1.69 | value: 0.60 | policy_loss: 0.01 | value_loss: 0.00 | grad_norm: 0.05 | arps: 0.00 | adr: 0.39 | sps: 258.41 | remaining: 0:22:22
Saved training status
rμ: 0.67 | rσ: 0.71 | sμ: 396.40 | sσ: 193.00 | Pμ: 0.82 | Pσ: 0.38 | Vμ: 0.13 | Vσ: 0.33 | num_steps: 4718592 | entropy: 1.69 | value: 0.62 | policy_loss: 0.01 | value_loss: 0.01 | grad_norm: 0.06 | arps: 0.00 | adr: 0.29 | sps: 258.10 | remaining: 0:18:10
Saved training status
rμ: 0.70 | rσ: 0.70 | sμ: 368.92 | sσ: 192.21 | Pμ: 0.83 | Pσ: 0.37 | Vμ: 0.13 | Vσ: 0.33 | num_steps: 4784128 | entropy: 1.69 | value: 0.61 | policy_loss: 0.01 | value_loss: 0.01 | grad_norm: 0.05 | arps: 0.00 | adr: 0.33 | sps: 258.15 | remaining: 0:13:56
Saved training status
rμ: 0.67 | rσ: 0.73 | sμ: 366.64 | sσ: 178.24 | Pμ: 0.83 | Pσ: 0.38 | Vμ: 0.13 | Vσ: 0.34 | num_steps: 4849664 | entropy: 1.69 | value: 0.61 | policy_loss: 0.01 | value_loss: 0.01 | grad_norm: 0.05 | arps: 0.00 | adr: 0.31 | sps: 258.73 | remaining: 0:09:41
Saved training status
rμ: 0.75 | rσ: 0.64 | sμ: 373.13 | sσ: 184.03 | Pμ: 0.86 | Pσ: 0.35 | Vμ: 0.10 | Vσ: 0.30 | num_steps: 4915200 | entropy: 1.69 | value: 0.61 | policy_loss: 0.01 | value_loss: 0.00 | grad_norm: 0.04 | arps: 0.00 | adr: 0.35 | sps: 257.60 | remaining: 0:05:29
Saved training status
rμ: 0.74 | rσ: 0.66 | sμ: 372.65 | sσ: 176.77 | Pμ: 0.86 | Pσ: 0.35 | Vμ: 0.07 | Vσ: 0.25 | num_steps: 4980736 | entropy: 1.69 | value: 0.61 | policy_loss: 0.01 | value_loss: 0.00 | grad_norm: 0.04 | arps: 0.00 | adr: 0.36 | sps: 258.30 | remaining: 0:01:14
Saved training status
rμ: 0.69 | rσ: 0.70 | sμ: 385.94 | sσ: 205.20 | Pμ: 0.83 | Pσ: 0.38 | Vμ: 0.10 | Vσ: 0.30 | num_steps: 5046272 | entropy: 1.69 | value: 0.59 | policy_loss: 0.01 | value_loss: 0.01 | grad_norm: 0.05 | arps: 0.00 | adr: 0.32 | sps: 256.64 | remaining: 0:00:00
Saved training status
Training took 5:11:48.
