[32mCurriculum stage: 0[39m
[32mCurriculum stage: 0[39m
[32mCurriculum stage: 0[39m
[32mCurriculum stage: 0[39m
[32mCurriculum stage: 0[39m
[32mCurriculum stage: 0[39m
[32mCurriculum stage: 0[39m
[32mCurriculum stage: 0[39m
[32mCurriculum stage: 0[39m
[32mCurriculum stage: 0[39m
[32mCurriculum stage: 0[39m
[32mCurriculum stage: 0[39m
[32mCurriculum stage: 0[39m
[32mCurriculum stage: 0[39m
[32mCurriculum stage: 0[39m
[32mCurriculum stage: 0[39m
Using seeds: [96000400, 96000401, 96000402, 96000403, 96000404, 96000405, 96000406, 96000407, 96000408, 96000409, 96000410, 96000411, 96000412, 96000413, 96000414, 96000415]
Environments loaded.
Number of assignments: 13
Observation shape: (2,)
Num LTLNet params: 7664
ExperimentConfig(name='v3_confirm_ppo_5m_flatworld_seed_960004', env='FlatWorld-v0', num_steps=5000000, seed=960004, save_dir='experiments', log_interval=1, save_interval=2, eval_interval=200000, num_procs=16, device='cuda', ltl_sampler=None)
Num parameters: 27451
rμ: -0.72 | rσ: 0.59 | sμ: 155.81 | sσ: 174.90 | Pμ: 0.07 | Pσ: 0.26 | Vμ: 0.08 | Vσ: 0.27 | num_steps: 65536 | entropy: 2.18 | value: -0.03 | policy_loss: 0.05 | value_loss: 0.02 | grad_norm: 0.02 | arps: -0.07 | adr: -0.32 | sps: 106.71 | remaining: 12:50:40
rμ: -0.15 | rσ: 0.70 | sμ: 317.96 | sσ: 207.98 | Pμ: 0.18 | Pσ: 0.38 | Vμ: 0.20 | Vσ: 0.40 | num_steps: 131072 | entropy: 2.17 | value: -0.00 | policy_loss: 0.00 | value_loss: 0.01 | grad_norm: 0.01 | arps: -0.03 | adr: -0.09 | sps: 112.53 | remaining: 12:01:08
Saved training status
rμ: 0.04 | rσ: 0.74 | sμ: 305.40 | sσ: 204.35 | Pμ: 0.29 | Pσ: 0.46 | Vμ: 0.18 | Vσ: 0.39 | num_steps: 196608 | entropy: 2.16 | value: 0.00 | policy_loss: -0.01 | value_loss: 0.01 | grad_norm: 0.01 | arps: -0.02 | adr: -0.06 | sps: 111.08 | remaining: 12:00:42
rμ: 0.09 | rσ: 0.75 | sμ: 306.10 | sσ: 197.45 | Pμ: 0.33 | Pσ: 0.47 | Vμ: 0.18 | Vσ: 0.39 | num_steps: 262144 | entropy: 2.16 | value: 0.02 | policy_loss: -0.00 | value_loss: 0.01 | grad_norm: 0.02 | arps: -0.02 | adr: -0.03 | sps: 110.16 | remaining: 11:56:47
Saved training status
rμ: 0.35 | rσ: 0.70 | sμ: 260.73 | sσ: 207.67 | Pμ: 0.49 | Pσ: 0.50 | Vμ: 0.09 | Vσ: 0.29 | num_steps: 327680 | entropy: 2.14 | value: 0.03 | policy_loss: -0.02 | value_loss: 0.01 | grad_norm: 0.02 | arps: -0.01 | adr: 0.06 | sps: 108.23 | remaining: 11:59:29
rμ: 0.32 | rσ: 0.74 | sμ: 236.92 | sσ: 207.75 | Pμ: 0.49 | Pσ: 0.50 | Vμ: 0.12 | Vσ: 0.32 | num_steps: 393216 | entropy: 2.13 | value: 0.04 | policy_loss: -0.01 | value_loss: 0.01 | grad_norm: 0.02 | arps: -0.00 | adr: 0.05 | sps: 110.13 | remaining: 11:37:11
Saved training status
rμ: 0.29 | rσ: 0.73 | sμ: 242.92 | sσ: 213.50 | Pμ: 0.45 | Pσ: 0.50 | Vμ: 0.14 | Vσ: 0.34 | num_steps: 458752 | entropy: 2.13 | value: 0.03 | policy_loss: -0.01 | value_loss: 0.00 | grad_norm: 0.02 | arps: 0.00 | adr: 0.06 | sps: 109.30 | remaining: 11:32:28
rμ: 0.37 | rσ: 0.70 | sμ: 229.67 | sσ: 214.86 | Pμ: 0.50 | Pσ: 0.50 | Vμ: 0.11 | Vσ: 0.31 | num_steps: 524288 | entropy: 2.12 | value: 0.05 | policy_loss: -0.01 | value_loss: 0.00 | grad_norm: 0.02 | arps: -0.01 | adr: 0.12 | sps: 108.67 | remaining: 11:26:25
Saved training status
rμ: 0.43 | rσ: 0.74 | sμ: 179.41 | sσ: 203.78 | Pμ: 0.58 | Pσ: 0.49 | Vμ: 0.12 | Vσ: 0.32 | num_steps: 589824 | entropy: 2.09 | value: 0.08 | policy_loss: -0.01 | value_loss: 0.01 | grad_norm: 0.03 | arps: -0.00 | adr: 0.17 | sps: 110.96 | remaining: 11:02:26
rμ: 0.41 | rσ: 0.72 | sμ: 197.81 | sσ: 213.52 | Pμ: 0.55 | Pσ: 0.50 | Vμ: 0.10 | Vσ: 0.30 | num_steps: 655360 | entropy: 2.09 | value: 0.06 | policy_loss: -0.01 | value_loss: 0.00 | grad_norm: 0.03 | arps: -0.01 | adr: 0.14 | sps: 105.56 | remaining: 11:25:59
Saved training status
rμ: 0.53 | rσ: 0.66 | sμ: 186.22 | sσ: 204.16 | Pμ: 0.63 | Pσ: 0.48 | Vμ: 0.07 | Vσ: 0.26 | num_steps: 720896 | entropy: 2.08 | value: 0.08 | policy_loss: -0.01 | value_loss: 0.01 | grad_norm: 0.03 | arps: 0.00 | adr: 0.21 | sps: 110.99 | remaining: 10:42:34
rμ: 0.40 | rσ: 0.74 | sμ: 193.45 | sσ: 208.67 | Pμ: 0.56 | Pσ: 0.50 | Vμ: 0.12 | Vσ: 0.32 | num_steps: 786432 | entropy: 2.08 | value: 0.07 | policy_loss: -0.00 | value_loss: 0.01 | grad_norm: 0.03 | arps: -0.01 | adr: 0.13 | sps: 109.70 | remaining: 10:40:10
Saved training status
rμ: 0.53 | rσ: 0.68 | sμ: 171.88 | sσ: 200.44 | Pμ: 0.63 | Pσ: 0.48 | Vμ: 0.10 | Vσ: 0.30 | num_steps: 851968 | entropy: 2.06 | value: 0.10 | policy_loss: -0.00 | value_loss: 0.01 | grad_norm: 0.03 | arps: 0.01 | adr: 0.23 | sps: 111.24 | remaining: 10:21:29
rμ: 0.59 | rσ: 0.65 | sμ: 157.50 | sσ: 196.04 | Pμ: 0.68 | Pσ: 0.47 | Vμ: 0.09 | Vσ: 0.28 | num_steps: 917504 | entropy: 2.05 | value: 0.10 | policy_loss: -0.00 | value_loss: 0.00 | grad_norm: 0.03 | arps: 0.03 | adr: 0.27 | sps: 108.20 | remaining: 10:28:50
Saved training status
rμ: 0.60 | rσ: 0.66 | sμ: 144.28 | sσ: 190.48 | Pμ: 0.70 | Pσ: 0.46 | Vμ: 0.09 | Vσ: 0.29 | num_steps: 983040 | entropy: 2.03 | value: 0.11 | policy_loss: -0.01 | value_loss: 0.00 | grad_norm: 0.04 | arps: 0.02 | adr: 0.28 | sps: 103.05 | remaining: 10:49:39
rμ: 0.57 | rσ: 0.68 | sμ: 152.36 | sσ: 190.16 | Pμ: 0.68 | Pσ: 0.47 | Vμ: 0.10 | Vσ: 0.30 | num_steps: 1048576 | entropy: 2.03 | value: 0.11 | policy_loss: -0.00 | value_loss: 0.01 | grad_norm: 0.04 | arps: 0.01 | adr: 0.25 | sps: 102.31 | remaining: 10:43:43
Saved training status
rμ: 0.61 | rσ: 0.68 | sμ: 134.90 | sσ: 177.35 | Pμ: 0.72 | Pσ: 0.45 | Vμ: 0.10 | Vσ: 0.30 | num_steps: 1114112 | entropy: 2.01 | value: 0.14 | policy_loss: -0.00 | value_loss: 0.01 | grad_norm: 0.05 | arps: 0.02 | adr: 0.25 | sps: 102.76 | remaining: 10:30:14
rμ: 0.65 | rσ: 0.65 | sμ: 127.88 | sσ: 173.01 | Pμ: 0.75 | Pσ: 0.44 | Vμ: 0.08 | Vσ: 0.27 | num_steps: 1179648 | entropy: 1.99 | value: 0.15 | policy_loss: 0.00 | value_loss: 0.01 | grad_norm: 0.05 | arps: 0.02 | adr: 0.29 | sps: 101.64 | remaining: 10:26:27
Saved training status
rμ: 0.70 | rσ: 0.60 | sμ: 113.42 | sσ: 166.74 | Pμ: 0.78 | Pσ: 0.42 | Vμ: 0.07 | Vσ: 0.26 | num_steps: 1245184 | entropy: 1.96 | value: 0.17 | policy_loss: -0.00 | value_loss: 0.01 | grad_norm: 0.04 | arps: 0.03 | adr: 0.33 | sps: 102.30 | remaining: 10:11:44
rμ: 0.71 | rσ: 0.60 | sμ: 110.82 | sσ: 160.95 | Pμ: 0.79 | Pσ: 0.41 | Vμ: 0.06 | Vσ: 0.24 | num_steps: 1310720 | entropy: 1.94 | value: 0.17 | policy_loss: -0.01 | value_loss: 0.01 | grad_norm: 0.05 | arps: 0.03 | adr: 0.34 | sps: 99.45 | remaining: 10:18:17
Saved training status
rμ: 0.69 | rσ: 0.63 | sμ: 108.36 | sσ: 157.86 | Pμ: 0.78 | Pσ: 0.41 | Vμ: 0.08 | Vσ: 0.27 | num_steps: 1376256 | entropy: 1.93 | value: 0.19 | policy_loss: 0.00 | value_loss: 0.01 | grad_norm: 0.05 | arps: 0.02 | adr: 0.32 | sps: 101.05 | remaining: 9:57:40
rμ: 0.74 | rσ: 0.59 | sμ: 101.89 | sσ: 149.65 | Pμ: 0.81 | Pσ: 0.39 | Vμ: 0.08 | Vσ: 0.27 | num_steps: 1441792 | entropy: 1.92 | value: 0.21 | policy_loss: -0.00 | value_loss: 0.01 | grad_norm: 0.05 | arps: 0.02 | adr: 0.33 | sps: 101.61 | remaining: 9:43:38
Saved training status
rμ: 0.78 | rσ: 0.54 | sμ: 94.21 | sσ: 144.31 | Pμ: 0.84 | Pσ: 0.37 | Vμ: 0.05 | Vσ: 0.22 | num_steps: 1507328 | entropy: 1.88 | value: 0.21 | policy_loss: -0.01 | value_loss: 0.01 | grad_norm: 0.04 | arps: 0.03 | adr: 0.36 | sps: 101.33 | remaining: 9:34:29
rμ: 0.75 | rσ: 0.59 | sμ: 87.35 | sσ: 135.10 | Pμ: 0.83 | Pσ: 0.37 | Vμ: 0.08 | Vσ: 0.27 | num_steps: 1572864 | entropy: 1.85 | value: 0.25 | policy_loss: -0.00 | value_loss: 0.01 | grad_norm: 0.04 | arps: 0.03 | adr: 0.36 | sps: 100.91 | remaining: 9:26:01
Saved training status
rμ: 0.76 | rσ: 0.59 | sμ: 79.18 | sσ: 129.37 | Pμ: 0.84 | Pσ: 0.37 | Vμ: 0.08 | Vσ: 0.26 | num_steps: 1638400 | entropy: 1.83 | value: 0.24 | policy_loss: -0.00 | value_loss: 0.01 | grad_norm: 0.05 | arps: 0.03 | adr: 0.38 | sps: 101.79 | remaining: 9:10:24
rμ: 0.78 | rσ: 0.55 | sμ: 81.30 | sσ: 132.08 | Pμ: 0.85 | Pσ: 0.36 | Vμ: 0.06 | Vσ: 0.24 | num_steps: 1703936 | entropy: 1.81 | value: 0.25 | policy_loss: -0.00 | value_loss: 0.01 | grad_norm: 0.04 | arps: 0.03 | adr: 0.38 | sps: 97.17 | remaining: 9:25:20
Saved training status
================================================================================
Stage 0 completed.
================================================================================
rμ: 0.80 | rσ: 0.55 | sμ: 62.99 | sσ: 108.00 | Pμ: 0.88 | Pσ: 0.33 | Vμ: 0.07 | Vσ: 0.26 | num_steps: 1769472 | entropy: 1.73 | value: 0.33 | policy_loss: 0.01 | value_loss: 0.01 | grad_norm: 0.05 | arps: 0.04 | adr: 0.42 | sps: 100.24 | remaining: 8:57:06
rμ: 0.60 | rσ: 0.74 | sμ: 79.31 | sσ: 134.65 | Pμ: 0.76 | Pσ: 0.43 | Vμ: 0.14 | Vσ: 0.35 | num_steps: 1835008 | entropy: 1.85 | value: 0.32 | policy_loss: 0.05 | value_loss: 0.02 | grad_norm: 0.11 | arps: 0.02 | adr: 0.30 | sps: 100.30 | remaining: 8:45:55
Saved training status
rμ: 0.65 | rσ: 0.70 | sμ: 89.39 | sσ: 145.85 | Pμ: 0.78 | Pσ: 0.42 | Vμ: 0.12 | Vσ: 0.33 | num_steps: 1900544 | entropy: 1.88 | value: 0.27 | policy_loss: 0.04 | value_loss: 0.01 | grad_norm: 0.09 | arps: 0.03 | adr: 0.32 | sps: 101.33 | remaining: 8:29:48
rμ: 0.69 | rσ: 0.67 | sμ: 74.00 | sσ: 128.92 | Pμ: 0.81 | Pσ: 0.40 | Vμ: 0.11 | Vσ: 0.31 | num_steps: 1966080 | entropy: 1.83 | value: 0.28 | policy_loss: 0.02 | value_loss: 0.02 | grad_norm: 0.07 | arps: 0.03 | adr: 0.35 | sps: 104.67 | remaining: 8:03:04
Saved training status
rμ: 0.67 | rσ: 0.69 | sμ: 76.45 | sσ: 128.72 | Pμ: 0.80 | Pσ: 0.40 | Vμ: 0.12 | Vσ: 0.33 | num_steps: 2031616 | entropy: 1.84 | value: 0.26 | policy_loss: 0.02 | value_loss: 0.01 | grad_norm: 0.08 | arps: 0.03 | adr: 0.34 | sps: 102.98 | remaining: 8:00:25
rμ: 0.65 | rσ: 0.71 | sμ: 77.29 | sσ: 129.84 | Pμ: 0.79 | Pσ: 0.41 | Vμ: 0.13 | Vσ: 0.34 | num_steps: 2097152 | entropy: 1.83 | value: 0.27 | policy_loss: 0.02 | value_loss: 0.02 | grad_norm: 0.07 | arps: 0.03 | adr: 0.33 | sps: 103.35 | remaining: 7:48:06
Saved training status
rμ: 0.65 | rσ: 0.72 | sμ: 70.61 | sσ: 121.37 | Pμ: 0.79 | Pσ: 0.41 | Vμ: 0.14 | Vσ: 0.34 | num_steps: 2162688 | entropy: 1.83 | value: 0.26 | policy_loss: 0.01 | value_loss: 0.02 | grad_norm: 0.08 | arps: 0.03 | adr: 0.34 | sps: 99.95 | remaining: 7:53:08
rμ: 0.65 | rσ: 0.70 | sμ: 82.56 | sσ: 137.83 | Pμ: 0.78 | Pσ: 0.41 | Vμ: 0.13 | Vσ: 0.33 | num_steps: 2228224 | entropy: 1.86 | value: 0.25 | policy_loss: 0.02 | value_loss: 0.01 | grad_norm: 0.08 | arps: 0.03 | adr: 0.34 | sps: 103.24 | remaining: 7:27:26
Saved training status
rμ: 0.68 | rσ: 0.68 | sμ: 71.92 | sσ: 125.72 | Pμ: 0.80 | Pσ: 0.40 | Vμ: 0.12 | Vσ: 0.33 | num_steps: 2293760 | entropy: 1.82 | value: 0.25 | policy_loss: 0.00 | value_loss: 0.02 | grad_norm: 0.08 | arps: 0.03 | adr: 0.35 | sps: 101.98 | remaining: 7:22:16
rμ: 0.68 | rσ: 0.68 | sμ: 73.76 | sσ: 126.19 | Pμ: 0.81 | Pσ: 0.39 | Vμ: 0.11 | Vσ: 0.32 | num_steps: 2359296 | entropy: 1.82 | value: 0.27 | policy_loss: 0.01 | value_loss: 0.02 | grad_norm: 0.08 | arps: 0.03 | adr: 0.35 | sps: 98.07 | remaining: 7:28:46
Saved training status
rμ: 0.69 | rσ: 0.68 | sμ: 66.07 | sσ: 117.34 | Pμ: 0.82 | Pσ: 0.39 | Vμ: 0.12 | Vσ: 0.32 | num_steps: 2424832 | entropy: 1.79 | value: 0.29 | policy_loss: 0.02 | value_loss: 0.02 | grad_norm: 0.08 | arps: 0.03 | adr: 0.36 | sps: 104.79 | remaining: 6:49:33
rμ: 0.70 | rσ: 0.67 | sμ: 64.72 | sσ: 114.71 | Pμ: 0.82 | Pσ: 0.38 | Vμ: 0.12 | Vσ: 0.32 | num_steps: 2490368 | entropy: 1.77 | value: 0.30 | policy_loss: 0.01 | value_loss: 0.02 | grad_norm: 0.08 | arps: 0.03 | adr: 0.37 | sps: 101.98 | remaining: 6:50:09
Saved training status
rμ: 0.65 | rσ: 0.72 | sμ: 71.62 | sσ: 123.94 | Pμ: 0.79 | Pσ: 0.41 | Vμ: 0.13 | Vσ: 0.34 | num_steps: 2555904 | entropy: 1.81 | value: 0.25 | policy_loss: 0.01 | value_loss: 0.02 | grad_norm: 0.08 | arps: 0.02 | adr: 0.33 | sps: 98.98 | remaining: 6:51:33
rμ: 0.74 | rσ: 0.64 | sμ: 62.80 | sσ: 111.39 | Pμ: 0.84 | Pσ: 0.36 | Vμ: 0.10 | Vσ: 0.30 | num_steps: 2621440 | entropy: 1.75 | value: 0.30 | policy_loss: 0.00 | value_loss: 0.01 | grad_norm: 0.08 | arps: 0.04 | adr: 0.39 | sps: 102.13 | remaining: 6:28:09
Saved training status
rμ: 0.72 | rσ: 0.66 | sμ: 61.83 | sσ: 110.75 | Pμ: 0.83 | Pσ: 0.37 | Vμ: 0.11 | Vσ: 0.31 | num_steps: 2686976 | entropy: 1.72 | value: 0.31 | policy_loss: 0.01 | value_loss: 0.02 | grad_norm: 0.07 | arps: 0.03 | adr: 0.38 | sps: 101.35 | remaining: 6:20:21
rμ: 0.72 | rσ: 0.66 | sμ: 60.09 | sσ: 109.87 | Pμ: 0.83 | Pσ: 0.37 | Vμ: 0.11 | Vσ: 0.32 | num_steps: 2752512 | entropy: 1.74 | value: 0.30 | policy_loss: 0.00 | value_loss: 0.01 | grad_norm: 0.08 | arps: 0.03 | adr: 0.39 | sps: 101.32 | remaining: 6:09:42
Saved training status
rμ: 0.73 | rσ: 0.64 | sμ: 63.30 | sσ: 112.15 | Pμ: 0.84 | Pσ: 0.37 | Vμ: 0.10 | Vσ: 0.31 | num_steps: 2818048 | entropy: 1.75 | value: 0.30 | policy_loss: 0.01 | value_loss: 0.01 | grad_norm: 0.09 | arps: 0.04 | adr: 0.39 | sps: 101.38 | remaining: 5:58:42
rμ: 0.71 | rσ: 0.64 | sμ: 73.46 | sσ: 130.25 | Pμ: 0.82 | Pσ: 0.38 | Vμ: 0.10 | Vσ: 0.30 | num_steps: 2883584 | entropy: 1.80 | value: 0.26 | policy_loss: 0.01 | value_loss: 0.01 | grad_norm: 0.07 | arps: 0.03 | adr: 0.39 | sps: 102.02 | remaining: 5:45:44
Saved training status
rμ: 0.75 | rσ: 0.62 | sμ: 61.21 | sσ: 106.54 | Pμ: 0.85 | Pσ: 0.35 | Vμ: 0.10 | Vσ: 0.30 | num_steps: 2949120 | entropy: 1.73 | value: 0.32 | policy_loss: 0.01 | value_loss: 0.01 | grad_norm: 0.07 | arps: 0.03 | adr: 0.40 | sps: 102.53 | remaining: 5:33:22
rμ: 0.74 | rσ: 0.62 | sμ: 63.44 | sσ: 114.92 | Pμ: 0.84 | Pσ: 0.36 | Vμ: 0.10 | Vσ: 0.30 | num_steps: 3014656 | entropy: 1.74 | value: 0.30 | policy_loss: 0.01 | value_loss: 0.01 | grad_norm: 0.07 | arps: 0.03 | adr: 0.40 | sps: 99.95 | remaining: 5:31:04
Saved training status
rμ: 0.73 | rσ: 0.64 | sμ: 62.14 | sσ: 111.35 | Pμ: 0.84 | Pσ: 0.37 | Vμ: 0.11 | Vσ: 0.31 | num_steps: 3080192 | entropy: 1.74 | value: 0.30 | policy_loss: 0.01 | value_loss: 0.01 | grad_norm: 0.08 | arps: 0.04 | adr: 0.40 | sps: 99.24 | remaining: 5:22:25
rμ: 0.72 | rσ: 0.64 | sμ: 67.84 | sσ: 122.25 | Pμ: 0.83 | Pσ: 0.38 | Vμ: 0.10 | Vσ: 0.30 | num_steps: 3145728 | entropy: 1.77 | value: 0.29 | policy_loss: 0.01 | value_loss: 0.01 | grad_norm: 0.08 | arps: 0.03 | adr: 0.38 | sps: 102.08 | remaining: 5:02:44
Saved training status
rμ: 0.77 | rσ: 0.60 | sμ: 59.28 | sσ: 106.37 | Pμ: 0.86 | Pσ: 0.34 | Vμ: 0.09 | Vσ: 0.29 | num_steps: 3211264 | entropy: 1.71 | value: 0.35 | policy_loss: 0.01 | value_loss: 0.01 | grad_norm: 0.07 | arps: 0.04 | adr: 0.42 | sps: 104.34 | remaining: 4:45:43
rμ: 0.74 | rσ: 0.63 | sμ: 61.12 | sσ: 110.70 | Pμ: 0.84 | Pσ: 0.36 | Vμ: 0.10 | Vσ: 0.30 | num_steps: 3276800 | entropy: 1.74 | value: 0.31 | policy_loss: 0.01 | value_loss: 0.01 | grad_norm: 0.07 | arps: 0.04 | adr: 0.40 | sps: 103.69 | remaining: 4:36:59
Saved training status
rμ: 0.75 | rσ: 0.63 | sμ: 57.37 | sσ: 104.26 | Pμ: 0.85 | Pσ: 0.36 | Vμ: 0.10 | Vσ: 0.30 | num_steps: 3342336 | entropy: 1.71 | value: 0.32 | policy_loss: 0.01 | value_loss: 0.01 | grad_norm: 0.06 | arps: 0.04 | adr: 0.41 | sps: 99.92 | remaining: 4:36:30
rμ: 0.75 | rσ: 0.62 | sμ: 62.12 | sσ: 113.65 | Pμ: 0.84 | Pσ: 0.36 | Vμ: 0.10 | Vσ: 0.30 | num_steps: 3407872 | entropy: 1.73 | value: 0.31 | policy_loss: 0.01 | value_loss: 0.01 | grad_norm: 0.06 | arps: 0.03 | adr: 0.40 | sps: 100.61 | remaining: 4:23:44
Saved training status
rμ: 0.71 | rσ: 0.68 | sμ: 56.44 | sσ: 99.41 | Pμ: 0.83 | Pσ: 0.37 | Vμ: 0.12 | Vσ: 0.32 | num_steps: 3473408 | entropy: 1.69 | value: 0.33 | policy_loss: 0.01 | value_loss: 0.02 | grad_norm: 0.07 | arps: 0.03 | adr: 0.38 | sps: 102.23 | remaining: 4:08:53
rμ: 0.77 | rσ: 0.62 | sμ: 48.16 | sσ: 83.53 | Pμ: 0.87 | Pσ: 0.34 | Vμ: 0.10 | Vσ: 0.30 | num_steps: 3538944 | entropy: 1.62 | value: 0.37 | policy_loss: -0.00 | value_loss: 0.02 | grad_norm: 0.08 | arps: 0.03 | adr: 0.42 | sps: 102.55 | remaining: 3:57:26
Saved training status
rμ: 0.76 | rσ: 0.62 | sμ: 53.50 | sσ: 95.08 | Pμ: 0.86 | Pσ: 0.34 | Vμ: 0.10 | Vσ: 0.30 | num_steps: 3604480 | entropy: 1.65 | value: 0.39 | policy_loss: 0.03 | value_loss: 0.02 | grad_norm: 0.08 | arps: 0.04 | adr: 0.42 | sps: 99.88 | remaining: 3:52:52
rμ: 0.76 | rσ: 0.62 | sμ: 58.66 | sσ: 102.74 | Pμ: 0.86 | Pσ: 0.35 | Vμ: 0.09 | Vσ: 0.29 | num_steps: 3670016 | entropy: 1.67 | value: 0.33 | policy_loss: 0.01 | value_loss: 0.01 | grad_norm: 0.07 | arps: 0.04 | adr: 0.41 | sps: 99.70 | remaining: 3:42:19
Saved training status
rμ: 0.77 | rσ: 0.62 | sμ: 48.13 | sσ: 80.52 | Pμ: 0.88 | Pσ: 0.33 | Vμ: 0.10 | Vσ: 0.29 | num_steps: 3735552 | entropy: 1.60 | value: 0.41 | policy_loss: 0.01 | value_loss: 0.02 | grad_norm: 0.08 | arps: 0.03 | adr: 0.42 | sps: 102.95 | remaining: 3:24:42
rμ: 0.77 | rσ: 0.62 | sμ: 49.49 | sσ: 82.16 | Pμ: 0.87 | Pσ: 0.33 | Vμ: 0.10 | Vσ: 0.30 | num_steps: 3801088 | entropy: 1.60 | value: 0.40 | policy_loss: 0.01 | value_loss: 0.02 | grad_norm: 0.07 | arps: 0.04 | adr: 0.41 | sps: 102.11 | remaining: 3:15:41
Saved training status
rμ: 0.75 | rσ: 0.64 | sμ: 54.91 | sσ: 96.38 | Pμ: 0.85 | Pσ: 0.35 | Vμ: 0.11 | Vσ: 0.31 | num_steps: 3866624 | entropy: 1.64 | value: 0.36 | policy_loss: 0.01 | value_loss: 0.02 | grad_norm: 0.08 | arps: 0.03 | adr: 0.40 | sps: 103.57 | remaining: 3:02:23
rμ: 0.74 | rσ: 0.65 | sμ: 49.85 | sσ: 88.80 | Pμ: 0.86 | Pσ: 0.35 | Vμ: 0.11 | Vσ: 0.31 | num_steps: 3932160 | entropy: 1.62 | value: 0.39 | policy_loss: 0.02 | value_loss: 0.02 | grad_norm: 0.08 | arps: 0.03 | adr: 0.41 | sps: 101.11 | remaining: 2:56:01
Saved training status
rμ: 0.77 | rσ: 0.61 | sμ: 50.47 | sσ: 88.91 | Pμ: 0.87 | Pσ: 0.34 | Vμ: 0.10 | Vσ: 0.29 | num_steps: 3997696 | entropy: 1.60 | value: 0.40 | policy_loss: 0.01 | value_loss: 0.02 | grad_norm: 0.08 | arps: 0.04 | adr: 0.43 | sps: 100.89 | remaining: 2:45:35
rμ: 0.80 | rσ: 0.58 | sμ: 48.45 | sσ: 83.28 | Pμ: 0.89 | Pσ: 0.32 | Vμ: 0.09 | Vσ: 0.28 | num_steps: 4063232 | entropy: 1.59 | value: 0.40 | policy_loss: 0.01 | value_loss: 0.02 | grad_norm: 0.08 | arps: 0.04 | adr: 0.44 | sps: 102.18 | remaining: 2:32:47
Saved training status
rμ: 0.80 | rσ: 0.56 | sμ: 56.91 | sσ: 103.17 | Pμ: 0.88 | Pσ: 0.33 | Vμ: 0.07 | Vσ: 0.26 | num_steps: 4128768 | entropy: 1.66 | value: 0.34 | policy_loss: 0.01 | value_loss: 0.01 | grad_norm: 0.07 | arps: 0.04 | adr: 0.44 | sps: 101.00 | remaining: 2:23:46
rμ: 0.78 | rσ: 0.59 | sμ: 50.85 | sσ: 89.01 | Pμ: 0.88 | Pσ: 0.33 | Vμ: 0.09 | Vσ: 0.29 | num_steps: 4194304 | entropy: 1.59 | value: 0.38 | policy_loss: 0.00 | value_loss: 0.02 | grad_norm: 0.07 | arps: 0.04 | adr: 0.42 | sps: 102.49 | remaining: 2:11:01
Saved training status
rμ: 0.75 | rσ: 0.63 | sμ: 51.69 | sσ: 93.29 | Pμ: 0.86 | Pσ: 0.35 | Vμ: 0.10 | Vσ: 0.30 | num_steps: 4259840 | entropy: 1.62 | value: 0.37 | policy_loss: 0.01 | value_loss: 0.02 | grad_norm: 0.08 | arps: 0.03 | adr: 0.42 | sps: 101.29 | remaining: 2:01:47
rμ: 0.81 | rσ: 0.56 | sμ: 48.21 | sσ: 88.11 | Pμ: 0.89 | Pσ: 0.31 | Vμ: 0.08 | Vσ: 0.27 | num_steps: 4325376 | entropy: 1.57 | value: 0.41 | policy_loss: 0.01 | value_loss: 0.02 | grad_norm: 0.08 | arps: 0.05 | adr: 0.46 | sps: 98.19 | remaining: 1:54:30
Saved training status
rμ: 0.82 | rσ: 0.55 | sμ: 49.86 | sσ: 86.31 | Pμ: 0.89 | Pσ: 0.31 | Vμ: 0.07 | Vσ: 0.26 | num_steps: 4390912 | entropy: 1.57 | value: 0.39 | policy_loss: 0.01 | value_loss: 0.01 | grad_norm: 0.07 | arps: 0.04 | adr: 0.45 | sps: 100.74 | remaining: 1:40:46
rμ: 0.76 | rσ: 0.62 | sμ: 52.18 | sσ: 95.47 | Pμ: 0.86 | Pσ: 0.35 | Vμ: 0.10 | Vσ: 0.30 | num_steps: 4456448 | entropy: 1.62 | value: 0.35 | policy_loss: 0.01 | value_loss: 0.02 | grad_norm: 0.08 | arps: 0.04 | adr: 0.42 | sps: 100.92 | remaining: 1:29:45
Saved training status
rμ: 0.81 | rσ: 0.55 | sμ: 49.69 | sσ: 89.49 | Pμ: 0.89 | Pσ: 0.31 | Vμ: 0.08 | Vσ: 0.26 | num_steps: 4521984 | entropy: 1.57 | value: 0.40 | policy_loss: 0.01 | value_loss: 0.01 | grad_norm: 0.07 | arps: 0.04 | adr: 0.45 | sps: 99.05 | remaining: 1:20:26
rμ: 0.80 | rσ: 0.58 | sμ: 47.10 | sσ: 84.91 | Pμ: 0.88 | Pσ: 0.32 | Vμ: 0.08 | Vσ: 0.28 | num_steps: 4587520 | entropy: 1.56 | value: 0.41 | policy_loss: 0.01 | value_loss: 0.02 | grad_norm: 0.08 | arps: 0.04 | adr: 0.45 | sps: 100.28 | remaining: 1:08:33
Saved training status
rμ: 0.82 | rσ: 0.55 | sμ: 47.98 | sσ: 85.09 | Pμ: 0.89 | Pσ: 0.31 | Vμ: 0.07 | Vσ: 0.26 | num_steps: 4653056 | entropy: 1.55 | value: 0.40 | policy_loss: -0.00 | value_loss: 0.01 | grad_norm: 0.07 | arps: 0.04 | adr: 0.45 | sps: 98.41 | remaining: 0:58:45
rμ: 0.82 | rσ: 0.55 | sμ: 42.23 | sσ: 71.00 | Pμ: 0.90 | Pσ: 0.30 | Vμ: 0.08 | Vσ: 0.27 | num_steps: 4718592 | entropy: 1.48 | value: 0.44 | policy_loss: 0.00 | value_loss: 0.02 | grad_norm: 0.08 | arps: 0.05 | adr: 0.47 | sps: 99.22 | remaining: 0:47:16
Saved training status
rμ: 0.79 | rσ: 0.59 | sμ: 47.16 | sσ: 83.27 | Pμ: 0.88 | Pσ: 0.32 | Vμ: 0.09 | Vσ: 0.28 | num_steps: 4784128 | entropy: 1.54 | value: 0.39 | policy_loss: 0.00 | value_loss: 0.02 | grad_norm: 0.08 | arps: 0.04 | adr: 0.45 | sps: 100.84 | remaining: 0:35:40
rμ: 0.80 | rσ: 0.58 | sμ: 44.88 | sσ: 77.19 | Pμ: 0.89 | Pσ: 0.31 | Vμ: 0.09 | Vσ: 0.28 | num_steps: 4849664 | entropy: 1.51 | value: 0.41 | policy_loss: 0.00 | value_loss: 0.02 | grad_norm: 0.08 | arps: 0.04 | adr: 0.45 | sps: 107.85 | remaining: 0:23:13
Saved training status
rμ: 0.83 | rσ: 0.54 | sμ: 45.12 | sσ: 76.86 | Pμ: 0.90 | Pσ: 0.30 | Vμ: 0.07 | Vσ: 0.26 | num_steps: 4915200 | entropy: 1.48 | value: 0.41 | policy_loss: -0.01 | value_loss: 0.02 | grad_norm: 0.08 | arps: 0.05 | adr: 0.47 | sps: 108.38 | remaining: 0:13:02
rμ: 0.81 | rσ: 0.56 | sμ: 45.07 | sσ: 78.91 | Pμ: 0.89 | Pσ: 0.31 | Vμ: 0.08 | Vσ: 0.27 | num_steps: 4980736 | entropy: 1.51 | value: 0.42 | policy_loss: 0.01 | value_loss: 0.02 | grad_norm: 0.08 | arps: 0.05 | adr: 0.47 | sps: 107.02 | remaining: 0:03:00
Saved training status
rμ: 0.85 | rσ: 0.50 | sμ: 43.69 | sσ: 76.77 | Pμ: 0.92 | Pσ: 0.28 | Vμ: 0.06 | Vσ: 0.24 | num_steps: 5046272 | entropy: 1.49 | value: 0.44 | policy_loss: 0.01 | value_loss: 0.01 | grad_norm: 0.08 | arps: 0.05 | adr: 0.50 | sps: 108.68 | remaining: 0:00:00
Training took 13:36:26.
