[32mCurriculum stage: 0[39m
[32mCurriculum stage: 0[39m
[32mCurriculum stage: 0[39m
[32mCurriculum stage: 0[39m
[32mCurriculum stage: 0[39m
[32mCurriculum stage: 0[39m
[32mCurriculum stage: 0[39m
[32mCurriculum stage: 0[39m
[32mCurriculum stage: 0[39m
[32mCurriculum stage: 0[39m
[32mCurriculum stage: 0[39m
[32mCurriculum stage: 0[39m
[32mCurriculum stage: 0[39m
[32mCurriculum stage: 0[39m
[32mCurriculum stage: 0[39m
[32mCurriculum stage: 0[39m
Using seeds: [96000100, 96000101, 96000102, 96000103, 96000104, 96000105, 96000106, 96000107, 96000108, 96000109, 96000110, 96000111, 96000112, 96000113, 96000114, 96000115]
Environments loaded.
Number of assignments: 13
Observation shape: (2,)
Num LTLNet params: 7664
ExperimentConfig(name='v3_confirm_ppo_5m_flatworld_seed_960001', env='FlatWorld-v0', num_steps=5000000, seed=960001, save_dir='experiments', log_interval=1, save_interval=2, eval_interval=200000, num_procs=16, device='cuda', ltl_sampler=None)
Num parameters: 27451
rμ: -0.69 | rσ: 0.63 | sμ: 158.87 | sσ: 172.56 | Pμ: 0.09 | Pσ: 0.29 | Vμ: 0.09 | Vσ: 0.28 | num_steps: 65536 | entropy: 2.18 | value: -0.03 | policy_loss: 0.05 | value_loss: 0.02 | grad_norm: 0.01 | arps: -0.08 | adr: -0.27 | sps: 123.12 | remaining: 11:07:58
rμ: -0.09 | rσ: 0.75 | sμ: 285.85 | sσ: 215.10 | Pμ: 0.24 | Pσ: 0.43 | Vμ: 0.14 | Vσ: 0.35 | num_steps: 131072 | entropy: 2.17 | value: -0.00 | policy_loss: -0.00 | value_loss: 0.01 | grad_norm: 0.01 | arps: -0.03 | adr: -0.10 | sps: 122.99 | remaining: 10:59:48
Saved training status
rμ: 0.03 | rσ: 0.84 | sμ: 256.87 | sσ: 194.60 | Pμ: 0.36 | Pσ: 0.48 | Vμ: 0.24 | Vσ: 0.43 | num_steps: 196608 | entropy: 2.16 | value: 0.01 | policy_loss: -0.01 | value_loss: 0.01 | grad_norm: 0.02 | arps: -0.05 | adr: -0.08 | sps: 129.58 | remaining: 10:17:49
rμ: 0.21 | rσ: 0.79 | sμ: 254.25 | sσ: 195.79 | Pμ: 0.44 | Pσ: 0.50 | Vμ: 0.18 | Vσ: 0.39 | num_steps: 262144 | entropy: 2.15 | value: 0.01 | policy_loss: -0.02 | value_loss: 0.01 | grad_norm: 0.02 | arps: -0.02 | adr: -0.01 | sps: 139.04 | remaining: 9:27:54
Saved training status
rμ: 0.22 | rσ: 0.81 | sμ: 216.07 | sσ: 197.42 | Pμ: 0.46 | Pσ: 0.50 | Vμ: 0.18 | Vσ: 0.38 | num_steps: 327680 | entropy: 2.13 | value: 0.02 | policy_loss: -0.02 | value_loss: 0.01 | grad_norm: 0.02 | arps: -0.03 | adr: 0.01 | sps: 124.86 | remaining: 10:23:39
rμ: 0.31 | rσ: 0.74 | sμ: 229.04 | sσ: 209.32 | Pμ: 0.48 | Pσ: 0.50 | Vμ: 0.13 | Vσ: 0.34 | num_steps: 393216 | entropy: 2.12 | value: 0.01 | policy_loss: -0.02 | value_loss: 0.01 | grad_norm: 0.02 | arps: -0.00 | adr: 0.08 | sps: 122.30 | remaining: 10:27:49
Saved training status
rμ: 0.32 | rσ: 0.73 | sμ: 230.15 | sσ: 217.12 | Pμ: 0.48 | Pσ: 0.50 | Vμ: 0.10 | Vσ: 0.30 | num_steps: 458752 | entropy: 2.12 | value: 0.02 | policy_loss: -0.02 | value_loss: 0.00 | grad_norm: 0.02 | arps: 0.00 | adr: 0.14 | sps: 122.63 | remaining: 10:17:13
rμ: 0.39 | rσ: 0.70 | sμ: 215.65 | sσ: 216.05 | Pμ: 0.52 | Pσ: 0.50 | Vμ: 0.11 | Vσ: 0.31 | num_steps: 524288 | entropy: 2.11 | value: 0.04 | policy_loss: -0.01 | value_loss: 0.00 | grad_norm: 0.02 | arps: 0.00 | adr: 0.15 | sps: 123.96 | remaining: 10:01:46
Saved training status
rμ: 0.31 | rσ: 0.70 | sμ: 237.57 | sσ: 225.59 | Pμ: 0.45 | Pσ: 0.50 | Vμ: 0.11 | Vσ: 0.32 | num_steps: 589824 | entropy: 2.11 | value: 0.03 | policy_loss: -0.01 | value_loss: 0.00 | grad_norm: 0.02 | arps: 0.00 | adr: 0.14 | sps: 117.65 | remaining: 10:24:44
rμ: 0.43 | rσ: 0.70 | sμ: 195.72 | sσ: 215.23 | Pμ: 0.55 | Pσ: 0.50 | Vμ: 0.10 | Vσ: 0.30 | num_steps: 655360 | entropy: 2.09 | value: 0.05 | policy_loss: -0.01 | value_loss: 0.00 | grad_norm: 0.02 | arps: 0.00 | adr: 0.20 | sps: 122.75 | remaining: 9:49:55
Saved training status
rμ: 0.38 | rσ: 0.69 | sμ: 217.28 | sσ: 222.89 | Pμ: 0.51 | Pσ: 0.50 | Vμ: 0.09 | Vσ: 0.28 | num_steps: 720896 | entropy: 2.10 | value: 0.03 | policy_loss: -0.01 | value_loss: 0.00 | grad_norm: 0.02 | arps: 0.01 | adr: 0.20 | sps: 124.16 | remaining: 9:34:23
rμ: 0.42 | rσ: 0.69 | sμ: 200.26 | sσ: 222.97 | Pμ: 0.54 | Pσ: 0.50 | Vμ: 0.09 | Vσ: 0.29 | num_steps: 786432 | entropy: 2.08 | value: 0.04 | policy_loss: -0.01 | value_loss: 0.00 | grad_norm: 0.02 | arps: 0.02 | adr: 0.22 | sps: 124.34 | remaining: 9:24:46
Saved training status
rμ: 0.37 | rσ: 0.70 | sμ: 211.79 | sσ: 225.63 | Pμ: 0.50 | Pσ: 0.50 | Vμ: 0.08 | Vσ: 0.27 | num_steps: 851968 | entropy: 2.10 | value: 0.04 | policy_loss: 0.00 | value_loss: 0.00 | grad_norm: 0.02 | arps: 0.02 | adr: 0.21 | sps: 114.72 | remaining: 10:02:36
rμ: 0.46 | rσ: 0.64 | sμ: 216.68 | sσ: 228.25 | Pμ: 0.54 | Pσ: 0.50 | Vμ: 0.06 | Vσ: 0.24 | num_steps: 917504 | entropy: 2.09 | value: 0.05 | policy_loss: -0.00 | value_loss: 0.00 | grad_norm: 0.02 | arps: 0.01 | adr: 0.26 | sps: 121.49 | remaining: 9:20:03
Saved training status
rμ: 0.44 | rσ: 0.67 | sμ: 209.89 | sσ: 223.69 | Pμ: 0.54 | Pσ: 0.50 | Vμ: 0.08 | Vσ: 0.28 | num_steps: 983040 | entropy: 2.10 | value: 0.06 | policy_loss: 0.00 | value_loss: 0.00 | grad_norm: 0.03 | arps: 0.01 | adr: 0.22 | sps: 121.54 | remaining: 9:10:49
rμ: 0.43 | rσ: 0.68 | sμ: 208.41 | sσ: 223.34 | Pμ: 0.54 | Pσ: 0.50 | Vμ: 0.08 | Vσ: 0.28 | num_steps: 1048576 | entropy: 2.10 | value: 0.06 | policy_loss: 0.00 | value_loss: 0.00 | grad_norm: 0.02 | arps: 0.02 | adr: 0.22 | sps: 127.36 | remaining: 8:37:06
Saved training status
rμ: 0.46 | rσ: 0.67 | sμ: 194.98 | sσ: 220.84 | Pμ: 0.56 | Pσ: 0.50 | Vμ: 0.09 | Vσ: 0.29 | num_steps: 1114112 | entropy: 2.08 | value: 0.06 | policy_loss: 0.00 | value_loss: 0.00 | grad_norm: 0.02 | arps: 0.02 | adr: 0.25 | sps: 124.25 | remaining: 8:41:13
rμ: 0.37 | rσ: 0.69 | sμ: 216.33 | sσ: 226.49 | Pμ: 0.49 | Pσ: 0.50 | Vμ: 0.12 | Vσ: 0.32 | num_steps: 1179648 | entropy: 2.10 | value: 0.05 | policy_loss: 0.00 | value_loss: 0.00 | grad_norm: 0.03 | arps: 0.01 | adr: 0.20 | sps: 121.60 | remaining: 8:43:37
Saved training status
rμ: 0.51 | rσ: 0.63 | sμ: 204.39 | sσ: 223.24 | Pμ: 0.58 | Pσ: 0.49 | Vμ: 0.07 | Vσ: 0.25 | num_steps: 1245184 | entropy: 2.09 | value: 0.06 | policy_loss: -0.00 | value_loss: 0.00 | grad_norm: 0.03 | arps: 0.02 | adr: 0.26 | sps: 123.71 | remaining: 8:25:51
rμ: 0.55 | rσ: 0.63 | sμ: 188.26 | sσ: 211.70 | Pμ: 0.63 | Pσ: 0.48 | Vμ: 0.07 | Vσ: 0.25 | num_steps: 1310720 | entropy: 2.07 | value: 0.10 | policy_loss: 0.01 | value_loss: 0.00 | grad_norm: 0.03 | arps: 0.02 | adr: 0.26 | sps: 127.15 | remaining: 8:03:35
Saved training status
rμ: 0.52 | rσ: 0.66 | sμ: 184.14 | sσ: 211.53 | Pμ: 0.62 | Pσ: 0.49 | Vμ: 0.07 | Vσ: 0.25 | num_steps: 1376256 | entropy: 2.07 | value: 0.10 | policy_loss: 0.01 | value_loss: 0.00 | grad_norm: 0.03 | arps: 0.01 | adr: 0.25 | sps: 134.29 | remaining: 7:29:45
rμ: 0.56 | rσ: 0.65 | sμ: 171.53 | sσ: 206.63 | Pμ: 0.65 | Pσ: 0.48 | Vμ: 0.07 | Vσ: 0.26 | num_steps: 1441792 | entropy: 2.05 | value: 0.10 | policy_loss: 0.01 | value_loss: 0.01 | grad_norm: 0.03 | arps: 0.02 | adr: 0.28 | sps: 134.52 | remaining: 7:20:51
Saved training status
rμ: 0.59 | rσ: 0.63 | sμ: 178.33 | sσ: 203.11 | Pμ: 0.67 | Pσ: 0.47 | Vμ: 0.06 | Vσ: 0.24 | num_steps: 1507328 | entropy: 2.05 | value: 0.10 | policy_loss: 0.00 | value_loss: 0.00 | grad_norm: 0.04 | arps: 0.02 | adr: 0.27 | sps: 135.68 | remaining: 7:09:02
rμ: 0.57 | rσ: 0.67 | sμ: 152.84 | sσ: 196.87 | Pμ: 0.67 | Pσ: 0.47 | Vμ: 0.09 | Vσ: 0.29 | num_steps: 1572864 | entropy: 2.02 | value: 0.12 | policy_loss: 0.01 | value_loss: 0.01 | grad_norm: 0.04 | arps: 0.02 | adr: 0.26 | sps: 127.19 | remaining: 7:29:05
Saved training status
rμ: 0.57 | rσ: 0.66 | sμ: 160.98 | sσ: 198.44 | Pμ: 0.67 | Pσ: 0.47 | Vμ: 0.08 | Vσ: 0.27 | num_steps: 1638400 | entropy: 2.04 | value: 0.10 | policy_loss: 0.00 | value_loss: 0.00 | grad_norm: 0.03 | arps: 0.00 | adr: 0.27 | sps: 131.61 | remaining: 7:05:41
rμ: 0.62 | rσ: 0.65 | sμ: 145.78 | sσ: 187.49 | Pμ: 0.72 | Pσ: 0.45 | Vμ: 0.07 | Vσ: 0.26 | num_steps: 1703936 | entropy: 2.01 | value: 0.13 | policy_loss: 0.00 | value_loss: 0.01 | grad_norm: 0.04 | arps: 0.02 | adr: 0.29 | sps: 134.05 | remaining: 6:49:48
Saved training status
rμ: 0.69 | rσ: 0.61 | sμ: 119.87 | sσ: 172.05 | Pμ: 0.77 | Pσ: 0.42 | Vμ: 0.06 | Vσ: 0.24 | num_steps: 1769472 | entropy: 1.96 | value: 0.15 | policy_loss: -0.00 | value_loss: 0.01 | grad_norm: 0.04 | arps: 0.03 | adr: 0.34 | sps: 122.76 | remaining: 7:18:36
rμ: 0.65 | rσ: 0.68 | sμ: 107.17 | sσ: 156.87 | Pμ: 0.77 | Pσ: 0.42 | Vμ: 0.10 | Vσ: 0.30 | num_steps: 1835008 | entropy: 1.93 | value: 0.18 | policy_loss: -0.00 | value_loss: 0.01 | grad_norm: 0.05 | arps: 0.01 | adr: 0.29 | sps: 124.05 | remaining: 7:05:14
Saved training status
rμ: 0.70 | rσ: 0.62 | sμ: 104.39 | sσ: 156.14 | Pμ: 0.79 | Pσ: 0.41 | Vμ: 0.07 | Vσ: 0.26 | num_steps: 1900544 | entropy: 1.93 | value: 0.16 | policy_loss: -0.01 | value_loss: 0.01 | grad_norm: 0.05 | arps: 0.03 | adr: 0.33 | sps: 122.23 | remaining: 7:02:38
rμ: 0.74 | rσ: 0.58 | sμ: 107.10 | sσ: 156.55 | Pμ: 0.81 | Pσ: 0.39 | Vμ: 0.07 | Vσ: 0.26 | num_steps: 1966080 | entropy: 1.92 | value: 0.18 | policy_loss: -0.00 | value_loss: 0.01 | grad_norm: 0.05 | arps: 0.04 | adr: 0.36 | sps: 119.96 | remaining: 7:01:30
Saved training status
rμ: 0.74 | rσ: 0.60 | sμ: 90.01 | sσ: 141.63 | Pμ: 0.82 | Pσ: 0.38 | Vμ: 0.08 | Vσ: 0.27 | num_steps: 2031616 | entropy: 1.87 | value: 0.21 | policy_loss: -0.01 | value_loss: 0.01 | grad_norm: 0.05 | arps: 0.03 | adr: 0.36 | sps: 121.45 | remaining: 6:47:21
rμ: 0.75 | rσ: 0.59 | sμ: 92.26 | sσ: 139.92 | Pμ: 0.83 | Pσ: 0.38 | Vμ: 0.07 | Vσ: 0.25 | num_steps: 2097152 | entropy: 1.85 | value: 0.22 | policy_loss: -0.00 | value_loss: 0.01 | grad_norm: 0.05 | arps: 0.03 | adr: 0.34 | sps: 122.56 | remaining: 6:34:44
Saved training status
rμ: 0.77 | rσ: 0.56 | sμ: 90.59 | sσ: 142.93 | Pμ: 0.83 | Pσ: 0.37 | Vμ: 0.07 | Vσ: 0.25 | num_steps: 2162688 | entropy: 1.86 | value: 0.22 | policy_loss: -0.00 | value_loss: 0.01 | grad_norm: 0.04 | arps: 0.04 | adr: 0.38 | sps: 120.41 | remaining: 6:32:43
rμ: 0.77 | rσ: 0.58 | sμ: 78.49 | sσ: 124.94 | Pμ: 0.85 | Pσ: 0.36 | Vμ: 0.08 | Vσ: 0.27 | num_steps: 2228224 | entropy: 1.79 | value: 0.25 | policy_loss: -0.01 | value_loss: 0.01 | grad_norm: 0.05 | arps: 0.03 | adr: 0.38 | sps: 134.39 | remaining: 5:43:44
Saved training status
================================================================================
Stage 0 completed.
================================================================================
rμ: 0.77 | rσ: 0.60 | sμ: 70.00 | sσ: 113.77 | Pμ: 0.86 | Pσ: 0.35 | Vμ: 0.08 | Vσ: 0.28 | num_steps: 2293760 | entropy: 1.73 | value: 0.30 | policy_loss: -0.00 | value_loss: 0.01 | grad_norm: 0.06 | arps: 0.03 | adr: 0.37 | sps: 136.49 | remaining: 5:30:27
rμ: 0.68 | rσ: 0.68 | sμ: 78.83 | sσ: 130.26 | Pμ: 0.80 | Pσ: 0.40 | Vμ: 0.11 | Vσ: 0.32 | num_steps: 2359296 | entropy: 1.82 | value: 0.32 | policy_loss: 0.04 | value_loss: 0.02 | grad_norm: 0.11 | arps: 0.02 | adr: 0.33 | sps: 140.77 | remaining: 5:12:39
Saved training status
rμ: 0.66 | rσ: 0.70 | sμ: 81.93 | sσ: 131.68 | Pμ: 0.79 | Pσ: 0.41 | Vμ: 0.13 | Vσ: 0.33 | num_steps: 2424832 | entropy: 1.85 | value: 0.26 | policy_loss: 0.02 | value_loss: 0.02 | grad_norm: 0.08 | arps: 0.02 | adr: 0.32 | sps: 138.01 | remaining: 5:10:58
rμ: 0.66 | rσ: 0.69 | sμ: 78.51 | sσ: 130.95 | Pμ: 0.79 | Pσ: 0.41 | Vμ: 0.12 | Vσ: 0.33 | num_steps: 2490368 | entropy: 1.83 | value: 0.26 | policy_loss: 0.02 | value_loss: 0.01 | grad_norm: 0.09 | arps: 0.03 | adr: 0.33 | sps: 141.67 | remaining: 4:55:14
Saved training status
rμ: 0.71 | rσ: 0.65 | sμ: 77.16 | sσ: 127.19 | Pμ: 0.82 | Pσ: 0.38 | Vμ: 0.11 | Vσ: 0.31 | num_steps: 2555904 | entropy: 1.82 | value: 0.27 | policy_loss: 0.01 | value_loss: 0.01 | grad_norm: 0.08 | arps: 0.03 | adr: 0.36 | sps: 141.77 | remaining: 4:47:19
rμ: 0.70 | rσ: 0.67 | sμ: 73.93 | sσ: 125.87 | Pμ: 0.81 | Pσ: 0.39 | Vμ: 0.11 | Vσ: 0.31 | num_steps: 2621440 | entropy: 1.81 | value: 0.28 | policy_loss: 0.02 | value_loss: 0.01 | grad_norm: 0.08 | arps: 0.03 | adr: 0.36 | sps: 138.65 | remaining: 4:45:54
Saved training status
rμ: 0.72 | rσ: 0.66 | sμ: 66.49 | sσ: 110.01 | Pμ: 0.83 | Pσ: 0.37 | Vμ: 0.11 | Vσ: 0.31 | num_steps: 2686976 | entropy: 1.77 | value: 0.31 | policy_loss: 0.01 | value_loss: 0.02 | grad_norm: 0.08 | arps: 0.03 | adr: 0.36 | sps: 140.98 | remaining: 4:33:26
rμ: 0.69 | rσ: 0.70 | sμ: 61.81 | sσ: 104.42 | Pμ: 0.82 | Pσ: 0.38 | Vμ: 0.13 | Vσ: 0.34 | num_steps: 2752512 | entropy: 1.74 | value: 0.32 | policy_loss: 0.01 | value_loss: 0.02 | grad_norm: 0.09 | arps: 0.03 | adr: 0.34 | sps: 137.47 | remaining: 4:32:28
Saved training status
rμ: 0.70 | rσ: 0.68 | sμ: 61.47 | sσ: 100.93 | Pμ: 0.83 | Pσ: 0.37 | Vμ: 0.12 | Vσ: 0.33 | num_steps: 2818048 | entropy: 1.75 | value: 0.31 | policy_loss: 0.01 | value_loss: 0.02 | grad_norm: 0.09 | arps: 0.04 | adr: 0.37 | sps: 137.56 | remaining: 4:24:21
rμ: 0.71 | rσ: 0.67 | sμ: 60.95 | sσ: 101.04 | Pμ: 0.84 | Pσ: 0.37 | Vμ: 0.12 | Vσ: 0.32 | num_steps: 2883584 | entropy: 1.72 | value: 0.33 | policy_loss: 0.01 | value_loss: 0.02 | grad_norm: 0.09 | arps: 0.03 | adr: 0.37 | sps: 139.71 | remaining: 4:12:29
Saved training status
rμ: 0.69 | rσ: 0.70 | sμ: 61.54 | sσ: 102.85 | Pμ: 0.82 | Pσ: 0.38 | Vμ: 0.13 | Vσ: 0.34 | num_steps: 2949120 | entropy: 1.74 | value: 0.30 | policy_loss: 0.01 | value_loss: 0.02 | grad_norm: 0.09 | arps: 0.04 | adr: 0.36 | sps: 136.61 | remaining: 4:10:12
rμ: 0.76 | rσ: 0.62 | sμ: 56.76 | sσ: 94.44 | Pμ: 0.86 | Pσ: 0.35 | Vμ: 0.10 | Vσ: 0.30 | num_steps: 3014656 | entropy: 1.69 | value: 0.35 | policy_loss: 0.00 | value_loss: 0.02 | grad_norm: 0.08 | arps: 0.04 | adr: 0.39 | sps: 139.04 | remaining: 3:57:58
Saved training status
rμ: 0.73 | rσ: 0.64 | sμ: 68.80 | sσ: 116.79 | Pμ: 0.84 | Pσ: 0.37 | Vμ: 0.10 | Vσ: 0.29 | num_steps: 3080192 | entropy: 1.76 | value: 0.29 | policy_loss: 0.01 | value_loss: 0.01 | grad_norm: 0.08 | arps: 0.03 | adr: 0.38 | sps: 140.81 | remaining: 3:47:14
rμ: 0.74 | rσ: 0.64 | sμ: 60.13 | sσ: 102.32 | Pμ: 0.85 | Pσ: 0.36 | Vμ: 0.11 | Vσ: 0.31 | num_steps: 3145728 | entropy: 1.69 | value: 0.34 | policy_loss: 0.01 | value_loss: 0.02 | grad_norm: 0.08 | arps: 0.03 | adr: 0.39 | sps: 136.20 | remaining: 3:46:54
Saved training status
rμ: 0.76 | rσ: 0.62 | sμ: 57.16 | sσ: 98.68 | Pμ: 0.86 | Pσ: 0.35 | Vμ: 0.10 | Vσ: 0.30 | num_steps: 3211264 | entropy: 1.66 | value: 0.33 | policy_loss: -0.00 | value_loss: 0.02 | grad_norm: 0.08 | arps: 0.04 | adr: 0.41 | sps: 134.70 | remaining: 3:41:19
rμ: 0.76 | rσ: 0.62 | sμ: 55.90 | sσ: 100.62 | Pμ: 0.86 | Pσ: 0.35 | Vμ: 0.09 | Vσ: 0.29 | num_steps: 3276800 | entropy: 1.68 | value: 0.34 | policy_loss: 0.01 | value_loss: 0.02 | grad_norm: 0.09 | arps: 0.04 | adr: 0.41 | sps: 139.58 | remaining: 3:25:45
Saved training status
rμ: 0.73 | rσ: 0.66 | sμ: 55.69 | sσ: 98.46 | Pμ: 0.84 | Pσ: 0.36 | Vμ: 0.11 | Vσ: 0.32 | num_steps: 3342336 | entropy: 1.68 | value: 0.34 | policy_loss: 0.01 | value_loss: 0.02 | grad_norm: 0.09 | arps: 0.03 | adr: 0.39 | sps: 139.60 | remaining: 3:17:54
rμ: 0.72 | rσ: 0.66 | sμ: 54.27 | sσ: 94.21 | Pμ: 0.84 | Pσ: 0.36 | Vμ: 0.12 | Vσ: 0.32 | num_steps: 3407872 | entropy: 1.67 | value: 0.33 | policy_loss: 0.01 | value_loss: 0.02 | grad_norm: 0.09 | arps: 0.05 | adr: 0.41 | sps: 139.69 | remaining: 3:09:57
Saved training status
rμ: 0.74 | rσ: 0.64 | sμ: 54.64 | sσ: 94.16 | Pμ: 0.86 | Pσ: 0.35 | Vμ: 0.11 | Vσ: 0.31 | num_steps: 3473408 | entropy: 1.64 | value: 0.37 | policy_loss: 0.02 | value_loss: 0.02 | grad_norm: 0.09 | arps: 0.03 | adr: 0.40 | sps: 132.09 | remaining: 3:12:36
rμ: 0.78 | rσ: 0.59 | sμ: 52.27 | sσ: 92.37 | Pμ: 0.88 | Pσ: 0.33 | Vμ: 0.09 | Vσ: 0.29 | num_steps: 3538944 | entropy: 1.64 | value: 0.37 | policy_loss: 0.01 | value_loss: 0.01 | grad_norm: 0.08 | arps: 0.04 | adr: 0.44 | sps: 137.01 | remaining: 2:57:43
Saved training status
rμ: 0.76 | rσ: 0.62 | sμ: 51.22 | sσ: 86.96 | Pμ: 0.87 | Pσ: 0.34 | Vμ: 0.10 | Vσ: 0.30 | num_steps: 3604480 | entropy: 1.62 | value: 0.38 | policy_loss: 0.02 | value_loss: 0.02 | grad_norm: 0.09 | arps: 0.04 | adr: 0.41 | sps: 138.59 | remaining: 2:47:49
rμ: 0.75 | rσ: 0.63 | sμ: 56.85 | sσ: 101.05 | Pμ: 0.86 | Pσ: 0.35 | Vμ: 0.10 | Vσ: 0.30 | num_steps: 3670016 | entropy: 1.67 | value: 0.33 | policy_loss: 0.01 | value_loss: 0.02 | grad_norm: 0.09 | arps: 0.04 | adr: 0.42 | sps: 140.63 | remaining: 2:37:37
Saved training status
rμ: 0.76 | rσ: 0.63 | sμ: 49.91 | sσ: 82.14 | Pμ: 0.87 | Pσ: 0.34 | Vμ: 0.10 | Vσ: 0.30 | num_steps: 3735552 | entropy: 1.58 | value: 0.39 | policy_loss: 0.01 | value_loss: 0.02 | grad_norm: 0.10 | arps: 0.04 | adr: 0.41 | sps: 134.06 | remaining: 2:37:12
rμ: 0.77 | rσ: 0.61 | sμ: 52.39 | sσ: 91.88 | Pμ: 0.87 | Pσ: 0.34 | Vμ: 0.09 | Vσ: 0.29 | num_steps: 3801088 | entropy: 1.62 | value: 0.37 | policy_loss: 0.01 | value_loss: 0.02 | grad_norm: 0.09 | arps: 0.04 | adr: 0.43 | sps: 140.35 | remaining: 2:22:22
Saved training status
rμ: 0.77 | rσ: 0.62 | sμ: 48.94 | sσ: 82.37 | Pμ: 0.87 | Pσ: 0.33 | Vμ: 0.10 | Vσ: 0.29 | num_steps: 3866624 | entropy: 1.58 | value: 0.39 | policy_loss: 0.01 | value_loss: 0.02 | grad_norm: 0.09 | arps: 0.04 | adr: 0.41 | sps: 135.99 | remaining: 2:18:54
rμ: 0.78 | rσ: 0.61 | sμ: 45.57 | sσ: 79.55 | Pμ: 0.88 | Pσ: 0.33 | Vμ: 0.09 | Vσ: 0.29 | num_steps: 3932160 | entropy: 1.56 | value: 0.40 | policy_loss: 0.01 | value_loss: 0.02 | grad_norm: 0.08 | arps: 0.04 | adr: 0.44 | sps: 138.24 | remaining: 2:08:44
Saved training status
rμ: 0.78 | rσ: 0.61 | sμ: 48.34 | sσ: 86.80 | Pμ: 0.87 | Pσ: 0.33 | Vμ: 0.09 | Vσ: 0.29 | num_steps: 3997696 | entropy: 1.59 | value: 0.38 | policy_loss: 0.00 | value_loss: 0.02 | grad_norm: 0.08 | arps: 0.04 | adr: 0.44 | sps: 141.63 | remaining: 1:57:57
rμ: 0.80 | rσ: 0.58 | sμ: 44.88 | sσ: 75.68 | Pμ: 0.89 | Pσ: 0.31 | Vμ: 0.08 | Vσ: 0.27 | num_steps: 4063232 | entropy: 1.53 | value: 0.44 | policy_loss: 0.01 | value_loss: 0.02 | grad_norm: 0.09 | arps: 0.05 | adr: 0.45 | sps: 139.90 | remaining: 1:51:36
Saved training status
rμ: 0.78 | rσ: 0.60 | sμ: 48.64 | sσ: 83.57 | Pμ: 0.88 | Pσ: 0.33 | Vμ: 0.09 | Vσ: 0.29 | num_steps: 4128768 | entropy: 1.58 | value: 0.39 | policy_loss: 0.01 | value_loss: 0.02 | grad_norm: 0.08 | arps: 0.05 | adr: 0.44 | sps: 140.06 | remaining: 1:43:40
rμ: 0.75 | rσ: 0.64 | sμ: 49.06 | sσ: 84.88 | Pμ: 0.86 | Pσ: 0.34 | Vμ: 0.11 | Vσ: 0.31 | num_steps: 4194304 | entropy: 1.57 | value: 0.38 | policy_loss: 0.01 | value_loss: 0.02 | grad_norm: 0.09 | arps: 0.04 | adr: 0.41 | sps: 143.59 | remaining: 1:33:30
Saved training status
rμ: 0.78 | rσ: 0.60 | sμ: 50.99 | sσ: 89.38 | Pμ: 0.87 | Pσ: 0.33 | Vμ: 0.09 | Vσ: 0.29 | num_steps: 4259840 | entropy: 1.60 | value: 0.37 | policy_loss: 0.01 | value_loss: 0.02 | grad_norm: 0.09 | arps: 0.04 | adr: 0.43 | sps: 137.73 | remaining: 1:29:33
rμ: 0.83 | rσ: 0.53 | sμ: 50.11 | sσ: 87.46 | Pμ: 0.90 | Pσ: 0.30 | Vμ: 0.07 | Vσ: 0.25 | num_steps: 4325376 | entropy: 1.55 | value: 0.41 | policy_loss: 0.01 | value_loss: 0.01 | grad_norm: 0.08 | arps: 0.04 | adr: 0.46 | sps: 139.60 | remaining: 1:20:32
Saved training status
rμ: 0.81 | rσ: 0.55 | sμ: 49.88 | sσ: 89.51 | Pμ: 0.89 | Pσ: 0.31 | Vμ: 0.07 | Vσ: 0.26 | num_steps: 4390912 | entropy: 1.55 | value: 0.40 | policy_loss: 0.01 | value_loss: 0.01 | grad_norm: 0.08 | arps: 0.05 | adr: 0.45 | sps: 141.83 | remaining: 1:11:34
rμ: 0.82 | rσ: 0.56 | sμ: 44.77 | sσ: 73.35 | Pμ: 0.90 | Pσ: 0.30 | Vμ: 0.08 | Vσ: 0.27 | num_steps: 4456448 | entropy: 1.50 | value: 0.43 | policy_loss: 0.01 | value_loss: 0.02 | grad_norm: 0.09 | arps: 0.04 | adr: 0.46 | sps: 141.72 | remaining: 1:03:55
Saved training status
rμ: 0.84 | rσ: 0.51 | sμ: 48.48 | sσ: 85.48 | Pμ: 0.91 | Pσ: 0.29 | Vμ: 0.06 | Vσ: 0.24 | num_steps: 4521984 | entropy: 1.52 | value: 0.41 | policy_loss: 0.00 | value_loss: 0.01 | grad_norm: 0.07 | arps: 0.05 | adr: 0.47 | sps: 140.59 | remaining: 0:56:40
rμ: 0.79 | rσ: 0.59 | sμ: 48.07 | sσ: 85.67 | Pμ: 0.88 | Pσ: 0.33 | Vμ: 0.09 | Vσ: 0.29 | num_steps: 4587520 | entropy: 1.53 | value: 0.40 | policy_loss: 0.01 | value_loss: 0.02 | grad_norm: 0.09 | arps: 0.04 | adr: 0.44 | sps: 139.32 | remaining: 0:49:20
Saved training status
rμ: 0.81 | rσ: 0.57 | sμ: 45.79 | sσ: 80.00 | Pμ: 0.89 | Pσ: 0.31 | Vμ: 0.08 | Vσ: 0.28 | num_steps: 4653056 | entropy: 1.50 | value: 0.42 | policy_loss: 0.01 | value_loss: 0.02 | grad_norm: 0.08 | arps: 0.05 | adr: 0.46 | sps: 139.76 | remaining: 0:41:22
rμ: 0.80 | rσ: 0.58 | sμ: 45.97 | sσ: 81.90 | Pμ: 0.89 | Pσ: 0.32 | Vμ: 0.08 | Vσ: 0.28 | num_steps: 4718592 | entropy: 1.53 | value: 0.40 | policy_loss: 0.01 | value_loss: 0.02 | grad_norm: 0.09 | arps: 0.05 | adr: 0.46 | sps: 139.63 | remaining: 0:33:35
Saved training status
rμ: 0.80 | rσ: 0.58 | sμ: 48.43 | sσ: 86.46 | Pμ: 0.89 | Pσ: 0.32 | Vμ: 0.08 | Vσ: 0.27 | num_steps: 4784128 | entropy: 1.52 | value: 0.40 | policy_loss: 0.01 | value_loss: 0.02 | grad_norm: 0.08 | arps: 0.04 | adr: 0.45 | sps: 140.31 | remaining: 0:25:38
rμ: 0.81 | rσ: 0.56 | sμ: 45.12 | sσ: 80.66 | Pμ: 0.89 | Pσ: 0.31 | Vμ: 0.08 | Vσ: 0.27 | num_steps: 4849664 | entropy: 1.51 | value: 0.40 | policy_loss: -0.00 | value_loss: 0.01 | grad_norm: 0.08 | arps: 0.05 | adr: 0.47 | sps: 138.52 | remaining: 0:18:05
Saved training status
rμ: 0.80 | rσ: 0.58 | sμ: 44.42 | sσ: 77.29 | Pμ: 0.89 | Pσ: 0.31 | Vμ: 0.09 | Vσ: 0.28 | num_steps: 4915200 | entropy: 1.48 | value: 0.44 | policy_loss: 0.01 | value_loss: 0.02 | grad_norm: 0.09 | arps: 0.05 | adr: 0.46 | sps: 144.56 | remaining: 0:09:46
rμ: 0.83 | rσ: 0.53 | sμ: 42.29 | sσ: 72.33 | Pμ: 0.91 | Pσ: 0.29 | Vμ: 0.07 | Vσ: 0.26 | num_steps: 4980736 | entropy: 1.45 | value: 0.43 | policy_loss: -0.00 | value_loss: 0.02 | grad_norm: 0.08 | arps: 0.05 | adr: 0.48 | sps: 139.19 | remaining: 0:02:18
Saved training status
rμ: 0.81 | rσ: 0.57 | sμ: 42.18 | sσ: 73.93 | Pμ: 0.89 | Pσ: 0.31 | Vμ: 0.08 | Vσ: 0.28 | num_steps: 5046272 | entropy: 1.46 | value: 0.44 | policy_loss: 0.01 | value_loss: 0.02 | grad_norm: 0.09 | arps: 0.04 | adr: 0.47 | sps: 146.09 | remaining: 0:00:00
Training took 10:33:59.
