[32mCurriculum stage: 0[39m
[32mCurriculum stage: 0[39m
[32mCurriculum stage: 0[39m
[32mCurriculum stage: 0[39m
[32mCurriculum stage: 0[39m
[32mCurriculum stage: 0[39m
[32mCurriculum stage: 0[39m
[32mCurriculum stage: 0[39m
[32mCurriculum stage: 0[39m
[32mCurriculum stage: 0[39m
[32mCurriculum stage: 0[39m
[32mCurriculum stage: 0[39m
[32mCurriculum stage: 0[39m
[32mCurriculum stage: 0[39m
[32mCurriculum stage: 0[39m
[32mCurriculum stage: 0[39m
Using seeds: [96000300, 96000301, 96000302, 96000303, 96000304, 96000305, 96000306, 96000307, 96000308, 96000309, 96000310, 96000311, 96000312, 96000313, 96000314, 96000315]
Environments loaded.
Number of assignments: 13
Observation shape: (2,)
Num LTLNet params: 7664
ExperimentConfig(name='v3_confirm_ppo_5m_flatworld_seed_960003', env='FlatWorld-v0', num_steps=5000000, seed=960003, save_dir='experiments', log_interval=1, save_interval=2, eval_interval=200000, num_procs=16, device='cuda', ltl_sampler=None)
Num parameters: 27451
rμ: -0.74 | rσ: 0.55 | sμ: 160.21 | sσ: 182.97 | Pμ: 0.05 | Pσ: 0.23 | Vμ: 0.07 | Vσ: 0.25 | num_steps: 65536 | entropy: 2.18 | value: -0.01 | policy_loss: 0.06 | value_loss: 0.02 | grad_norm: 0.02 | arps: -0.10 | adr: -0.34 | sps: 148.21 | remaining: 9:14:54
rμ: -0.21 | rσ: 0.71 | sμ: 289.86 | sσ: 214.37 | Pμ: 0.17 | Pσ: 0.38 | Vμ: 0.21 | Vσ: 0.41 | num_steps: 131072 | entropy: 2.18 | value: 0.00 | policy_loss: 0.01 | value_loss: 0.01 | grad_norm: 0.01 | arps: -0.05 | adr: -0.14 | sps: 145.58 | remaining: 9:17:24
Saved training status
rμ: -0.00 | rσ: 0.67 | sμ: 326.90 | sσ: 211.06 | Pμ: 0.22 | Pσ: 0.42 | Vμ: 0.14 | Vσ: 0.35 | num_steps: 196608 | entropy: 2.17 | value: 0.00 | policy_loss: -0.00 | value_loss: 0.01 | grad_norm: 0.02 | arps: -0.03 | adr: -0.06 | sps: 145.40 | remaining: 9:10:35
rμ: 0.13 | rσ: 0.76 | sμ: 302.38 | sσ: 193.90 | Pμ: 0.36 | Pσ: 0.48 | Vμ: 0.15 | Vσ: 0.35 | num_steps: 262144 | entropy: 2.16 | value: 0.02 | policy_loss: -0.01 | value_loss: 0.01 | grad_norm: 0.02 | arps: -0.03 | adr: -0.04 | sps: 148.03 | remaining: 8:53:25
Saved training status
rμ: 0.35 | rσ: 0.72 | sμ: 269.97 | sσ: 199.75 | Pμ: 0.50 | Pσ: 0.50 | Vμ: 0.10 | Vσ: 0.31 | num_steps: 327680 | entropy: 2.15 | value: 0.03 | policy_loss: -0.02 | value_loss: 0.01 | grad_norm: 0.02 | arps: -0.02 | adr: 0.04 | sps: 144.66 | remaining: 8:58:18
rμ: 0.38 | rσ: 0.72 | sμ: 233.25 | sσ: 203.81 | Pμ: 0.53 | Pσ: 0.50 | Vμ: 0.12 | Vσ: 0.32 | num_steps: 393216 | entropy: 2.13 | value: 0.04 | policy_loss: -0.01 | value_loss: 0.01 | grad_norm: 0.03 | arps: 0.01 | adr: 0.10 | sps: 162.38 | remaining: 7:52:49
Saved training status
rμ: 0.42 | rσ: 0.72 | sμ: 213.77 | sσ: 204.20 | Pμ: 0.55 | Pσ: 0.50 | Vμ: 0.11 | Vσ: 0.31 | num_steps: 458752 | entropy: 2.12 | value: 0.05 | policy_loss: -0.02 | value_loss: 0.01 | grad_norm: 0.02 | arps: -0.00 | adr: 0.09 | sps: 161.56 | remaining: 7:48:28
rμ: 0.34 | rσ: 0.73 | sμ: 231.63 | sσ: 211.58 | Pμ: 0.50 | Pσ: 0.50 | Vμ: 0.10 | Vσ: 0.30 | num_steps: 524288 | entropy: 2.11 | value: 0.04 | policy_loss: -0.01 | value_loss: 0.00 | grad_norm: 0.02 | arps: -0.01 | adr: 0.10 | sps: 161.75 | remaining: 7:41:10
Saved training status
rμ: 0.37 | rσ: 0.69 | sμ: 236.58 | sσ: 220.05 | Pμ: 0.49 | Pσ: 0.50 | Vμ: 0.07 | Vσ: 0.25 | num_steps: 589824 | entropy: 2.12 | value: 0.04 | policy_loss: -0.01 | value_loss: 0.00 | grad_norm: 0.03 | arps: 0.00 | adr: 0.16 | sps: 172.27 | remaining: 7:06:40
rμ: 0.39 | rσ: 0.70 | sμ: 224.78 | sσ: 218.22 | Pμ: 0.51 | Pσ: 0.50 | Vμ: 0.09 | Vσ: 0.28 | num_steps: 655360 | entropy: 2.10 | value: 0.03 | policy_loss: -0.01 | value_loss: 0.00 | grad_norm: 0.02 | arps: 0.01 | adr: 0.16 | sps: 104.15 | remaining: 11:35:15
Saved training status
rμ: 0.51 | rσ: 0.66 | sμ: 197.02 | sσ: 210.80 | Pμ: 0.60 | Pσ: 0.49 | Vμ: 0.05 | Vσ: 0.22 | num_steps: 720896 | entropy: 2.09 | value: 0.05 | policy_loss: -0.01 | value_loss: 0.00 | grad_norm: 0.03 | arps: 0.02 | adr: 0.24 | sps: 101.92 | remaining: 11:39:45
rμ: 0.46 | rσ: 0.69 | sμ: 198.90 | sσ: 215.73 | Pμ: 0.57 | Pσ: 0.49 | Vμ: 0.09 | Vσ: 0.29 | num_steps: 786432 | entropy: 2.08 | value: 0.05 | policy_loss: -0.01 | value_loss: 0.00 | grad_norm: 0.03 | arps: 0.02 | adr: 0.23 | sps: 106.95 | remaining: 10:56:39
Saved training status
rμ: 0.43 | rσ: 0.68 | sμ: 215.44 | sσ: 220.38 | Pμ: 0.54 | Pσ: 0.50 | Vμ: 0.08 | Vσ: 0.28 | num_steps: 851968 | entropy: 2.09 | value: 0.04 | policy_loss: -0.01 | value_loss: 0.00 | grad_norm: 0.03 | arps: 0.01 | adr: 0.20 | sps: 98.01 | remaining: 11:45:20
rμ: 0.48 | rσ: 0.68 | sμ: 189.16 | sσ: 213.60 | Pμ: 0.59 | Pσ: 0.49 | Vμ: 0.08 | Vσ: 0.27 | num_steps: 917504 | entropy: 2.07 | value: 0.06 | policy_loss: -0.01 | value_loss: 0.00 | grad_norm: 0.03 | arps: 0.02 | adr: 0.23 | sps: 100.21 | remaining: 11:19:00
Saved training status
rμ: 0.48 | rσ: 0.69 | sμ: 184.49 | sσ: 211.43 | Pμ: 0.59 | Pσ: 0.49 | Vμ: 0.08 | Vσ: 0.28 | num_steps: 983040 | entropy: 2.07 | value: 0.06 | policy_loss: -0.01 | value_loss: 0.00 | grad_norm: 0.03 | arps: 0.02 | adr: 0.24 | sps: 103.59 | remaining: 10:46:17
rμ: 0.45 | rσ: 0.69 | sμ: 199.75 | sσ: 215.80 | Pμ: 0.56 | Pσ: 0.50 | Vμ: 0.09 | Vσ: 0.29 | num_steps: 1048576 | entropy: 2.08 | value: 0.06 | policy_loss: -0.00 | value_loss: 0.00 | grad_norm: 0.03 | arps: 0.01 | adr: 0.22 | sps: 99.40 | remaining: 11:02:31
Saved training status
rμ: 0.55 | rσ: 0.66 | sμ: 174.67 | sσ: 206.56 | Pμ: 0.64 | Pσ: 0.48 | Vμ: 0.07 | Vσ: 0.26 | num_steps: 1114112 | entropy: 2.05 | value: 0.08 | policy_loss: -0.00 | value_loss: 0.00 | grad_norm: 0.03 | arps: 0.02 | adr: 0.27 | sps: 101.47 | remaining: 10:38:15
rμ: 0.54 | rσ: 0.67 | sμ: 170.26 | sσ: 204.28 | Pμ: 0.65 | Pσ: 0.48 | Vμ: 0.08 | Vσ: 0.28 | num_steps: 1179648 | entropy: 2.05 | value: 0.09 | policy_loss: -0.00 | value_loss: 0.00 | grad_norm: 0.03 | arps: 0.01 | adr: 0.25 | sps: 102.67 | remaining: 10:20:09
Saved training status
rμ: 0.60 | rσ: 0.65 | sμ: 151.69 | sσ: 193.29 | Pμ: 0.69 | Pσ: 0.46 | Vμ: 0.08 | Vσ: 0.27 | num_steps: 1245184 | entropy: 2.03 | value: 0.10 | policy_loss: -0.00 | value_loss: 0.01 | grad_norm: 0.03 | arps: 0.02 | adr: 0.28 | sps: 96.06 | remaining: 10:51:26
rμ: 0.68 | rσ: 0.62 | sμ: 129.72 | sσ: 170.88 | Pμ: 0.76 | Pσ: 0.43 | Vμ: 0.06 | Vσ: 0.24 | num_steps: 1310720 | entropy: 1.99 | value: 0.13 | policy_loss: -0.01 | value_loss: 0.01 | grad_norm: 0.04 | arps: 0.02 | adr: 0.30 | sps: 93.45 | remaining: 10:57:57
Saved training status
rμ: 0.64 | rσ: 0.66 | sμ: 129.87 | sσ: 174.45 | Pμ: 0.74 | Pσ: 0.44 | Vμ: 0.08 | Vσ: 0.28 | num_steps: 1376256 | entropy: 2.00 | value: 0.13 | policy_loss: -0.01 | value_loss: 0.01 | grad_norm: 0.04 | arps: 0.02 | adr: 0.29 | sps: 102.11 | remaining: 9:51:27
rμ: 0.71 | rσ: 0.60 | sμ: 115.69 | sσ: 163.44 | Pμ: 0.78 | Pσ: 0.41 | Vμ: 0.07 | Vσ: 0.25 | num_steps: 1441792 | entropy: 1.96 | value: 0.17 | policy_loss: -0.00 | value_loss: 0.01 | grad_norm: 0.04 | arps: 0.02 | adr: 0.32 | sps: 99.30 | remaining: 9:57:13
Saved training status
rμ: 0.70 | rσ: 0.64 | sμ: 102.03 | sσ: 150.96 | Pμ: 0.79 | Pσ: 0.40 | Vμ: 0.08 | Vσ: 0.27 | num_steps: 1507328 | entropy: 1.91 | value: 0.18 | policy_loss: -0.01 | value_loss: 0.01 | grad_norm: 0.04 | arps: 0.02 | adr: 0.32 | sps: 100.84 | remaining: 9:37:17
rμ: 0.72 | rσ: 0.61 | sμ: 99.96 | sσ: 149.59 | Pμ: 0.81 | Pσ: 0.40 | Vμ: 0.08 | Vσ: 0.27 | num_steps: 1572864 | entropy: 1.91 | value: 0.20 | policy_loss: -0.00 | value_loss: 0.01 | grad_norm: 0.04 | arps: 0.03 | adr: 0.33 | sps: 98.81 | remaining: 9:38:03
Saved training status
rμ: 0.78 | rσ: 0.54 | sμ: 96.71 | sσ: 146.32 | Pμ: 0.84 | Pσ: 0.37 | Vμ: 0.05 | Vσ: 0.22 | num_steps: 1638400 | entropy: 1.87 | value: 0.21 | policy_loss: -0.01 | value_loss: 0.01 | grad_norm: 0.04 | arps: 0.03 | adr: 0.36 | sps: 101.83 | remaining: 9:10:11
rμ: 0.76 | rσ: 0.58 | sμ: 85.14 | sσ: 134.64 | Pμ: 0.84 | Pσ: 0.37 | Vμ: 0.07 | Vσ: 0.26 | num_steps: 1703936 | entropy: 1.84 | value: 0.22 | policy_loss: -0.01 | value_loss: 0.01 | grad_norm: 0.05 | arps: 0.03 | adr: 0.38 | sps: 105.46 | remaining: 8:40:54
Saved training status
rμ: 0.76 | rσ: 0.57 | sμ: 95.06 | sσ: 145.33 | Pμ: 0.83 | Pσ: 0.38 | Vμ: 0.06 | Vσ: 0.25 | num_steps: 1769472 | entropy: 1.86 | value: 0.22 | policy_loss: -0.00 | value_loss: 0.01 | grad_norm: 0.05 | arps: 0.03 | adr: 0.36 | sps: 112.11 | remaining: 8:00:16
rμ: 0.76 | rσ: 0.58 | sμ: 82.31 | sσ: 132.70 | Pμ: 0.84 | Pσ: 0.37 | Vμ: 0.07 | Vσ: 0.26 | num_steps: 1835008 | entropy: 1.81 | value: 0.25 | policy_loss: -0.00 | value_loss: 0.01 | grad_norm: 0.05 | arps: 0.02 | adr: 0.37 | sps: 106.44 | remaining: 8:15:35
Saved training status
================================================================================
Stage 0 completed.
================================================================================
rμ: 0.79 | rσ: 0.56 | sμ: 79.23 | sσ: 126.09 | Pμ: 0.86 | Pσ: 0.35 | Vμ: 0.07 | Vσ: 0.25 | num_steps: 1900544 | entropy: 1.79 | value: 0.26 | policy_loss: -0.00 | value_loss: 0.01 | grad_norm: 0.05 | arps: 0.03 | adr: 0.38 | sps: 103.93 | remaining: 8:17:02
rμ: 0.61 | rσ: 0.73 | sμ: 91.26 | sσ: 148.23 | Pμ: 0.76 | Pσ: 0.43 | Vμ: 0.14 | Vσ: 0.34 | num_steps: 1966080 | entropy: 1.88 | value: 0.31 | policy_loss: 0.07 | value_loss: 0.02 | grad_norm: 0.12 | arps: 0.03 | adr: 0.32 | sps: 105.13 | remaining: 8:00:58
Saved training status
rμ: 0.60 | rσ: 0.74 | sμ: 88.29 | sσ: 140.11 | Pμ: 0.76 | Pσ: 0.43 | Vμ: 0.14 | Vσ: 0.35 | num_steps: 2031616 | entropy: 1.90 | value: 0.29 | policy_loss: 0.05 | value_loss: 0.02 | grad_norm: 0.11 | arps: 0.02 | adr: 0.28 | sps: 102.71 | remaining: 8:01:42
rμ: 0.63 | rσ: 0.72 | sμ: 82.51 | sσ: 136.78 | Pμ: 0.78 | Pσ: 0.42 | Vμ: 0.13 | Vσ: 0.34 | num_steps: 2097152 | entropy: 1.86 | value: 0.26 | policy_loss: 0.02 | value_loss: 0.02 | grad_norm: 0.08 | arps: 0.02 | adr: 0.32 | sps: 102.45 | remaining: 7:52:13
Saved training status
rμ: 0.63 | rσ: 0.73 | sμ: 79.19 | sσ: 127.86 | Pμ: 0.78 | Pσ: 0.41 | Vμ: 0.14 | Vσ: 0.34 | num_steps: 2162688 | entropy: 1.85 | value: 0.29 | policy_loss: 0.04 | value_loss: 0.02 | grad_norm: 0.09 | arps: 0.03 | adr: 0.31 | sps: 103.91 | remaining: 7:35:04
rμ: 0.60 | rσ: 0.76 | sμ: 75.68 | sσ: 125.47 | Pμ: 0.77 | Pσ: 0.42 | Vμ: 0.15 | Vσ: 0.36 | num_steps: 2228224 | entropy: 1.85 | value: 0.27 | policy_loss: 0.02 | value_loss: 0.02 | grad_norm: 0.09 | arps: 0.02 | adr: 0.29 | sps: 121.55 | remaining: 6:20:04
Saved training status
rμ: 0.59 | rσ: 0.76 | sμ: 81.84 | sσ: 132.15 | Pμ: 0.76 | Pσ: 0.43 | Vμ: 0.16 | Vσ: 0.37 | num_steps: 2293760 | entropy: 1.85 | value: 0.26 | policy_loss: 0.03 | value_loss: 0.02 | grad_norm: 0.08 | arps: 0.02 | adr: 0.28 | sps: 122.71 | remaining: 6:07:33
rμ: 0.68 | rσ: 0.69 | sμ: 69.08 | sσ: 113.63 | Pμ: 0.82 | Pσ: 0.39 | Vμ: 0.13 | Vσ: 0.33 | num_steps: 2359296 | entropy: 1.80 | value: 0.30 | policy_loss: 0.02 | value_loss: 0.02 | grad_norm: 0.08 | arps: 0.03 | adr: 0.35 | sps: 109.76 | remaining: 6:40:59
Saved training status
rμ: 0.65 | rσ: 0.73 | sμ: 65.78 | sσ: 109.65 | Pμ: 0.80 | Pσ: 0.40 | Vμ: 0.15 | Vσ: 0.35 | num_steps: 2424832 | entropy: 1.79 | value: 0.29 | policy_loss: 0.02 | value_loss: 0.02 | grad_norm: 0.09 | arps: 0.03 | adr: 0.33 | sps: 110.00 | remaining: 6:30:09
rμ: 0.69 | rσ: 0.68 | sμ: 65.93 | sσ: 112.26 | Pμ: 0.82 | Pσ: 0.38 | Vμ: 0.12 | Vσ: 0.33 | num_steps: 2490368 | entropy: 1.77 | value: 0.30 | policy_loss: 0.01 | value_loss: 0.02 | grad_norm: 0.08 | arps: 0.03 | adr: 0.36 | sps: 105.26 | remaining: 6:37:22
Saved training status
rμ: 0.66 | rσ: 0.72 | sμ: 62.20 | sσ: 106.47 | Pμ: 0.81 | Pσ: 0.39 | Vμ: 0.14 | Vσ: 0.34 | num_steps: 2555904 | entropy: 1.78 | value: 0.30 | policy_loss: 0.01 | value_loss: 0.02 | grad_norm: 0.09 | arps: 0.03 | adr: 0.34 | sps: 121.42 | remaining: 5:35:29
rμ: 0.69 | rσ: 0.69 | sμ: 65.84 | sσ: 112.92 | Pμ: 0.82 | Pσ: 0.39 | Vμ: 0.12 | Vσ: 0.32 | num_steps: 2621440 | entropy: 1.77 | value: 0.30 | policy_loss: 0.01 | value_loss: 0.02 | grad_norm: 0.08 | arps: 0.02 | adr: 0.36 | sps: 105.58 | remaining: 6:15:28
Saved training status
rμ: 0.71 | rσ: 0.67 | sμ: 65.76 | sσ: 105.20 | Pμ: 0.84 | Pσ: 0.37 | Vμ: 0.11 | Vσ: 0.31 | num_steps: 2686976 | entropy: 1.78 | value: 0.30 | policy_loss: 0.01 | value_loss: 0.02 | grad_norm: 0.08 | arps: 0.03 | adr: 0.35 | sps: 114.18 | remaining: 5:37:37
rμ: 0.68 | rσ: 0.70 | sμ: 64.02 | sσ: 112.62 | Pμ: 0.81 | Pσ: 0.39 | Vμ: 0.13 | Vσ: 0.34 | num_steps: 2752512 | entropy: 1.77 | value: 0.29 | policy_loss: 0.01 | value_loss: 0.02 | grad_norm: 0.08 | arps: 0.03 | adr: 0.36 | sps: 122.66 | remaining: 5:05:23
Saved training status
rμ: 0.70 | rσ: 0.67 | sμ: 71.73 | sσ: 120.99 | Pμ: 0.82 | Pσ: 0.38 | Vμ: 0.12 | Vσ: 0.32 | num_steps: 2818048 | entropy: 1.81 | value: 0.30 | policy_loss: 0.03 | value_loss: 0.02 | grad_norm: 0.08 | arps: 0.03 | adr: 0.35 | sps: 123.27 | remaining: 4:55:01
rμ: 0.76 | rσ: 0.62 | sμ: 60.43 | sσ: 100.00 | Pμ: 0.86 | Pσ: 0.35 | Vμ: 0.10 | Vσ: 0.30 | num_steps: 2883584 | entropy: 1.73 | value: 0.35 | policy_loss: 0.01 | value_loss: 0.02 | grad_norm: 0.08 | arps: 0.03 | adr: 0.40 | sps: 110.96 | remaining: 5:17:54
Saved training status
rμ: 0.73 | rσ: 0.66 | sμ: 59.52 | sσ: 99.12 | Pμ: 0.85 | Pσ: 0.36 | Vμ: 0.11 | Vσ: 0.32 | num_steps: 2949120 | entropy: 1.71 | value: 0.34 | policy_loss: 0.01 | value_loss: 0.02 | grad_norm: 0.08 | arps: 0.03 | adr: 0.37 | sps: 109.57 | remaining: 5:11:57
rμ: 0.73 | rσ: 0.66 | sμ: 58.49 | sσ: 100.03 | Pμ: 0.85 | Pσ: 0.36 | Vμ: 0.11 | Vσ: 0.31 | num_steps: 3014656 | entropy: 1.72 | value: 0.35 | policy_loss: 0.02 | value_loss: 0.02 | grad_norm: 0.09 | arps: 0.04 | adr: 0.38 | sps: 117.14 | remaining: 4:42:27
Saved training status
rμ: 0.73 | rσ: 0.67 | sμ: 56.10 | sσ: 91.64 | Pμ: 0.85 | Pσ: 0.36 | Vμ: 0.12 | Vσ: 0.32 | num_steps: 3080192 | entropy: 1.68 | value: 0.33 | policy_loss: -0.00 | value_loss: 0.02 | grad_norm: 0.08 | arps: 0.04 | adr: 0.37 | sps: 108.68 | remaining: 4:54:25
rμ: 0.74 | rσ: 0.65 | sμ: 57.54 | sσ: 97.33 | Pμ: 0.85 | Pσ: 0.36 | Vμ: 0.11 | Vσ: 0.31 | num_steps: 3145728 | entropy: 1.70 | value: 0.35 | policy_loss: 0.02 | value_loss: 0.02 | grad_norm: 0.10 | arps: 0.04 | adr: 0.40 | sps: 107.64 | remaining: 4:47:07
Saved training status
rμ: 0.76 | rσ: 0.63 | sμ: 56.26 | sσ: 92.43 | Pμ: 0.86 | Pσ: 0.35 | Vμ: 0.10 | Vσ: 0.30 | num_steps: 3211264 | entropy: 1.66 | value: 0.37 | policy_loss: 0.01 | value_loss: 0.02 | grad_norm: 0.09 | arps: 0.03 | adr: 0.38 | sps: 123.90 | remaining: 4:00:37
rμ: 0.74 | rσ: 0.65 | sμ: 54.43 | sσ: 89.36 | Pμ: 0.86 | Pσ: 0.35 | Vμ: 0.11 | Vσ: 0.32 | num_steps: 3276800 | entropy: 1.66 | value: 0.37 | policy_loss: 0.02 | value_loss: 0.02 | grad_norm: 0.09 | arps: 0.03 | adr: 0.38 | sps: 121.35 | remaining: 3:56:40
Saved training status
rμ: 0.68 | rσ: 0.71 | sμ: 57.98 | sσ: 96.67 | Pμ: 0.82 | Pσ: 0.38 | Vμ: 0.14 | Vσ: 0.34 | num_steps: 3342336 | entropy: 1.70 | value: 0.36 | policy_loss: 0.03 | value_loss: 0.02 | grad_norm: 0.10 | arps: 0.02 | adr: 0.34 | sps: 123.96 | remaining: 3:42:52
rμ: 0.76 | rσ: 0.64 | sμ: 52.14 | sσ: 82.99 | Pμ: 0.87 | Pσ: 0.34 | Vμ: 0.11 | Vσ: 0.31 | num_steps: 3407872 | entropy: 1.62 | value: 0.39 | policy_loss: 0.01 | value_loss: 0.02 | grad_norm: 0.09 | arps: 0.03 | adr: 0.39 | sps: 121.47 | remaining: 3:38:27
Saved training status
rμ: 0.78 | rσ: 0.61 | sμ: 51.06 | sσ: 86.71 | Pμ: 0.87 | Pσ: 0.33 | Vμ: 0.09 | Vσ: 0.29 | num_steps: 3473408 | entropy: 1.63 | value: 0.38 | policy_loss: 0.00 | value_loss: 0.02 | grad_norm: 0.09 | arps: 0.04 | adr: 0.42 | sps: 121.76 | remaining: 3:28:57
rμ: 0.78 | rσ: 0.61 | sμ: 49.49 | sσ: 79.63 | Pμ: 0.88 | Pσ: 0.33 | Vμ: 0.10 | Vσ: 0.29 | num_steps: 3538944 | entropy: 1.60 | value: 0.40 | policy_loss: 0.01 | value_loss: 0.02 | grad_norm: 0.09 | arps: 0.04 | adr: 0.42 | sps: 121.01 | remaining: 3:21:13
Saved training status
rμ: 0.77 | rσ: 0.62 | sμ: 53.69 | sσ: 92.00 | Pμ: 0.87 | Pσ: 0.34 | Vμ: 0.09 | Vσ: 0.29 | num_steps: 3604480 | entropy: 1.64 | value: 0.38 | policy_loss: 0.01 | value_loss: 0.02 | grad_norm: 0.08 | arps: 0.03 | adr: 0.40 | sps: 117.47 | remaining: 3:17:59
rμ: 0.75 | rσ: 0.65 | sμ: 49.45 | sσ: 77.81 | Pμ: 0.86 | Pσ: 0.34 | Vμ: 0.11 | Vσ: 0.32 | num_steps: 3670016 | entropy: 1.58 | value: 0.39 | policy_loss: 0.01 | value_loss: 0.02 | grad_norm: 0.09 | arps: 0.04 | adr: 0.40 | sps: 120.89 | remaining: 3:03:21
Saved training status
rμ: 0.77 | rσ: 0.62 | sμ: 46.74 | sσ: 78.38 | Pμ: 0.87 | Pσ: 0.33 | Vμ: 0.10 | Vσ: 0.30 | num_steps: 3735552 | entropy: 1.56 | value: 0.41 | policy_loss: 0.01 | value_loss: 0.02 | grad_norm: 0.09 | arps: 0.04 | adr: 0.42 | sps: 117.49 | remaining: 2:59:21
rμ: 0.76 | rσ: 0.63 | sμ: 47.83 | sσ: 80.97 | Pμ: 0.87 | Pσ: 0.34 | Vμ: 0.10 | Vσ: 0.30 | num_steps: 3801088 | entropy: 1.59 | value: 0.40 | policy_loss: 0.01 | value_loss: 0.02 | grad_norm: 0.08 | arps: 0.04 | adr: 0.41 | sps: 120.49 | remaining: 2:45:50
Saved training status
rμ: 0.74 | rσ: 0.66 | sμ: 49.18 | sσ: 82.64 | Pμ: 0.86 | Pσ: 0.35 | Vμ: 0.11 | Vσ: 0.32 | num_steps: 3866624 | entropy: 1.60 | value: 0.39 | policy_loss: 0.01 | value_loss: 0.02 | grad_norm: 0.09 | arps: 0.03 | adr: 0.39 | sps: 119.91 | remaining: 2:37:31
rμ: 0.78 | rσ: 0.60 | sμ: 48.01 | sσ: 82.42 | Pμ: 0.88 | Pσ: 0.33 | Vμ: 0.09 | Vσ: 0.29 | num_steps: 3932160 | entropy: 1.56 | value: 0.42 | policy_loss: 0.01 | value_loss: 0.02 | grad_norm: 0.09 | arps: 0.04 | adr: 0.42 | sps: 94.10 | remaining: 3:09:08
Saved training status
rμ: 0.80 | rσ: 0.58 | sμ: 45.82 | sσ: 76.32 | Pμ: 0.89 | Pσ: 0.31 | Vμ: 0.08 | Vσ: 0.27 | num_steps: 3997696 | entropy: 1.53 | value: 0.42 | policy_loss: -0.00 | value_loss: 0.02 | grad_norm: 0.09 | arps: 0.04 | adr: 0.44 | sps: 101.81 | remaining: 2:44:04
rμ: 0.79 | rσ: 0.59 | sμ: 50.93 | sσ: 90.14 | Pμ: 0.88 | Pσ: 0.33 | Vμ: 0.09 | Vσ: 0.28 | num_steps: 4063232 | entropy: 1.60 | value: 0.38 | policy_loss: 0.01 | value_loss: 0.02 | grad_norm: 0.08 | arps: 0.04 | adr: 0.43 | sps: 88.23 | remaining: 2:56:57
Saved training status
rμ: 0.78 | rσ: 0.61 | sμ: 50.29 | sσ: 85.21 | Pμ: 0.88 | Pσ: 0.33 | Vμ: 0.10 | Vσ: 0.30 | num_steps: 4128768 | entropy: 1.58 | value: 0.41 | policy_loss: 0.02 | value_loss: 0.02 | grad_norm: 0.11 | arps: 0.04 | adr: 0.42 | sps: 89.20 | remaining: 2:42:47
rμ: 0.79 | rσ: 0.60 | sμ: 47.93 | sσ: 82.07 | Pμ: 0.88 | Pσ: 0.33 | Vμ: 0.09 | Vσ: 0.29 | num_steps: 4194304 | entropy: 1.57 | value: 0.39 | policy_loss: 0.01 | value_loss: 0.02 | grad_norm: 0.08 | arps: 0.04 | adr: 0.44 | sps: 84.47 | remaining: 2:38:58
Saved training status
rμ: 0.76 | rσ: 0.63 | sμ: 48.76 | sσ: 85.19 | Pμ: 0.86 | Pσ: 0.34 | Vμ: 0.11 | Vσ: 0.31 | num_steps: 4259840 | entropy: 1.59 | value: 0.38 | policy_loss: 0.01 | value_loss: 0.02 | grad_norm: 0.10 | arps: 0.04 | adr: 0.42 | sps: 86.37 | remaining: 2:22:49
rμ: 0.77 | rσ: 0.62 | sμ: 47.37 | sσ: 81.13 | Pμ: 0.87 | Pσ: 0.33 | Vμ: 0.10 | Vσ: 0.29 | num_steps: 4325376 | entropy: 1.54 | value: 0.42 | policy_loss: 0.01 | value_loss: 0.02 | grad_norm: 0.10 | arps: 0.04 | adr: 0.42 | sps: 103.06 | remaining: 1:49:05
Saved training status
rμ: 0.80 | rσ: 0.59 | sμ: 46.38 | sσ: 76.84 | Pμ: 0.89 | Pσ: 0.31 | Vμ: 0.09 | Vσ: 0.28 | num_steps: 4390912 | entropy: 1.54 | value: 0.43 | policy_loss: 0.01 | value_loss: 0.02 | grad_norm: 0.09 | arps: 0.04 | adr: 0.43 | sps: 103.24 | remaining: 1:38:19
rμ: 0.78 | rσ: 0.61 | sμ: 44.66 | sσ: 73.83 | Pμ: 0.88 | Pσ: 0.33 | Vμ: 0.10 | Vσ: 0.30 | num_steps: 4456448 | entropy: 1.50 | value: 0.44 | policy_loss: 0.01 | value_loss: 0.02 | grad_norm: 0.09 | arps: 0.04 | adr: 0.42 | sps: 109.05 | remaining: 1:23:04
Saved training status
rμ: 0.80 | rσ: 0.58 | sμ: 46.76 | sσ: 78.18 | Pμ: 0.89 | Pσ: 0.31 | Vμ: 0.08 | Vσ: 0.27 | num_steps: 4521984 | entropy: 1.52 | value: 0.41 | policy_loss: 0.01 | value_loss: 0.02 | grad_norm: 0.09 | arps: 0.04 | adr: 0.45 | sps: 109.36 | remaining: 1:12:51
rμ: 0.80 | rσ: 0.59 | sμ: 43.63 | sσ: 73.92 | Pμ: 0.89 | Pσ: 0.31 | Vμ: 0.09 | Vσ: 0.28 | num_steps: 4587520 | entropy: 1.47 | value: 0.45 | policy_loss: 0.01 | value_loss: 0.02 | grad_norm: 0.11 | arps: 0.04 | adr: 0.44 | sps: 110.16 | remaining: 1:02:24
Saved training status
rμ: 0.80 | rσ: 0.59 | sμ: 44.14 | sσ: 75.00 | Pμ: 0.89 | Pσ: 0.32 | Vμ: 0.09 | Vσ: 0.29 | num_steps: 4653056 | entropy: 1.48 | value: 0.43 | policy_loss: 0.00 | value_loss: 0.02 | grad_norm: 0.10 | arps: 0.04 | adr: 0.44 | sps: 110.42 | remaining: 0:52:22
rμ: 0.80 | rσ: 0.59 | sμ: 41.09 | sσ: 67.25 | Pμ: 0.89 | Pσ: 0.31 | Vμ: 0.09 | Vσ: 0.29 | num_steps: 4718592 | entropy: 1.43 | value: 0.47 | policy_loss: 0.01 | value_loss: 0.02 | grad_norm: 0.10 | arps: 0.04 | adr: 0.45 | sps: 110.51 | remaining: 0:42:26
Saved training status
rμ: 0.83 | rσ: 0.54 | sμ: 44.70 | sσ: 75.98 | Pμ: 0.90 | Pσ: 0.30 | Vμ: 0.07 | Vσ: 0.26 | num_steps: 4784128 | entropy: 1.48 | value: 0.45 | policy_loss: 0.01 | value_loss: 0.02 | grad_norm: 0.09 | arps: 0.04 | adr: 0.46 | sps: 109.46 | remaining: 0:32:52
rμ: 0.84 | rσ: 0.53 | sμ: 41.11 | sσ: 67.84 | Pμ: 0.91 | Pσ: 0.28 | Vμ: 0.07 | Vσ: 0.26 | num_steps: 4849664 | entropy: 1.45 | value: 0.50 | policy_loss: 0.02 | value_loss: 0.02 | grad_norm: 0.11 | arps: 0.05 | adr: 0.48 | sps: 109.99 | remaining: 0:22:46
Saved training status
rμ: 0.81 | rσ: 0.57 | sμ: 42.35 | sσ: 72.09 | Pμ: 0.89 | Pσ: 0.31 | Vμ: 0.08 | Vσ: 0.28 | num_steps: 4915200 | entropy: 1.49 | value: 0.45 | policy_loss: 0.02 | value_loss: 0.02 | grad_norm: 0.10 | arps: 0.05 | adr: 0.47 | sps: 108.32 | remaining: 0:13:02
rμ: 0.81 | rσ: 0.57 | sμ: 44.14 | sσ: 75.73 | Pμ: 0.89 | Pσ: 0.31 | Vμ: 0.08 | Vσ: 0.27 | num_steps: 4980736 | entropy: 1.49 | value: 0.45 | policy_loss: 0.01 | value_loss: 0.02 | grad_norm: 0.09 | arps: 0.04 | adr: 0.45 | sps: 110.80 | remaining: 0:02:53
Saved training status
rμ: 0.81 | rσ: 0.56 | sμ: 43.91 | sσ: 73.44 | Pμ: 0.90 | Pσ: 0.30 | Vμ: 0.08 | Vσ: 0.27 | num_steps: 5046272 | entropy: 1.47 | value: 0.46 | policy_loss: 0.02 | value_loss: 0.02 | grad_norm: 0.09 | arps: 0.05 | adr: 0.45 | sps: 100.04 | remaining: 0:00:00
Training took 12:38:33.
