[32mCurriculum stage: 0[39m
[32mCurriculum stage: 0[39m
[32mCurriculum stage: 0[39m
[32mCurriculum stage: 0[39m
[32mCurriculum stage: 0[39m
[32mCurriculum stage: 0[39m
[32mCurriculum stage: 0[39m
[32mCurriculum stage: 0[39m
[32mCurriculum stage: 0[39m
[32mCurriculum stage: 0[39m
[32mCurriculum stage: 0[39m
[32mCurriculum stage: 0[39m
[32mCurriculum stage: 0[39m
[32mCurriculum stage: 0[39m
[32mCurriculum stage: 0[39m
[32mCurriculum stage: 0[39m
Using seeds: [92000400, 92000401, 92000402, 92000403, 92000404, 92000405, 92000406, 92000407, 92000408, 92000409, 92000410, 92000411, 92000412, 92000413, 92000414, 92000415]
Environments loaded.
Number of assignments: 5
Observation shape: (80,)
Num LTLNet params: 7536
ExperimentConfig(name='v3_confirm_ppo_5m_seed_920004', env='PointLtl2-v0', num_steps=5000000, seed=920004, save_dir='experiments', log_interval=1, save_interval=1, eval_interval=200000, num_procs=16, device='cuda', ltl_sampler=None)
Num parameters: 51446
rμ: -0.26 | rσ: 0.53 | sμ: 902.41 | sσ: 198.99 | Pμ: 0.05 | Pσ: 0.21 | Vμ: 0.00 | Vσ: 0.00 | num_steps: 65536 | entropy: 1.06 | value: -0.05 | policy_loss: -0.00 | value_loss: 0.01 | grad_norm: 0.06 | arps: -0.00 | adr: -0.05 | sps: 75.03 | remaining: 18:16:06
Saved training status
rμ: 0.00 | rσ: 0.30 | sμ: 968.33 | sσ: 107.98 | Pμ: 0.05 | Pσ: 0.21 | Vμ: 0.00 | Vσ: 0.00 | num_steps: 131072 | entropy: 1.09 | value: -0.04 | policy_loss: -0.00 | value_loss: 0.00 | grad_norm: 0.02 | arps: 0.00 | adr: 0.00 | sps: 73.22 | remaining: 18:28:21
Saved training status
rμ: -0.01 | rσ: 0.21 | sμ: 989.42 | sσ: 59.63 | Pμ: 0.01 | Pσ: 0.12 | Vμ: 0.00 | Vσ: 0.00 | num_steps: 196608 | entropy: 1.16 | value: -0.03 | policy_loss: -0.00 | value_loss: 0.00 | grad_norm: 0.01 | arps: -0.00 | adr: -0.00 | sps: 70.21 | remaining: 19:00:16
Saved training status
rμ: 0.09 | rσ: 0.38 | sμ: 935.57 | sσ: 177.27 | Pμ: 0.12 | Pσ: 0.32 | Vμ: 0.00 | Vσ: 0.00 | num_steps: 262144 | entropy: 1.21 | value: -0.03 | policy_loss: -0.00 | value_loss: 0.00 | grad_norm: 0.02 | arps: 0.00 | adr: 0.04 | sps: 73.49 | remaining: 17:54:29
Saved training status
rμ: 0.14 | rσ: 0.42 | sμ: 938.00 | sσ: 156.24 | Pμ: 0.17 | Pσ: 0.37 | Vμ: 0.00 | Vσ: 0.00 | num_steps: 327680 | entropy: 1.24 | value: -0.03 | policy_loss: -0.00 | value_loss: 0.00 | grad_norm: 0.02 | arps: 0.00 | adr: 0.04 | sps: 79.07 | remaining: 16:24:47
Saved training status
rμ: 0.06 | rσ: 0.34 | sμ: 945.71 | sσ: 164.35 | Pμ: 0.09 | Pσ: 0.28 | Vμ: 0.00 | Vσ: 0.00 | num_steps: 393216 | entropy: 1.32 | value: -0.02 | policy_loss: -0.00 | value_loss: 0.00 | grad_norm: 0.02 | arps: 0.00 | adr: 0.03 | sps: 83.75 | remaining: 15:16:49
Saved training status
rμ: 0.17 | rσ: 0.44 | sμ: 885.45 | sσ: 226.59 | Pμ: 0.20 | Pσ: 0.40 | Vμ: 0.00 | Vσ: 0.00 | num_steps: 458752 | entropy: 1.38 | value: -0.01 | policy_loss: -0.01 | value_loss: 0.00 | grad_norm: 0.03 | arps: 0.00 | adr: 0.07 | sps: 112.03 | remaining: 11:15:34
Saved training status
rμ: 0.10 | rσ: 0.30 | sμ: 943.03 | sσ: 179.48 | Pμ: 0.10 | Pσ: 0.30 | Vμ: 0.00 | Vσ: 0.00 | num_steps: 524288 | entropy: 1.46 | value: -0.01 | policy_loss: -0.00 | value_loss: 0.00 | grad_norm: 0.02 | arps: 0.00 | adr: 0.04 | sps: 126.12 | remaining: 9:51:28
Saved training status
rμ: 0.27 | rσ: 0.44 | sμ: 893.54 | sσ: 193.99 | Pμ: 0.27 | Pσ: 0.44 | Vμ: 0.00 | Vσ: 0.00 | num_steps: 589824 | entropy: 1.53 | value: 0.00 | policy_loss: -0.01 | value_loss: 0.00 | grad_norm: 0.03 | arps: 0.00 | adr: 0.08 | sps: 116.25 | remaining: 10:32:18
Saved training status
rμ: 0.27 | rσ: 0.44 | sμ: 872.61 | sσ: 233.43 | Pμ: 0.27 | Pσ: 0.44 | Vμ: 0.00 | Vσ: 0.00 | num_steps: 655360 | entropy: 1.58 | value: 0.01 | policy_loss: -0.01 | value_loss: 0.00 | grad_norm: 0.03 | arps: 0.00 | adr: 0.10 | sps: 119.61 | remaining: 10:05:22
Saved training status
rμ: 0.18 | rσ: 0.38 | sμ: 908.58 | sσ: 218.92 | Pμ: 0.18 | Pσ: 0.38 | Vμ: 0.00 | Vσ: 0.00 | num_steps: 720896 | entropy: 1.62 | value: 0.01 | policy_loss: -0.00 | value_loss: 0.00 | grad_norm: 0.02 | arps: 0.00 | adr: 0.07 | sps: 120.94 | remaining: 9:49:41
Saved training status
rμ: 0.31 | rσ: 0.46 | sμ: 859.33 | sσ: 261.21 | Pμ: 0.31 | Pσ: 0.46 | Vμ: 0.00 | Vσ: 0.00 | num_steps: 786432 | entropy: 1.64 | value: 0.02 | policy_loss: -0.01 | value_loss: 0.00 | grad_norm: 0.03 | arps: 0.00 | adr: 0.12 | sps: 111.84 | remaining: 10:27:55
Saved training status
rμ: 0.31 | rσ: 0.46 | sμ: 800.41 | sσ: 326.35 | Pμ: 0.31 | Pσ: 0.46 | Vμ: 0.00 | Vσ: 0.00 | num_steps: 851968 | entropy: 1.64 | value: 0.03 | policy_loss: -0.01 | value_loss: 0.00 | grad_norm: 0.03 | arps: 0.00 | adr: 0.17 | sps: 156.71 | remaining: 7:21:09
Saved training status
rμ: 0.42 | rσ: 0.54 | sμ: 751.42 | sσ: 317.95 | Pμ: 0.44 | Pσ: 0.50 | Vμ: 0.00 | Vσ: 0.00 | num_steps: 917504 | entropy: 1.63 | value: 0.05 | policy_loss: -0.01 | value_loss: 0.00 | grad_norm: 0.04 | arps: 0.00 | adr: 0.19 | sps: 157.16 | remaining: 7:12:56
Saved training status
rμ: 0.35 | rσ: 0.54 | sμ: 759.07 | sσ: 319.15 | Pμ: 0.39 | Pσ: 0.49 | Vμ: 0.00 | Vσ: 0.00 | num_steps: 983040 | entropy: 1.63 | value: 0.06 | policy_loss: -0.01 | value_loss: 0.00 | grad_norm: 0.04 | arps: 0.00 | adr: 0.18 | sps: 158.46 | remaining: 7:02:30
Saved training status
rμ: 0.48 | rσ: 0.52 | sμ: 723.41 | sσ: 329.16 | Pμ: 0.49 | Pσ: 0.50 | Vμ: 0.00 | Vσ: 0.00 | num_steps: 1048576 | entropy: 1.62 | value: 0.08 | policy_loss: -0.01 | value_loss: 0.00 | grad_norm: 0.04 | arps: 0.00 | adr: 0.22 | sps: 157.48 | remaining: 6:58:12
Saved training status
rμ: 0.42 | rσ: 0.54 | sμ: 781.44 | sσ: 296.44 | Pμ: 0.44 | Pσ: 0.50 | Vμ: 0.00 | Vσ: 0.00 | num_steps: 1114112 | entropy: 1.63 | value: 0.08 | policy_loss: -0.01 | value_loss: 0.00 | grad_norm: 0.04 | arps: 0.00 | adr: 0.17 | sps: 159.49 | remaining: 6:46:04
Saved training status
rμ: 0.53 | rσ: 0.56 | sμ: 654.00 | sσ: 347.24 | Pμ: 0.56 | Pσ: 0.50 | Vμ: 0.00 | Vσ: 0.00 | num_steps: 1179648 | entropy: 1.62 | value: 0.09 | policy_loss: -0.01 | value_loss: 0.00 | grad_norm: 0.04 | arps: 0.00 | adr: 0.26 | sps: 156.42 | remaining: 6:47:03
Saved training status
rμ: 0.48 | rσ: 0.59 | sμ: 669.59 | sσ: 337.90 | Pμ: 0.53 | Pσ: 0.50 | Vμ: 0.00 | Vσ: 0.00 | num_steps: 1245184 | entropy: 1.60 | value: 0.10 | policy_loss: -0.01 | value_loss: 0.00 | grad_norm: 0.04 | arps: 0.00 | adr: 0.23 | sps: 154.21 | remaining: 6:45:48
Saved training status
rμ: 0.50 | rσ: 0.55 | sμ: 620.25 | sσ: 378.48 | Pμ: 0.53 | Pσ: 0.50 | Vμ: 0.00 | Vσ: 0.00 | num_steps: 1310720 | entropy: 1.62 | value: 0.11 | policy_loss: -0.01 | value_loss: 0.00 | grad_norm: 0.04 | arps: 0.00 | adr: 0.30 | sps: 155.19 | remaining: 6:36:12
Saved training status
rμ: 0.64 | rσ: 0.55 | sμ: 562.59 | sσ: 361.61 | Pμ: 0.67 | Pσ: 0.47 | Vμ: 0.00 | Vσ: 0.00 | num_steps: 1376256 | entropy: 1.62 | value: 0.12 | policy_loss: -0.01 | value_loss: 0.00 | grad_norm: 0.05 | arps: 0.00 | adr: 0.35 | sps: 155.50 | remaining: 6:28:23
Saved training status
rμ: 0.70 | rσ: 0.46 | sμ: 547.84 | sσ: 349.98 | Pμ: 0.70 | Pσ: 0.46 | Vμ: 0.00 | Vσ: 0.00 | num_steps: 1441792 | entropy: 1.57 | value: 0.19 | policy_loss: -0.01 | value_loss: 0.00 | grad_norm: 0.05 | arps: 0.00 | adr: 0.38 | sps: 126.61 | remaining: 7:48:23
Saved training status
rμ: 0.72 | rσ: 0.45 | sμ: 536.60 | sσ: 349.04 | Pμ: 0.72 | Pσ: 0.45 | Vμ: 0.00 | Vσ: 0.00 | num_steps: 1507328 | entropy: 1.58 | value: 0.19 | policy_loss: -0.01 | value_loss: 0.00 | grad_norm: 0.04 | arps: 0.00 | adr: 0.39 | sps: 122.91 | remaining: 7:53:36
Saved training status
rμ: 0.83 | rσ: 0.38 | sμ: 435.59 | sσ: 326.49 | Pμ: 0.83 | Pσ: 0.38 | Vμ: 0.00 | Vσ: 0.00 | num_steps: 1572864 | entropy: 1.58 | value: 0.23 | policy_loss: -0.02 | value_loss: 0.00 | grad_norm: 0.06 | arps: 0.00 | adr: 0.48 | sps: 115.91 | remaining: 8:12:46
Saved training status
rμ: 0.83 | rσ: 0.38 | sμ: 430.11 | sσ: 333.68 | Pμ: 0.83 | Pσ: 0.38 | Vμ: 0.00 | Vσ: 0.00 | num_steps: 1638400 | entropy: 1.56 | value: 0.26 | policy_loss: -0.02 | value_loss: 0.00 | grad_norm: 0.06 | arps: 0.00 | adr: 0.49 | sps: 117.58 | remaining: 7:56:28
Saved training status
================================================================================
Stage 0 completed.
================================================================================
rμ: 0.88 | rσ: 0.33 | sμ: 361.84 | sσ: 303.77 | Pμ: 0.88 | Pσ: 0.33 | Vμ: 0.00 | Vσ: 0.00 | num_steps: 1703936 | entropy: 1.51 | value: 0.31 | policy_loss: -0.02 | value_loss: 0.00 | grad_norm: 0.06 | arps: 0.01 | adr: 0.54 | sps: 122.00 | remaining: 7:30:17
Saved training status
rμ: 0.76 | rσ: 0.43 | sμ: 631.72 | sσ: 279.34 | Pμ: 0.76 | Pσ: 0.43 | Vμ: 0.00 | Vσ: 0.00 | num_steps: 1769472 | entropy: 1.52 | value: 0.36 | policy_loss: -0.00 | value_loss: 0.01 | grad_norm: 0.08 | arps: 0.00 | adr: 0.30 | sps: 116.94 | remaining: 7:40:24
Saved training status
rμ: 0.75 | rσ: 0.45 | sμ: 632.20 | sσ: 267.10 | Pμ: 0.76 | Pσ: 0.43 | Vμ: 0.00 | Vσ: 0.00 | num_steps: 1835008 | entropy: 1.52 | value: 0.37 | policy_loss: 0.00 | value_loss: 0.00 | grad_norm: 0.06 | arps: 0.00 | adr: 0.28 | sps: 118.54 | remaining: 7:24:59
Saved training status
rμ: 0.77 | rσ: 0.42 | sμ: 633.99 | sσ: 277.04 | Pμ: 0.77 | Pσ: 0.42 | Vμ: 0.00 | Vσ: 0.00 | num_steps: 1900544 | entropy: 1.54 | value: 0.37 | policy_loss: 0.00 | value_loss: 0.00 | grad_norm: 0.05 | arps: 0.00 | adr: 0.29 | sps: 117.35 | remaining: 7:20:11
Saved training status
rμ: 0.84 | rσ: 0.37 | sμ: 581.12 | sσ: 261.02 | Pμ: 0.84 | Pσ: 0.37 | Vμ: 0.00 | Vσ: 0.00 | num_steps: 1966080 | entropy: 1.56 | value: 0.39 | policy_loss: -0.00 | value_loss: 0.00 | grad_norm: 0.05 | arps: 0.00 | adr: 0.33 | sps: 117.34 | remaining: 7:10:56
Saved training status
rμ: 0.88 | rσ: 0.33 | sμ: 604.90 | sσ: 267.18 | Pμ: 0.88 | Pσ: 0.33 | Vμ: 0.00 | Vσ: 0.00 | num_steps: 2031616 | entropy: 1.55 | value: 0.39 | policy_loss: -0.00 | value_loss: 0.00 | grad_norm: 0.04 | arps: 0.00 | adr: 0.33 | sps: 113.69 | remaining: 7:15:10
Saved training status
rμ: 0.92 | rσ: 0.28 | sμ: 489.48 | sσ: 238.46 | Pμ: 0.92 | Pσ: 0.28 | Vμ: 0.00 | Vσ: 0.00 | num_steps: 2097152 | entropy: 1.54 | value: 0.43 | policy_loss: -0.01 | value_loss: 0.00 | grad_norm: 0.04 | arps: 0.00 | adr: 0.40 | sps: 115.70 | remaining: 6:58:10
Saved training status
rμ: 0.81 | rσ: 0.39 | sμ: 582.66 | sσ: 275.03 | Pμ: 0.81 | Pσ: 0.39 | Vμ: 0.00 | Vσ: 0.00 | num_steps: 2162688 | entropy: 1.56 | value: 0.41 | policy_loss: -0.00 | value_loss: 0.00 | grad_norm: 0.04 | arps: 0.00 | adr: 0.33 | sps: 116.45 | remaining: 6:46:05
Saved training status
rμ: 0.81 | rσ: 0.39 | sμ: 557.84 | sσ: 268.95 | Pμ: 0.81 | Pσ: 0.39 | Vμ: 0.00 | Vσ: 0.00 | num_steps: 2228224 | entropy: 1.59 | value: 0.40 | policy_loss: -0.00 | value_loss: 0.00 | grad_norm: 0.04 | arps: 0.00 | adr: 0.35 | sps: 114.58 | remaining: 6:43:10
Saved training status
rμ: 0.84 | rσ: 0.36 | sμ: 546.34 | sσ: 274.63 | Pμ: 0.84 | Pσ: 0.36 | Vμ: 0.00 | Vσ: 0.00 | num_steps: 2293760 | entropy: 1.58 | value: 0.43 | policy_loss: -0.00 | value_loss: 0.00 | grad_norm: 0.04 | arps: 0.00 | adr: 0.36 | sps: 113.46 | remaining: 6:37:31
Saved training status
rμ: 0.82 | rσ: 0.38 | sμ: 529.72 | sσ: 274.54 | Pμ: 0.82 | Pσ: 0.38 | Vμ: 0.00 | Vσ: 0.00 | num_steps: 2359296 | entropy: 1.56 | value: 0.44 | policy_loss: -0.00 | value_loss: 0.00 | grad_norm: 0.04 | arps: 0.00 | adr: 0.37 | sps: 112.29 | remaining: 6:31:57
Saved training status
rμ: 0.82 | rσ: 0.39 | sμ: 552.75 | sσ: 268.14 | Pμ: 0.82 | Pσ: 0.39 | Vμ: 0.00 | Vσ: 0.00 | num_steps: 2424832 | entropy: 1.56 | value: 0.44 | policy_loss: -0.00 | value_loss: 0.00 | grad_norm: 0.04 | arps: 0.00 | adr: 0.35 | sps: 116.59 | remaining: 6:08:08
Saved training status
rμ: 0.85 | rσ: 0.36 | sμ: 532.81 | sσ: 263.83 | Pμ: 0.85 | Pσ: 0.36 | Vμ: 0.00 | Vσ: 0.00 | num_steps: 2490368 | entropy: 1.58 | value: 0.44 | policy_loss: -0.00 | value_loss: 0.00 | grad_norm: 0.03 | arps: 0.00 | adr: 0.37 | sps: 117.04 | remaining: 5:57:22
Saved training status
rμ: 0.84 | rσ: 0.38 | sμ: 504.93 | sσ: 275.35 | Pμ: 0.85 | Pσ: 0.36 | Vμ: 0.00 | Vσ: 0.00 | num_steps: 2555904 | entropy: 1.56 | value: 0.46 | policy_loss: -0.00 | value_loss: 0.00 | grad_norm: 0.03 | arps: 0.00 | adr: 0.39 | sps: 112.40 | remaining: 6:02:24
Saved training status
rμ: 0.81 | rσ: 0.41 | sμ: 523.07 | sσ: 282.62 | Pμ: 0.82 | Pσ: 0.39 | Vμ: 0.00 | Vσ: 0.00 | num_steps: 2621440 | entropy: 1.58 | value: 0.46 | policy_loss: -0.00 | value_loss: 0.00 | grad_norm: 0.04 | arps: 0.00 | adr: 0.37 | sps: 114.94 | remaining: 5:44:53
Saved training status
rμ: 0.82 | rσ: 0.41 | sμ: 525.56 | sσ: 267.69 | Pμ: 0.82 | Pσ: 0.38 | Vμ: 0.00 | Vσ: 0.00 | num_steps: 2686976 | entropy: 1.60 | value: 0.44 | policy_loss: -0.00 | value_loss: 0.00 | grad_norm: 0.04 | arps: 0.00 | adr: 0.36 | sps: 113.32 | remaining: 5:40:10
Saved training status
rμ: 0.81 | rσ: 0.43 | sμ: 491.72 | sσ: 276.97 | Pμ: 0.82 | Pσ: 0.38 | Vμ: 0.00 | Vσ: 0.00 | num_steps: 2752512 | entropy: 1.60 | value: 0.46 | policy_loss: -0.00 | value_loss: 0.00 | grad_norm: 0.03 | arps: 0.00 | adr: 0.39 | sps: 111.29 | remaining: 5:36:34
Saved training status
rμ: 0.83 | rσ: 0.41 | sμ: 491.95 | sσ: 261.20 | Pμ: 0.84 | Pσ: 0.36 | Vμ: 0.00 | Vσ: 0.00 | num_steps: 2818048 | entropy: 1.61 | value: 0.48 | policy_loss: -0.00 | value_loss: 0.00 | grad_norm: 0.03 | arps: 0.00 | adr: 0.38 | sps: 117.75 | remaining: 5:08:51
Saved training status
rμ: 0.89 | rσ: 0.36 | sμ: 453.22 | sσ: 226.87 | Pμ: 0.90 | Pσ: 0.30 | Vμ: 0.00 | Vσ: 0.00 | num_steps: 2883584 | entropy: 1.59 | value: 0.53 | policy_loss: -0.01 | value_loss: 0.00 | grad_norm: 0.03 | arps: 0.00 | adr: 0.41 | sps: 115.01 | remaining: 5:06:42
Saved training status
rμ: 0.93 | rσ: 0.28 | sμ: 421.89 | sσ: 208.20 | Pμ: 0.94 | Pσ: 0.24 | Vμ: 0.00 | Vσ: 0.00 | num_steps: 2949120 | entropy: 1.57 | value: 0.55 | policy_loss: -0.01 | value_loss: 0.00 | grad_norm: 0.03 | arps: 0.00 | adr: 0.45 | sps: 115.60 | remaining: 4:55:40
Saved training status
================================================================================
Stage 1 completed.
================================================================================
rμ: 0.98 | rσ: 0.13 | sμ: 378.21 | sσ: 163.37 | Pμ: 0.98 | Pσ: 0.13 | Vμ: 0.00 | Vσ: 0.00 | num_steps: 3014656 | entropy: 1.56 | value: 0.61 | policy_loss: -0.01 | value_loss: 0.00 | grad_norm: 0.03 | arps: 0.00 | adr: 0.49 | sps: 114.78 | remaining: 4:48:16
Saved training status
rμ: 0.76 | rσ: 0.65 | sμ: 168.72 | sσ: 109.35 | Pμ: 0.88 | Pσ: 0.33 | Vμ: 0.12 | Vσ: 0.32 | num_steps: 3080192 | entropy: 1.50 | value: 0.79 | policy_loss: 0.02 | value_loss: 0.02 | grad_norm: 0.09 | arps: 0.01 | adr: 0.55 | sps: 122.02 | remaining: 4:22:13
Saved training status
rμ: 0.78 | rσ: 0.62 | sμ: 165.56 | sσ: 91.66 | Pμ: 0.89 | Pσ: 0.31 | Vμ: 0.11 | Vσ: 0.31 | num_steps: 3145728 | entropy: 1.58 | value: 0.80 | policy_loss: 0.02 | value_loss: 0.01 | grad_norm: 0.07 | arps: 0.01 | adr: 0.57 | sps: 124.57 | remaining: 4:08:05
Saved training status
rμ: 0.77 | rσ: 0.63 | sμ: 162.12 | sσ: 94.87 | Pμ: 0.89 | Pσ: 0.32 | Vμ: 0.11 | Vσ: 0.31 | num_steps: 3211264 | entropy: 1.60 | value: 0.78 | policy_loss: 0.02 | value_loss: 0.01 | grad_norm: 0.07 | arps: 0.01 | adr: 0.57 | sps: 152.66 | remaining: 3:15:17
Saved training status
rμ: 0.78 | rσ: 0.63 | sμ: 158.93 | sσ: 77.16 | Pμ: 0.89 | Pσ: 0.31 | Vμ: 0.11 | Vσ: 0.31 | num_steps: 3276800 | entropy: 1.60 | value: 0.77 | policy_loss: 0.02 | value_loss: 0.01 | grad_norm: 0.06 | arps: 0.01 | adr: 0.57 | sps: 126.19 | remaining: 3:47:35
Saved training status
rμ: 0.86 | rσ: 0.52 | sμ: 173.77 | sσ: 92.26 | Pμ: 0.93 | Pσ: 0.26 | Vμ: 0.07 | Vσ: 0.26 | num_steps: 3342336 | entropy: 1.62 | value: 0.76 | policy_loss: 0.01 | value_loss: 0.01 | grad_norm: 0.05 | arps: 0.01 | adr: 0.61 | sps: 127.38 | remaining: 3:36:53
Saved training status
rμ: 0.85 | rσ: 0.53 | sμ: 168.61 | sσ: 90.43 | Pμ: 0.92 | Pσ: 0.27 | Vμ: 0.08 | Vσ: 0.26 | num_steps: 3407872 | entropy: 1.61 | value: 0.76 | policy_loss: 0.01 | value_loss: 0.01 | grad_norm: 0.05 | arps: 0.01 | adr: 0.61 | sps: 126.91 | remaining: 3:29:05
Saved training status
rμ: 0.83 | rσ: 0.55 | sμ: 165.92 | sσ: 87.20 | Pμ: 0.92 | Pσ: 0.28 | Vμ: 0.08 | Vσ: 0.27 | num_steps: 3473408 | entropy: 1.62 | value: 0.76 | policy_loss: 0.01 | value_loss: 0.01 | grad_norm: 0.05 | arps: 0.01 | adr: 0.61 | sps: 124.13 | remaining: 3:24:58
Saved training status
rμ: 0.84 | rσ: 0.54 | sμ: 170.69 | sσ: 85.18 | Pμ: 0.92 | Pσ: 0.27 | Vμ: 0.08 | Vσ: 0.26 | num_steps: 3538944 | entropy: 1.62 | value: 0.75 | policy_loss: 0.01 | value_loss: 0.01 | grad_norm: 0.05 | arps: 0.01 | adr: 0.61 | sps: 127.26 | remaining: 3:11:20
Saved training status
rμ: 0.88 | rσ: 0.48 | sμ: 171.40 | sσ: 90.00 | Pμ: 0.94 | Pσ: 0.24 | Vμ: 0.06 | Vσ: 0.24 | num_steps: 3604480 | entropy: 1.61 | value: 0.75 | policy_loss: 0.00 | value_loss: 0.01 | grad_norm: 0.05 | arps: 0.01 | adr: 0.63 | sps: 125.49 | remaining: 3:05:20
Saved training status
rμ: 0.90 | rσ: 0.44 | sμ: 170.92 | sσ: 93.53 | Pμ: 0.95 | Pσ: 0.22 | Vμ: 0.04 | Vσ: 0.20 | num_steps: 3670016 | entropy: 1.63 | value: 0.75 | policy_loss: -0.00 | value_loss: 0.00 | grad_norm: 0.05 | arps: 0.01 | adr: 0.65 | sps: 127.50 | remaining: 2:53:51
Saved training status
rμ: 0.88 | rσ: 0.48 | sμ: 180.68 | sσ: 105.41 | Pμ: 0.94 | Pσ: 0.24 | Vμ: 0.05 | Vσ: 0.23 | num_steps: 3735552 | entropy: 1.62 | value: 0.73 | policy_loss: 0.00 | value_loss: 0.01 | grad_norm: 0.05 | arps: 0.01 | adr: 0.62 | sps: 128.27 | remaining: 2:44:17
Saved training status
rμ: 0.87 | rσ: 0.49 | sμ: 174.23 | sσ: 87.08 | Pμ: 0.94 | Pσ: 0.24 | Vμ: 0.06 | Vσ: 0.23 | num_steps: 3801088 | entropy: 1.64 | value: 0.76 | policy_loss: 0.00 | value_loss: 0.01 | grad_norm: 0.05 | arps: 0.01 | adr: 0.63 | sps: 127.84 | remaining: 2:36:18
Saved training status
================================================================================
Stage 2 completed.
================================================================================
rμ: 0.90 | rσ: 0.43 | sμ: 170.89 | sσ: 90.69 | Pμ: 0.95 | Pσ: 0.21 | Vμ: 0.04 | Vσ: 0.21 | num_steps: 3866624 | entropy: 1.63 | value: 0.76 | policy_loss: 0.00 | value_loss: 0.01 | grad_norm: 0.04 | arps: 0.01 | adr: 0.65 | sps: 125.75 | remaining: 2:30:13
Saved training status
rμ: 0.75 | rσ: 0.65 | sμ: 348.45 | sσ: 170.38 | Pμ: 0.87 | Pσ: 0.34 | Vμ: 0.10 | Vσ: 0.31 | num_steps: 3932160 | entropy: 1.66 | value: 0.64 | policy_loss: 0.01 | value_loss: 0.01 | grad_norm: 0.05 | arps: 0.00 | adr: 0.37 | sps: 114.84 | remaining: 2:34:58
Saved training status
rμ: 0.75 | rσ: 0.65 | sμ: 353.51 | sσ: 164.98 | Pμ: 0.87 | Pσ: 0.33 | Vμ: 0.10 | Vσ: 0.29 | num_steps: 3997696 | entropy: 1.67 | value: 0.64 | policy_loss: 0.01 | value_loss: 0.01 | grad_norm: 0.05 | arps: 0.00 | adr: 0.36 | sps: 115.16 | remaining: 2:25:03
Saved training status
rμ: 0.74 | rσ: 0.66 | sμ: 381.60 | sσ: 171.66 | Pμ: 0.86 | Pσ: 0.35 | Vμ: 0.10 | Vσ: 0.31 | num_steps: 4063232 | entropy: 1.67 | value: 0.61 | policy_loss: 0.01 | value_loss: 0.01 | grad_norm: 0.05 | arps: 0.00 | adr: 0.35 | sps: 118.92 | remaining: 2:11:17
Saved training status
rμ: 0.79 | rσ: 0.60 | sμ: 359.85 | sσ: 170.25 | Pμ: 0.89 | Pσ: 0.31 | Vμ: 0.09 | Vσ: 0.29 | num_steps: 4128768 | entropy: 1.67 | value: 0.63 | policy_loss: 0.01 | value_loss: 0.00 | grad_norm: 0.04 | arps: 0.00 | adr: 0.38 | sps: 115.21 | remaining: 2:06:02
Saved training status
rμ: 0.75 | rσ: 0.64 | sμ: 379.61 | sσ: 174.63 | Pμ: 0.87 | Pσ: 0.34 | Vμ: 0.11 | Vσ: 0.31 | num_steps: 4194304 | entropy: 1.67 | value: 0.61 | policy_loss: 0.01 | value_loss: 0.00 | grad_norm: 0.05 | arps: 0.00 | adr: 0.33 | sps: 120.42 | remaining: 1:51:30
Saved training status
================================================================================
Stage 3 completed.
================================================================================
rμ: 0.87 | rσ: 0.49 | sμ: 357.71 | sσ: 145.82 | Pμ: 0.93 | Pσ: 0.26 | Vμ: 0.05 | Vσ: 0.23 | num_steps: 4259840 | entropy: 1.67 | value: 0.65 | policy_loss: 0.00 | value_loss: 0.00 | grad_norm: 0.03 | arps: 0.00 | adr: 0.43 | sps: 117.73 | remaining: 1:44:46
Saved training status
rμ: 0.64 | rσ: 0.68 | sμ: 328.81 | sσ: 294.80 | Pμ: 0.76 | Pσ: 0.43 | Vμ: 0.11 | Vσ: 0.31 | num_steps: 4325376 | entropy: 1.68 | value: 0.54 | policy_loss: 0.01 | value_loss: 0.01 | grad_norm: 0.06 | arps: 0.00 | adr: 0.43 | sps: 112.80 | remaining: 1:39:40
Saved training status
rμ: 0.62 | rσ: 0.64 | sμ: 403.95 | sσ: 356.43 | Pμ: 0.70 | Pσ: 0.46 | Vμ: 0.08 | Vσ: 0.27 | num_steps: 4390912 | entropy: 1.68 | value: 0.51 | policy_loss: 0.02 | value_loss: 0.01 | grad_norm: 0.05 | arps: 0.00 | adr: 0.41 | sps: 110.67 | remaining: 1:31:43
Saved training status
rμ: 0.60 | rσ: 0.66 | sμ: 383.03 | sσ: 343.51 | Pμ: 0.70 | Pσ: 0.46 | Vμ: 0.09 | Vσ: 0.28 | num_steps: 4456448 | entropy: 1.69 | value: 0.50 | policy_loss: 0.01 | value_loss: 0.01 | grad_norm: 0.05 | arps: 0.00 | adr: 0.41 | sps: 113.11 | remaining: 1:20:05
Saved training status
rμ: 0.70 | rσ: 0.61 | sμ: 335.75 | sσ: 312.44 | Pμ: 0.77 | Pσ: 0.42 | Vμ: 0.07 | Vσ: 0.26 | num_steps: 4521984 | entropy: 1.68 | value: 0.51 | policy_loss: 0.01 | value_loss: 0.00 | grad_norm: 0.05 | arps: 0.00 | adr: 0.47 | sps: 112.75 | remaining: 1:10:39
Saved training status
rμ: 0.68 | rσ: 0.61 | sμ: 359.54 | sσ: 318.49 | Pμ: 0.76 | Pσ: 0.43 | Vμ: 0.08 | Vσ: 0.27 | num_steps: 4587520 | entropy: 1.68 | value: 0.49 | policy_loss: 0.01 | value_loss: 0.00 | grad_norm: 0.05 | arps: 0.00 | adr: 0.45 | sps: 114.10 | remaining: 1:00:15
Saved training status
rμ: 0.73 | rσ: 0.52 | sμ: 380.51 | sσ: 339.65 | Pμ: 0.77 | Pσ: 0.42 | Vμ: 0.04 | Vσ: 0.19 | num_steps: 4653056 | entropy: 1.69 | value: 0.49 | policy_loss: 0.01 | value_loss: 0.00 | grad_norm: 0.04 | arps: 0.00 | adr: 0.47 | sps: 113.14 | remaining: 0:51:06
Saved training status
================================================================================
Stage 4 completed.
================================================================================
rμ: 0.74 | rσ: 0.58 | sμ: 326.94 | sσ: 291.16 | Pμ: 0.81 | Pσ: 0.39 | Vμ: 0.06 | Vσ: 0.24 | num_steps: 4718592 | entropy: 1.68 | value: 0.49 | policy_loss: 0.01 | value_loss: 0.00 | grad_norm: 0.04 | arps: 0.00 | adr: 0.49 | sps: 113.54 | remaining: 0:41:18
Saved training status
rμ: 0.55 | rσ: 0.78 | sμ: 331.77 | sσ: 252.19 | Pμ: 0.73 | Pσ: 0.44 | Vμ: 0.17 | Vσ: 0.37 | num_steps: 4784128 | entropy: 1.69 | value: 0.58 | policy_loss: 0.02 | value_loss: 0.01 | grad_norm: 0.07 | arps: 0.00 | adr: 0.32 | sps: 114.70 | remaining: 0:31:21
Saved training status
rμ: 0.63 | rσ: 0.74 | sμ: 320.10 | sσ: 226.68 | Pμ: 0.78 | Pσ: 0.41 | Vμ: 0.14 | Vσ: 0.34 | num_steps: 4849664 | entropy: 1.68 | value: 0.60 | policy_loss: 0.02 | value_loss: 0.01 | grad_norm: 0.06 | arps: 0.00 | adr: 0.39 | sps: 115.86 | remaining: 0:21:37
Saved training status
rμ: 0.60 | rσ: 0.76 | sμ: 322.62 | sσ: 232.55 | Pμ: 0.76 | Pσ: 0.42 | Vμ: 0.15 | Vσ: 0.35 | num_steps: 4915200 | entropy: 1.69 | value: 0.58 | policy_loss: 0.02 | value_loss: 0.01 | grad_norm: 0.06 | arps: 0.00 | adr: 0.34 | sps: 114.19 | remaining: 0:12:22
Saved training status
rμ: 0.65 | rσ: 0.72 | sμ: 305.45 | sσ: 215.23 | Pμ: 0.80 | Pσ: 0.40 | Vμ: 0.13 | Vσ: 0.34 | num_steps: 4980736 | entropy: 1.68 | value: 0.59 | policy_loss: 0.01 | value_loss: 0.01 | grad_norm: 0.06 | arps: 0.00 | adr: 0.40 | sps: 114.47 | remaining: 0:02:48
Saved training status
rμ: 0.53 | rσ: 0.81 | sμ: 318.75 | sσ: 237.76 | Pμ: 0.73 | Pσ: 0.44 | Vμ: 0.20 | Vσ: 0.40 | num_steps: 5046272 | entropy: 1.69 | value: 0.56 | policy_loss: 0.02 | value_loss: 0.01 | grad_norm: 0.07 | arps: 0.00 | adr: 0.31 | sps: 111.11 | remaining: 0:00:00
Saved training status
Training took 12:03:20.
