[32mCurriculum stage: 0[39m
[32mCurriculum stage: 0[39m
[32mCurriculum stage: 0[39m
[32mCurriculum stage: 0[39m
[32mCurriculum stage: 0[39m
[32mCurriculum stage: 0[39m
[32mCurriculum stage: 0[39m
[32mCurriculum stage: 0[39m
[32mCurriculum stage: 0[39m
[32mCurriculum stage: 0[39m
[32mCurriculum stage: 0[39m
[32mCurriculum stage: 0[39m
[32mCurriculum stage: 0[39m
[32mCurriculum stage: 0[39m
[32mCurriculum stage: 0[39m
[32mCurriculum stage: 0[39m
Using seeds: [96000500, 96000501, 96000502, 96000503, 96000504, 96000505, 96000506, 96000507, 96000508, 96000509, 96000510, 96000511, 96000512, 96000513, 96000514, 96000515]
Environments loaded.
Number of assignments: 13
Observation shape: (2,)
Num LTLNet params: 7664
ExperimentConfig(name='v3_confirm_ppo_5m_flatworld_seed_960005', env='FlatWorld-v0', num_steps=5000000, seed=960005, save_dir='experiments', log_interval=1, save_interval=2, eval_interval=200000, num_procs=16, device='cuda', ltl_sampler=None)
Num parameters: 27451
rμ: -0.77 | rσ: 0.56 | sμ: 132.39 | sσ: 157.91 | Pμ: 0.07 | Pσ: 0.25 | Vμ: 0.09 | Vσ: 0.29 | num_steps: 65536 | entropy: 2.17 | value: 0.00 | policy_loss: 0.08 | value_loss: 0.03 | grad_norm: 0.02 | arps: -0.10 | adr: -0.35 | sps: 111.77 | remaining: 12:15:48
rμ: -0.21 | rσ: 0.76 | sμ: 288.96 | sσ: 205.18 | Pμ: 0.21 | Pσ: 0.41 | Vμ: 0.21 | Vσ: 0.41 | num_steps: 131072 | entropy: 2.17 | value: 0.02 | policy_loss: 0.01 | value_loss: 0.01 | grad_norm: 0.01 | arps: -0.05 | adr: -0.16 | sps: 112.32 | remaining: 12:02:29
Saved training status
rμ: 0.09 | rσ: 0.80 | sμ: 265.75 | sσ: 195.98 | Pμ: 0.37 | Pσ: 0.48 | Vμ: 0.23 | Vσ: 0.42 | num_steps: 196608 | entropy: 2.16 | value: 0.03 | policy_loss: -0.00 | value_loss: 0.01 | grad_norm: 0.02 | arps: -0.02 | adr: -0.05 | sps: 113.94 | remaining: 11:42:37
rμ: 0.18 | rσ: 0.76 | sμ: 260.81 | sσ: 208.88 | Pμ: 0.39 | Pσ: 0.49 | Vμ: 0.15 | Vσ: 0.36 | num_steps: 262144 | entropy: 2.15 | value: 0.03 | policy_loss: -0.01 | value_loss: 0.01 | grad_norm: 0.02 | arps: -0.02 | adr: 0.00 | sps: 109.85 | remaining: 11:58:49
Saved training status
rμ: 0.16 | rσ: 0.78 | sμ: 243.33 | sσ: 208.46 | Pμ: 0.40 | Pσ: 0.49 | Vμ: 0.19 | Vσ: 0.39 | num_steps: 327680 | entropy: 2.14 | value: 0.02 | policy_loss: -0.01 | value_loss: 0.01 | grad_norm: 0.02 | arps: -0.02 | adr: -0.00 | sps: 108.71 | remaining: 11:56:20
rμ: 0.32 | rσ: 0.72 | sμ: 242.69 | sσ: 214.03 | Pμ: 0.47 | Pσ: 0.50 | Vμ: 0.13 | Vσ: 0.33 | num_steps: 393216 | entropy: 2.13 | value: 0.04 | policy_loss: -0.01 | value_loss: 0.01 | grad_norm: 0.03 | arps: -0.01 | adr: 0.07 | sps: 114.39 | remaining: 11:11:13
Saved training status
rμ: 0.34 | rσ: 0.74 | sμ: 217.92 | sσ: 214.54 | Pμ: 0.50 | Pσ: 0.50 | Vμ: 0.10 | Vσ: 0.31 | num_steps: 458752 | entropy: 2.12 | value: 0.05 | policy_loss: -0.01 | value_loss: 0.00 | grad_norm: 0.03 | arps: -0.00 | adr: 0.12 | sps: 107.41 | remaining: 11:44:40
rμ: 0.31 | rσ: 0.77 | sμ: 199.19 | sσ: 209.43 | Pμ: 0.50 | Pσ: 0.50 | Vμ: 0.15 | Vσ: 0.36 | num_steps: 524288 | entropy: 2.11 | value: 0.04 | policy_loss: -0.01 | value_loss: 0.01 | grad_norm: 0.03 | arps: -0.00 | adr: 0.10 | sps: 107.19 | remaining: 11:35:55
Saved training status
rμ: 0.44 | rσ: 0.67 | sμ: 216.64 | sσ: 218.60 | Pμ: 0.54 | Pσ: 0.50 | Vμ: 0.09 | Vσ: 0.28 | num_steps: 589824 | entropy: 2.09 | value: 0.04 | policy_loss: -0.02 | value_loss: 0.00 | grad_norm: 0.02 | arps: 0.01 | adr: 0.19 | sps: 107.29 | remaining: 11:25:04
rμ: 0.36 | rσ: 0.70 | sμ: 215.79 | sσ: 223.91 | Pμ: 0.49 | Pσ: 0.50 | Vμ: 0.11 | Vσ: 0.32 | num_steps: 655360 | entropy: 2.10 | value: 0.04 | policy_loss: -0.00 | value_loss: 0.00 | grad_norm: 0.02 | arps: 0.00 | adr: 0.17 | sps: 104.96 | remaining: 11:29:52
Saved training status
rμ: 0.38 | rσ: 0.69 | sμ: 220.89 | sσ: 221.99 | Pμ: 0.50 | Pσ: 0.50 | Vμ: 0.11 | Vσ: 0.31 | num_steps: 720896 | entropy: 2.10 | value: 0.04 | policy_loss: -0.00 | value_loss: 0.00 | grad_norm: 0.02 | arps: 0.01 | adr: 0.19 | sps: 107.46 | remaining: 11:03:39
rμ: 0.39 | rσ: 0.71 | sμ: 204.03 | sσ: 220.74 | Pμ: 0.52 | Pσ: 0.50 | Vμ: 0.10 | Vσ: 0.30 | num_steps: 786432 | entropy: 2.09 | value: 0.04 | policy_loss: -0.01 | value_loss: 0.00 | grad_norm: 0.02 | arps: 0.00 | adr: 0.17 | sps: 107.31 | remaining: 10:54:26
Saved training status
rμ: 0.48 | rσ: 0.67 | sμ: 192.36 | sσ: 215.74 | Pμ: 0.58 | Pσ: 0.49 | Vμ: 0.08 | Vσ: 0.28 | num_steps: 851968 | entropy: 2.09 | value: 0.06 | policy_loss: -0.01 | value_loss: 0.00 | grad_norm: 0.03 | arps: 0.01 | adr: 0.23 | sps: 107.18 | remaining: 10:45:01
rμ: 0.43 | rσ: 0.69 | sμ: 199.50 | sσ: 218.90 | Pμ: 0.54 | Pσ: 0.50 | Vμ: 0.10 | Vσ: 0.31 | num_steps: 917504 | entropy: 2.09 | value: 0.06 | policy_loss: 0.00 | value_loss: 0.00 | grad_norm: 0.02 | arps: 0.01 | adr: 0.19 | sps: 107.24 | remaining: 10:34:27
Saved training status
rμ: 0.47 | rσ: 0.66 | sμ: 207.84 | sσ: 220.83 | Pμ: 0.56 | Pσ: 0.50 | Vμ: 0.07 | Vσ: 0.26 | num_steps: 983040 | entropy: 2.09 | value: 0.05 | policy_loss: -0.01 | value_loss: 0.00 | grad_norm: 0.03 | arps: 0.01 | adr: 0.22 | sps: 105.58 | remaining: 10:34:07
rμ: 0.39 | rσ: 0.73 | sμ: 190.95 | sσ: 216.65 | Pμ: 0.54 | Pσ: 0.50 | Vμ: 0.13 | Vσ: 0.34 | num_steps: 1048576 | entropy: 2.09 | value: 0.05 | policy_loss: -0.00 | value_loss: 0.00 | grad_norm: 0.03 | arps: 0.01 | adr: 0.19 | sps: 103.53 | remaining: 10:36:07
Saved training status
rμ: 0.49 | rσ: 0.67 | sμ: 192.73 | sσ: 215.66 | Pμ: 0.59 | Pσ: 0.49 | Vμ: 0.09 | Vσ: 0.29 | num_steps: 1114112 | entropy: 2.08 | value: 0.06 | policy_loss: -0.01 | value_loss: 0.00 | grad_norm: 0.03 | arps: 0.02 | adr: 0.23 | sps: 100.08 | remaining: 10:47:06
rμ: 0.52 | rσ: 0.68 | sμ: 171.68 | sσ: 208.06 | Pμ: 0.62 | Pσ: 0.48 | Vμ: 0.09 | Vσ: 0.28 | num_steps: 1179648 | entropy: 2.06 | value: 0.07 | policy_loss: -0.01 | value_loss: 0.00 | grad_norm: 0.03 | arps: 0.02 | adr: 0.24 | sps: 97.26 | remaining: 10:54:38
Saved training status
rμ: 0.55 | rσ: 0.66 | sμ: 172.65 | sσ: 205.97 | Pμ: 0.65 | Pσ: 0.48 | Vμ: 0.08 | Vσ: 0.27 | num_steps: 1245184 | entropy: 2.05 | value: 0.08 | policy_loss: -0.00 | value_loss: 0.01 | grad_norm: 0.04 | arps: 0.02 | adr: 0.26 | sps: 97.95 | remaining: 10:38:55
rμ: 0.52 | rσ: 0.67 | sμ: 186.45 | sσ: 210.91 | Pμ: 0.62 | Pσ: 0.49 | Vμ: 0.08 | Vσ: 0.27 | num_steps: 1310720 | entropy: 2.06 | value: 0.07 | policy_loss: -0.01 | value_loss: 0.00 | grad_norm: 0.03 | arps: 0.01 | adr: 0.23 | sps: 95.13 | remaining: 10:46:22
Saved training status
rμ: 0.52 | rσ: 0.68 | sμ: 171.20 | sσ: 208.59 | Pμ: 0.62 | Pσ: 0.49 | Vμ: 0.10 | Vσ: 0.30 | num_steps: 1376256 | entropy: 2.05 | value: 0.08 | policy_loss: -0.00 | value_loss: 0.00 | grad_norm: 0.03 | arps: 0.01 | adr: 0.27 | sps: 103.51 | remaining: 9:43:28
rμ: 0.60 | rσ: 0.63 | sμ: 149.58 | sσ: 199.16 | Pμ: 0.68 | Pσ: 0.47 | Vμ: 0.07 | Vσ: 0.26 | num_steps: 1441792 | entropy: 2.03 | value: 0.10 | policy_loss: -0.00 | value_loss: 0.00 | grad_norm: 0.03 | arps: 0.03 | adr: 0.30 | sps: 102.71 | remaining: 9:37:24
Saved training status
rμ: 0.54 | rσ: 0.68 | sμ: 161.42 | sσ: 202.16 | Pμ: 0.65 | Pσ: 0.48 | Vμ: 0.09 | Vσ: 0.28 | num_steps: 1507328 | entropy: 2.05 | value: 0.08 | policy_loss: -0.00 | value_loss: 0.00 | grad_norm: 0.03 | arps: 0.02 | adr: 0.27 | sps: 101.40 | remaining: 9:34:05
rμ: 0.56 | rσ: 0.67 | sμ: 158.57 | sσ: 200.31 | Pμ: 0.66 | Pσ: 0.47 | Vμ: 0.09 | Vσ: 0.29 | num_steps: 1572864 | entropy: 2.03 | value: 0.09 | policy_loss: -0.00 | value_loss: 0.00 | grad_norm: 0.03 | arps: 0.02 | adr: 0.29 | sps: 98.42 | remaining: 9:40:22
Saved training status
rμ: 0.56 | rσ: 0.69 | sμ: 144.70 | sσ: 195.83 | Pμ: 0.67 | Pσ: 0.47 | Vμ: 0.10 | Vσ: 0.29 | num_steps: 1638400 | entropy: 2.03 | value: 0.09 | policy_loss: -0.00 | value_loss: 0.01 | grad_norm: 0.04 | arps: 0.03 | adr: 0.30 | sps: 109.26 | remaining: 8:32:48
rμ: 0.63 | rσ: 0.66 | sμ: 129.71 | sσ: 179.00 | Pμ: 0.73 | Pσ: 0.44 | Vμ: 0.08 | Vσ: 0.28 | num_steps: 1703936 | entropy: 1.99 | value: 0.12 | policy_loss: -0.00 | value_loss: 0.01 | grad_norm: 0.04 | arps: 0.02 | adr: 0.30 | sps: 115.47 | remaining: 7:55:44
Saved training status
rμ: 0.67 | rσ: 0.59 | sμ: 142.88 | sσ: 187.89 | Pμ: 0.73 | Pσ: 0.44 | Vμ: 0.05 | Vσ: 0.22 | num_steps: 1769472 | entropy: 2.00 | value: 0.11 | policy_loss: -0.01 | value_loss: 0.00 | grad_norm: 0.03 | arps: 0.03 | adr: 0.32 | sps: 98.46 | remaining: 9:06:48
rμ: 0.66 | rσ: 0.67 | sμ: 106.26 | sσ: 158.34 | Pμ: 0.77 | Pσ: 0.42 | Vμ: 0.10 | Vσ: 0.29 | num_steps: 1835008 | entropy: 1.94 | value: 0.18 | policy_loss: 0.00 | value_loss: 0.01 | grad_norm: 0.05 | arps: 0.03 | adr: 0.32 | sps: 97.34 | remaining: 9:01:55
Saved training status
rμ: 0.69 | rσ: 0.65 | sμ: 103.53 | sσ: 151.45 | Pμ: 0.80 | Pσ: 0.40 | Vμ: 0.10 | Vσ: 0.30 | num_steps: 1900544 | entropy: 1.92 | value: 0.18 | policy_loss: -0.00 | value_loss: 0.01 | grad_norm: 0.05 | arps: 0.03 | adr: 0.32 | sps: 95.86 | remaining: 8:58:53
rμ: 0.69 | rσ: 0.66 | sμ: 97.33 | sσ: 144.66 | Pμ: 0.80 | Pσ: 0.40 | Vμ: 0.10 | Vσ: 0.30 | num_steps: 1966080 | entropy: 1.90 | value: 0.20 | policy_loss: -0.00 | value_loss: 0.01 | grad_norm: 0.04 | arps: 0.01 | adr: 0.31 | sps: 94.99 | remaining: 8:52:19
Saved training status
================================================================================
Stage 0 completed.
================================================================================
rμ: 0.79 | rσ: 0.56 | sμ: 76.93 | sσ: 117.47 | Pμ: 0.87 | Pσ: 0.34 | Vμ: 0.07 | Vσ: 0.25 | num_steps: 2031616 | entropy: 1.81 | value: 0.25 | policy_loss: -0.02 | value_loss: 0.01 | grad_norm: 0.05 | arps: 0.03 | adr: 0.37 | sps: 97.43 | remaining: 8:27:46
rμ: 0.64 | rσ: 0.71 | sμ: 85.33 | sσ: 136.39 | Pμ: 0.78 | Pσ: 0.42 | Vμ: 0.13 | Vσ: 0.34 | num_steps: 2097152 | entropy: 1.87 | value: 0.27 | policy_loss: 0.03 | value_loss: 0.02 | grad_norm: 0.10 | arps: 0.02 | adr: 0.31 | sps: 114.14 | remaining: 7:03:52
Saved training status
rμ: 0.61 | rσ: 0.73 | sμ: 89.52 | sσ: 144.09 | Pμ: 0.76 | Pσ: 0.43 | Vμ: 0.14 | Vσ: 0.34 | num_steps: 2162688 | entropy: 1.89 | value: 0.26 | policy_loss: 0.03 | value_loss: 0.02 | grad_norm: 0.09 | arps: 0.03 | adr: 0.31 | sps: 112.72 | remaining: 6:59:30
rμ: 0.60 | rσ: 0.75 | sμ: 85.29 | sσ: 140.72 | Pμ: 0.75 | Pσ: 0.43 | Vμ: 0.15 | Vσ: 0.36 | num_steps: 2228224 | entropy: 1.89 | value: 0.25 | policy_loss: 0.03 | value_loss: 0.02 | grad_norm: 0.09 | arps: 0.03 | adr: 0.30 | sps: 100.37 | remaining: 7:40:14
Saved training status
rμ: 0.67 | rσ: 0.69 | sμ: 81.01 | sσ: 131.79 | Pμ: 0.80 | Pσ: 0.40 | Vμ: 0.12 | Vσ: 0.33 | num_steps: 2293760 | entropy: 1.85 | value: 0.26 | policy_loss: 0.02 | value_loss: 0.02 | grad_norm: 0.08 | arps: 0.03 | adr: 0.33 | sps: 113.53 | remaining: 6:37:17
rμ: 0.65 | rσ: 0.71 | sμ: 75.45 | sσ: 130.20 | Pμ: 0.79 | Pσ: 0.41 | Vμ: 0.13 | Vσ: 0.33 | num_steps: 2359296 | entropy: 1.84 | value: 0.28 | policy_loss: 0.02 | value_loss: 0.02 | grad_norm: 0.10 | arps: 0.02 | adr: 0.33 | sps: 109.27 | remaining: 6:42:46
Saved training status
rμ: 0.66 | rσ: 0.71 | sμ: 70.72 | sσ: 118.71 | Pμ: 0.80 | Pσ: 0.40 | Vμ: 0.13 | Vσ: 0.34 | num_steps: 2424832 | entropy: 1.82 | value: 0.29 | policy_loss: 0.02 | value_loss: 0.02 | grad_norm: 0.09 | arps: 0.03 | adr: 0.33 | sps: 102.49 | remaining: 6:58:47
rμ: 0.66 | rσ: 0.72 | sμ: 67.21 | sσ: 112.66 | Pμ: 0.80 | Pσ: 0.40 | Vμ: 0.14 | Vσ: 0.35 | num_steps: 2490368 | entropy: 1.80 | value: 0.31 | policy_loss: 0.02 | value_loss: 0.02 | grad_norm: 0.10 | arps: 0.02 | adr: 0.32 | sps: 98.76 | remaining: 7:03:32
Saved training status
rμ: 0.66 | rσ: 0.71 | sμ: 73.22 | sσ: 123.77 | Pμ: 0.80 | Pσ: 0.40 | Vμ: 0.13 | Vσ: 0.34 | num_steps: 2555904 | entropy: 1.82 | value: 0.26 | policy_loss: 0.02 | value_loss: 0.02 | grad_norm: 0.08 | arps: 0.03 | adr: 0.36 | sps: 99.70 | remaining: 6:48:34
rμ: 0.68 | rσ: 0.69 | sμ: 71.15 | sσ: 122.26 | Pμ: 0.81 | Pσ: 0.39 | Vμ: 0.12 | Vσ: 0.33 | num_steps: 2621440 | entropy: 1.80 | value: 0.28 | policy_loss: 0.02 | value_loss: 0.02 | grad_norm: 0.08 | arps: 0.03 | adr: 0.35 | sps: 100.86 | remaining: 6:33:03
Saved training status
rμ: 0.63 | rσ: 0.74 | sμ: 68.29 | sσ: 117.16 | Pμ: 0.79 | Pσ: 0.41 | Vμ: 0.15 | Vσ: 0.35 | num_steps: 2686976 | entropy: 1.78 | value: 0.26 | policy_loss: 0.01 | value_loss: 0.02 | grad_norm: 0.09 | arps: 0.02 | adr: 0.32 | sps: 98.90 | remaining: 6:29:47
rμ: 0.62 | rσ: 0.76 | sμ: 61.44 | sσ: 106.08 | Pμ: 0.79 | Pσ: 0.41 | Vμ: 0.16 | Vσ: 0.37 | num_steps: 2752512 | entropy: 1.76 | value: 0.32 | policy_loss: 0.03 | value_loss: 0.02 | grad_norm: 0.10 | arps: 0.02 | adr: 0.31 | sps: 100.84 | remaining: 6:11:28
Saved training status
rμ: 0.69 | rσ: 0.70 | sμ: 58.65 | sσ: 99.55 | Pμ: 0.82 | Pσ: 0.38 | Vμ: 0.14 | Vσ: 0.34 | num_steps: 2818048 | entropy: 1.71 | value: 0.32 | policy_loss: 0.01 | value_loss: 0.02 | grad_norm: 0.09 | arps: 0.03 | adr: 0.36 | sps: 102.39 | remaining: 5:55:11
rμ: 0.72 | rσ: 0.66 | sμ: 64.81 | sσ: 109.92 | Pμ: 0.84 | Pσ: 0.37 | Vμ: 0.11 | Vσ: 0.32 | num_steps: 2883584 | entropy: 1.76 | value: 0.32 | policy_loss: 0.02 | value_loss: 0.02 | grad_norm: 0.09 | arps: 0.03 | adr: 0.38 | sps: 101.11 | remaining: 5:48:52
Saved training status
rμ: 0.73 | rσ: 0.64 | sμ: 66.36 | sσ: 111.19 | Pμ: 0.84 | Pσ: 0.37 | Vμ: 0.11 | Vσ: 0.31 | num_steps: 2949120 | entropy: 1.76 | value: 0.35 | policy_loss: 0.03 | value_loss: 0.02 | grad_norm: 0.08 | arps: 0.03 | adr: 0.37 | sps: 102.32 | remaining: 5:34:04
rμ: 0.72 | rσ: 0.66 | sμ: 59.47 | sσ: 104.29 | Pμ: 0.84 | Pσ: 0.37 | Vμ: 0.12 | Vσ: 0.32 | num_steps: 3014656 | entropy: 1.72 | value: 0.33 | policy_loss: 0.01 | value_loss: 0.02 | grad_norm: 0.08 | arps: 0.03 | adr: 0.36 | sps: 131.07 | remaining: 4:12:27
Saved training status
rμ: 0.73 | rσ: 0.66 | sμ: 53.18 | sσ: 93.20 | Pμ: 0.85 | Pσ: 0.36 | Vμ: 0.12 | Vσ: 0.32 | num_steps: 3080192 | entropy: 1.67 | value: 0.36 | policy_loss: 0.01 | value_loss: 0.02 | grad_norm: 0.09 | arps: 0.03 | adr: 0.39 | sps: 159.91 | remaining: 3:20:05
rμ: 0.73 | rσ: 0.65 | sμ: 58.25 | sσ: 101.14 | Pμ: 0.85 | Pσ: 0.36 | Vμ: 0.11 | Vσ: 0.31 | num_steps: 3145728 | entropy: 1.70 | value: 0.36 | policy_loss: 0.02 | value_loss: 0.02 | grad_norm: 0.08 | arps: 0.04 | adr: 0.38 | sps: 159.48 | remaining: 3:13:47
Saved training status
rμ: 0.72 | rσ: 0.67 | sμ: 54.73 | sσ: 95.21 | Pμ: 0.84 | Pσ: 0.37 | Vμ: 0.11 | Vσ: 0.32 | num_steps: 3211264 | entropy: 1.69 | value: 0.36 | policy_loss: 0.01 | value_loss: 0.02 | grad_norm: 0.09 | arps: 0.03 | adr: 0.37 | sps: 162.31 | remaining: 3:03:40
rμ: 0.75 | rσ: 0.64 | sμ: 54.99 | sσ: 95.20 | Pμ: 0.85 | Pσ: 0.35 | Vμ: 0.11 | Vσ: 0.31 | num_steps: 3276800 | entropy: 1.66 | value: 0.37 | policy_loss: 0.01 | value_loss: 0.02 | grad_norm: 0.09 | arps: 0.04 | adr: 0.40 | sps: 160.02 | remaining: 2:59:28
Saved training status
rμ: 0.74 | rσ: 0.65 | sμ: 50.20 | sσ: 86.95 | Pμ: 0.86 | Pσ: 0.35 | Vμ: 0.12 | Vσ: 0.32 | num_steps: 3342336 | entropy: 1.62 | value: 0.38 | policy_loss: 0.01 | value_loss: 0.02 | grad_norm: 0.09 | arps: 0.04 | adr: 0.39 | sps: 159.57 | remaining: 2:53:08
rμ: 0.75 | rσ: 0.64 | sμ: 51.08 | sσ: 86.91 | Pμ: 0.86 | Pσ: 0.34 | Vμ: 0.10 | Vσ: 0.30 | num_steps: 3407872 | entropy: 1.63 | value: 0.38 | policy_loss: 0.01 | value_loss: 0.02 | grad_norm: 0.09 | arps: 0.03 | adr: 0.41 | sps: 163.74 | remaining: 2:42:03
Saved training status
rμ: 0.75 | rσ: 0.64 | sμ: 52.47 | sσ: 90.58 | Pμ: 0.86 | Pσ: 0.35 | Vμ: 0.11 | Vσ: 0.31 | num_steps: 3473408 | entropy: 1.63 | value: 0.39 | policy_loss: 0.02 | value_loss: 0.02 | grad_norm: 0.09 | arps: 0.03 | adr: 0.39 | sps: 160.74 | remaining: 2:38:17
rμ: 0.75 | rσ: 0.64 | sμ: 50.18 | sσ: 86.39 | Pμ: 0.86 | Pσ: 0.35 | Vμ: 0.11 | Vσ: 0.31 | num_steps: 3538944 | entropy: 1.60 | value: 0.39 | policy_loss: 0.01 | value_loss: 0.02 | grad_norm: 0.09 | arps: 0.04 | adr: 0.40 | sps: 109.53 | remaining: 3:42:18
Saved training status
rμ: 0.73 | rσ: 0.67 | sμ: 50.07 | sσ: 87.21 | Pμ: 0.85 | Pσ: 0.36 | Vμ: 0.12 | Vσ: 0.32 | num_steps: 3604480 | entropy: 1.62 | value: 0.39 | policy_loss: 0.02 | value_loss: 0.02 | grad_norm: 0.10 | arps: 0.03 | adr: 0.39 | sps: 112.07 | remaining: 3:27:32
rμ: 0.76 | rσ: 0.63 | sμ: 47.09 | sσ: 80.74 | Pμ: 0.87 | Pσ: 0.34 | Vμ: 0.10 | Vσ: 0.31 | num_steps: 3670016 | entropy: 1.58 | value: 0.41 | policy_loss: 0.01 | value_loss: 0.02 | grad_norm: 0.09 | arps: 0.03 | adr: 0.41 | sps: 109.55 | remaining: 3:22:20
Saved training status
rμ: 0.78 | rσ: 0.60 | sμ: 50.10 | sσ: 84.27 | Pμ: 0.88 | Pσ: 0.33 | Vμ: 0.09 | Vσ: 0.29 | num_steps: 3735552 | entropy: 1.58 | value: 0.42 | policy_loss: 0.01 | value_loss: 0.02 | grad_norm: 0.09 | arps: 0.04 | adr: 0.42 | sps: 109.19 | remaining: 3:12:59
rμ: 0.75 | rσ: 0.64 | sμ: 48.93 | sσ: 84.43 | Pμ: 0.86 | Pσ: 0.34 | Vμ: 0.11 | Vσ: 0.31 | num_steps: 3801088 | entropy: 1.60 | value: 0.40 | policy_loss: 0.01 | value_loss: 0.02 | grad_norm: 0.09 | arps: 0.03 | adr: 0.40 | sps: 109.74 | remaining: 3:02:05
Saved training status
rμ: 0.75 | rσ: 0.63 | sμ: 52.43 | sσ: 90.93 | Pμ: 0.86 | Pσ: 0.35 | Vμ: 0.11 | Vσ: 0.31 | num_steps: 3866624 | entropy: 1.63 | value: 0.37 | policy_loss: 0.02 | value_loss: 0.02 | grad_norm: 0.09 | arps: 0.04 | adr: 0.40 | sps: 110.09 | remaining: 2:51:35
rμ: 0.77 | rσ: 0.61 | sμ: 50.42 | sσ: 86.04 | Pμ: 0.87 | Pσ: 0.33 | Vμ: 0.10 | Vσ: 0.30 | num_steps: 3932160 | entropy: 1.61 | value: 0.40 | policy_loss: 0.01 | value_loss: 0.02 | grad_norm: 0.08 | arps: 0.03 | adr: 0.41 | sps: 110.30 | remaining: 2:41:21
Saved training status
rμ: 0.80 | rσ: 0.58 | sμ: 50.46 | sσ: 86.32 | Pμ: 0.88 | Pσ: 0.32 | Vμ: 0.09 | Vσ: 0.28 | num_steps: 3997696 | entropy: 1.61 | value: 0.40 | policy_loss: 0.01 | value_loss: 0.02 | grad_norm: 0.08 | arps: 0.04 | adr: 0.44 | sps: 109.61 | remaining: 2:32:24
rμ: 0.79 | rσ: 0.60 | sμ: 45.56 | sσ: 76.64 | Pμ: 0.88 | Pσ: 0.32 | Vμ: 0.09 | Vσ: 0.29 | num_steps: 4063232 | entropy: 1.55 | value: 0.42 | policy_loss: 0.00 | value_loss: 0.02 | grad_norm: 0.09 | arps: 0.04 | adr: 0.43 | sps: 109.90 | remaining: 2:22:03
Saved training status
rμ: 0.78 | rσ: 0.61 | sμ: 51.48 | sσ: 89.64 | Pμ: 0.87 | Pσ: 0.33 | Vμ: 0.10 | Vσ: 0.30 | num_steps: 4128768 | entropy: 1.64 | value: 0.38 | policy_loss: 0.01 | value_loss: 0.02 | grad_norm: 0.09 | arps: 0.03 | adr: 0.42 | sps: 109.39 | remaining: 2:12:44
rμ: 0.82 | rσ: 0.54 | sμ: 53.67 | sσ: 94.93 | Pμ: 0.90 | Pσ: 0.31 | Vμ: 0.07 | Vσ: 0.25 | num_steps: 4194304 | entropy: 1.62 | value: 0.40 | policy_loss: 0.01 | value_loss: 0.01 | grad_norm: 0.08 | arps: 0.05 | adr: 0.45 | sps: 111.32 | remaining: 2:00:37
Saved training status
rμ: 0.80 | rσ: 0.58 | sμ: 45.87 | sσ: 78.53 | Pμ: 0.89 | Pσ: 0.31 | Vμ: 0.08 | Vσ: 0.28 | num_steps: 4259840 | entropy: 1.56 | value: 0.44 | policy_loss: 0.02 | value_loss: 0.02 | grad_norm: 0.08 | arps: 0.04 | adr: 0.44 | sps: 111.35 | remaining: 1:50:46
rμ: 0.80 | rσ: 0.56 | sμ: 55.87 | sσ: 101.11 | Pμ: 0.88 | Pσ: 0.33 | Vμ: 0.07 | Vσ: 0.26 | num_steps: 4325376 | entropy: 1.67 | value: 0.37 | policy_loss: 0.02 | value_loss: 0.01 | grad_norm: 0.08 | arps: 0.04 | adr: 0.45 | sps: 109.19 | remaining: 1:42:58
Saved training status
rμ: 0.78 | rσ: 0.60 | sμ: 47.37 | sσ: 81.81 | Pμ: 0.88 | Pσ: 0.33 | Vμ: 0.09 | Vσ: 0.29 | num_steps: 4390912 | entropy: 1.58 | value: 0.41 | policy_loss: 0.02 | value_loss: 0.02 | grad_norm: 0.09 | arps: 0.04 | adr: 0.44 | sps: 111.22 | remaining: 1:31:16
rμ: 0.80 | rσ: 0.58 | sμ: 46.24 | sσ: 80.72 | Pμ: 0.89 | Pσ: 0.32 | Vμ: 0.08 | Vσ: 0.28 | num_steps: 4456448 | entropy: 1.58 | value: 0.41 | policy_loss: 0.01 | value_loss: 0.02 | grad_norm: 0.08 | arps: 0.04 | adr: 0.44 | sps: 108.92 | remaining: 1:23:10
Saved training status
rμ: 0.80 | rσ: 0.58 | sμ: 45.71 | sσ: 79.39 | Pμ: 0.89 | Pσ: 0.31 | Vμ: 0.08 | Vσ: 0.28 | num_steps: 4521984 | entropy: 1.55 | value: 0.42 | policy_loss: 0.01 | value_loss: 0.02 | grad_norm: 0.08 | arps: 0.04 | adr: 0.45 | sps: 109.51 | remaining: 1:12:45
rμ: 0.80 | rσ: 0.59 | sμ: 43.88 | sσ: 75.12 | Pμ: 0.89 | Pσ: 0.32 | Vμ: 0.09 | Vσ: 0.29 | num_steps: 4587520 | entropy: 1.52 | value: 0.45 | policy_loss: 0.01 | value_loss: 0.02 | grad_norm: 0.09 | arps: 0.04 | adr: 0.44 | sps: 109.60 | remaining: 1:02:43
Saved training status
rμ: 0.81 | rσ: 0.56 | sμ: 44.48 | sσ: 75.51 | Pμ: 0.90 | Pσ: 0.31 | Vμ: 0.08 | Vσ: 0.27 | num_steps: 4653056 | entropy: 1.54 | value: 0.45 | policy_loss: 0.01 | value_loss: 0.02 | grad_norm: 0.08 | arps: 0.04 | adr: 0.45 | sps: 109.70 | remaining: 0:52:42
rμ: 0.82 | rσ: 0.55 | sμ: 44.96 | sσ: 76.46 | Pμ: 0.90 | Pσ: 0.30 | Vμ: 0.07 | Vσ: 0.26 | num_steps: 4718592 | entropy: 1.52 | value: 0.45 | policy_loss: 0.01 | value_loss: 0.02 | grad_norm: 0.09 | arps: 0.05 | adr: 0.46 | sps: 103.77 | remaining: 0:45:11
Saved training status
rμ: 0.80 | rσ: 0.59 | sμ: 42.71 | sσ: 71.47 | Pμ: 0.89 | Pσ: 0.31 | Vμ: 0.09 | Vσ: 0.28 | num_steps: 4784128 | entropy: 1.50 | value: 0.46 | policy_loss: 0.01 | value_loss: 0.02 | grad_norm: 0.10 | arps: 0.04 | adr: 0.44 | sps: 104.19 | remaining: 0:34:31
rμ: 0.83 | rσ: 0.53 | sμ: 43.07 | sσ: 69.81 | Pμ: 0.91 | Pσ: 0.29 | Vμ: 0.07 | Vσ: 0.26 | num_steps: 4849664 | entropy: 1.45 | value: 0.47 | policy_loss: 0.00 | value_loss: 0.02 | grad_norm: 0.08 | arps: 0.05 | adr: 0.46 | sps: 103.29 | remaining: 0:24:15
Saved training status
rμ: 0.82 | rσ: 0.56 | sμ: 42.66 | sσ: 71.07 | Pμ: 0.90 | Pσ: 0.30 | Vμ: 0.08 | Vσ: 0.27 | num_steps: 4915200 | entropy: 1.48 | value: 0.46 | policy_loss: 0.00 | value_loss: 0.01 | grad_norm: 0.08 | arps: 0.04 | adr: 0.46 | sps: 104.37 | remaining: 0:13:32
rμ: 0.85 | rσ: 0.50 | sμ: 43.87 | sσ: 75.74 | Pμ: 0.92 | Pσ: 0.28 | Vμ: 0.06 | Vσ: 0.24 | num_steps: 4980736 | entropy: 1.47 | value: 0.44 | policy_loss: -0.00 | value_loss: 0.01 | grad_norm: 0.08 | arps: 0.05 | adr: 0.48 | sps: 101.49 | remaining: 0:03:09
Saved training status
rμ: 0.80 | rσ: 0.58 | sμ: 42.03 | sσ: 71.66 | Pμ: 0.89 | Pσ: 0.31 | Vμ: 0.09 | Vσ: 0.28 | num_steps: 5046272 | entropy: 1.46 | value: 0.45 | policy_loss: 0.01 | value_loss: 0.02 | grad_norm: 0.09 | arps: 0.04 | adr: 0.45 | sps: 105.75 | remaining: 0:00:00
Training took 12:49:59.
